[2026-10-08 02:54:28 TP0] Init parallel begin.
[2026-10-08 02:54:29 TP0] Init parallel ends. elapsed=0.25 s
[2026-10-08 02:54:29 TP0] Memory baseline taken. mem usage=0.00 GB
/root/qvl/venv-sgl/lib/python3.12/site-packages/torch/jit/_script.py:1491: FutureWarning: `torch.jit.script` is deprecated. Please switch to `torch.compile` or `torch.export`.
  warnings.warn(
/root/qvl/venv-sgl/lib/python3.12/site-packages/torch/jit/_script.py:1643: FutureWarning: `torch.jit.interface` is deprecated. Please use `torch.compile` instead.
  warnings.warn(
/root/qvl/venv-sgl/lib/python3.12/site-packages/torch/jit/_script.py:1491: FutureWarning: `torch.jit.script` is deprecated. Please switch to `torch.compile` or `torch.export`.
  warnings.warn(
[2026-10-08 02:54:29 TP0] Load weight begin. avail mem=266.92 GB
[2026-10-08 02:54:30 TP0] Multimodal attention backend not set. Use fa4.
[2026-10-08 02:54:30 TP0] Using fa4 as multimodal attention backend.
Multi-thread loading shards:   0% Completed | 0/2 [00:00<?, ?it/s]Multi-thread loading shards:  50% Completed | 1/2 [00:00<00:00,  1.04it/s]Multi-thread loading shards: 100% Completed | 2/2 [00:02<00:00,  1.01s/it]Multi-thread loading shards: 100% Completed | 2/2 [00:02<00:00,  1.00s/it]
[2026-10-08 02:54:32 TP0] Load weight end. elapsed=2.69 s, type=Qwen3VLForConditionalGeneration, avail mem=258.39 GB, mem usage=8.53 GB.
[2026-10-08 02:54:32 TP0] Reserving 0.10 GB of the KV budget for post-sizing multimodal allocations (feature-transport pools + embedding cache).
[2026-10-08 02:54:33 TP0] KV Cache is allocated. dtype: torch.bfloat16, #tokens: 1613440, K size: 110.79 GB, V size: 110.79 GB
[2026-10-08 02:54:33 TP0] Memory pool end. avail mem=33.65 GB
[2026-10-08 02:54:33 TP0] Running FlashInfer autotune with cache: /root/qvl/experiments/lmhead-production/model/candidate/sglang-cache/flashinfer/autotune/0.7.0.post1/sm103/e601f2ea17165ebf/rank_tp0_pp0_dp0.json
[AutoTuner]: Tuning bf16_gemm:   0%|          | 0/1 [00:00<?, ?profile/s][AutoTuner]: Tuning bf16_gemm: 100%|██████████| 1/1 [00:00<00:00,  2.08profile/s][AutoTuner]: Tuning bf16_gemm: 100%|██████████| 1/1 [00:00<00:00,  2.08profile/s]
[AutoTuner]: Tuning bf16_gemm:   0%|          | 0/1 [00:00<?, ?profile/s][AutoTuner]: Tuning bf16_gemm: 100%|██████████| 1/1 [00:00<00:00, 10.29profile/s]
[AutoTuner]: Tuning bf16_gemm:   0%|          | 0/1 [00:00<?, ?profile/s][AutoTuner]: Tuning bf16_gemm: 100%|██████████| 1/1 [00:00<00:00, 20.19profile/s]
[2026-10-08 02:54:36 TP0] FlashInfer autotune completed.
[2026-10-08 02:54:36 TP0] Disable prefill CUDA graph because cuda_graph_config resolved prefill.backend='disabled' (e.g. via --cuda-graph-backend-prefill=disabled or auto-disable rules).
[2026-10-08 02:54:36 TP0] Capture target decode CUDA graph begin. backend=full, num_tokens_per_req=1, bs=[1, 2, 4], avail mem=32.28 GB
  0%|          | 0/3 [00:00<?, ?it/s]Capturing batches (bs=4 avail_mem=32.28 GB):   0%|          | 0/3 [00:00<?, ?it/s]Capturing batches (bs=4 avail_mem=32.28 GB):  33%|███▎      | 1/3 [00:01<00:02,  1.18s/it]Capturing batches (bs=2 avail_mem=32.23 GB):  33%|███▎      | 1/3 [00:01<00:02,  1.18s/it]Capturing batches (bs=2 avail_mem=32.23 GB):  67%|██████▋   | 2/3 [00:01<00:00,  1.79it/s]Capturing batches (bs=1 avail_mem=32.23 GB):  67%|██████▋   | 2/3 [00:01<00:00,  1.79it/s]Capturing batches (bs=1 avail_mem=32.23 GB): 100%|██████████| 3/3 [00:01<00:00,  2.21it/s]Capturing batches (bs=1 avail_mem=32.23 GB): 100%|██████████| 3/3 [00:01<00:00,  1.84it/s]
[2026-10-08 02:54:38 TP0] Capture target decode CUDA graph end. elapsed=2.42 s, mem usage=0.05 GB, avail mem=32.22 GB.
max_total_num_tokens=1613440
Warmup ...
Benchmark ...
