# gpu         pid   type     sm    mem    enc    dec    jpg    ofa    command 
# Idx           #    C/G      %      %      %      %      %      %    name 
    0          -     -      -      -      -      -      -      -    -              
    0          -     -      -      -      -      -      -      -    -              
    0          -     -      -      -      -      -      -      -    -              
    0          -     -      -      -      -      -      -      -    -              
    0          -     -      -      -      -      -      -      -    -              
    0          -     -      -      -      -      -      -      -    -              
    0          -     -      -      -      -      -      -      -    -              
    0          -     -      -      -      -      -      -      -    -              
    0          -     -      -      -      -      -      -      -    -              
    0          -     -      -      -      -      -      -      -    -              
    0          -     -      -      -      -      -      -      -    -              
    0          -     -      -      -      -      -      -      -    -              
    0          -     -      -      -      -      -      -      -    -              
    0          -     -      -      -      -      -      -      -    -              
    0          -     -      -      -      -      -      -      -    -              
    0          -     -      -      -      -      -      -      -    -              
    0          -     -      -      -      -      -      -      -    -              
    0          -     -      -      -      -      -      -      -    -              
    0          -     -      -      -      -      -      -      -    -              
    0    3135810     C      -      -      -      -      -      -    sglang::schedul
    0    3135810     C      0      0      -      -      -      -    sglang::schedul
    0    3135810     C      0      0      -      -      -      -    sglang::schedul
    0    3135810     C      0      0      -      -      -      -    sglang::schedul
    0    3135810     C      0      0      -      -      -      -    sglang::schedul
    0    3135810     C      4      0      -      -      -      -    sglang::schedul
    0    3135810     C     10      0      -      -      -      -    sglang::schedul
    0    3135810     C      5      0      -      -      -      -    sglang::schedul
    0    3135810     C      0      0      -      -      -      -    sglang::schedul
    0    3135810     C      3      1      -      -      -      -    sglang::schedul
    0    3135810     C      0      0      -      -      -      -    sglang::schedul
    0    3135810     C      1      0      -      -      -      -    sglang::schedul
    0    3135810     C     16      3      -      -      -      -    sglang::schedul
    0    3135810     C     12      3      -      -      -      -    sglang::schedul
    0    3135810     C      7      2      -      -      -      -    sglang::schedul
    0    3135810     C      5      1      -      -      -      -    sglang::schedul
    0    3135810     C      3      0      -      -      -      -    sglang::schedul
    0    3135810     C      1      0      -      -      -      -    sglang::schedul
    0    3135810     C      0      0      -      -      -      -    sglang::schedul
    0    3135017     C      0      0      0      0      0      -    python         
    0    3135017     C      0      0      -      -      -      -    python         
    0    3135810     C      0      0      -      -      -      -    sglang::schedul
    0    3135017     C      0      0      -      -      -      -    python         
    0    3135810     C      0      0      -      -      -      -    sglang::schedul
    0    3135017     C      -      -      -      -      -      -    python         
# gpu         pid   type     sm    mem    enc    dec    jpg    ofa    command 
# Idx           #    C/G      %      %      %      %      %      %    name 
    0    3135810     C      1      0      -      -      -      -    sglang::schedul
    0    3135017     C      -      -      -      -      -      -    python         
    0    3135810     C      0      0      -      -      -      -    sglang::schedul
    0    3135017     C      -      -      -      -      -      -    python         
    0    3135810     C      0      0      -      -      -      -    sglang::schedul
    0    3135017     C      -      -      -      -      -      -    python         
    0    3135810     C     21      4      -      -      -      -    sglang::schedul
    0    3135017     C      -      -      -      -      -      -    python         
    0    3135810     C     23      4      -      -      -      -    sglang::schedul
    0    3135017     C      -      -      -      -      -      -    python         
    0    3135810     C     47     25      -      -      -      -    sglang::schedul
    0    3135017     C      -      -      -      -      -      -    python         
    0    3135810     C     99     57      -      -      -      -    sglang::schedul
    0    3135017     C      -      -      -      -      -      -    python         
    0    3135810     C     97     55      -      -      -      -    sglang::schedul
    0    3135017     C      -      -      -      -      -      -    python         
    0    3135810     C     98     57      -      -      -      -    sglang::schedul
    0    3135017     C      -      -      -      -      -      -    python         
    0    3135810     C     99     57      -      -      -      -    sglang::schedul
    0    3135017     C      -      -      -      -      -      -    python         
    0    3135810     C     97     55      -      -      -      -    sglang::schedul
    0    3135017     C      -      -      -      -      -      -    python         
    0    3135810     C     98     57      -      -      -      -    sglang::schedul
    0    3135017     C      -      -      -      -      -      -    python         
    0    3135810     C     97     56      -      -      -      -    sglang::schedul
    0    3135017     C      -      -      -      -      -      -    python         
    0    3135810     C     97     55      -      -      -      -    sglang::schedul
    0    3135017     C      -      -      -      -      -      -    python         
    0    3135810     C     99     57      -      -      -      -    sglang::schedul
    0    3135017     C      -      -      -      -      -      -    python         
    0    3135810     C     97     55      -      -      -      -    sglang::schedul
    0    3135017     C      -      -      -      -      -      -    python         
    0    3135810     C     97     55      -      -      -      -    sglang::schedul
    0    3135017     C      -      -      -      -      -      -    python         
    0    3135810     C     99     57      -      -      -      -    sglang::schedul
    0    3135017     C      -      -      -      -      -      -    python         
    0    3135810     C     98     55      -      -      -      -    sglang::schedul
    0    3135017     C      -      -      -      -      -      -    python         
    0    3135810     C     99     57      -      -      -      -    sglang::schedul
    0    3135017     C      -      -      -      -      -      -    python         
    0    3135810     C     98     56      -      -      -      -    sglang::schedul
    0    3135017     C      -      -      -      -      -      -    python         
    0    3135810     C     98     55      -      -      -      -    sglang::schedul
    0    3135017     C      -      -      -      -      -      -    python         
# gpu         pid   type     sm    mem    enc    dec    jpg    ofa    command 
# Idx           #    C/G      %      %      %      %      %      %    name 
    0    3135810     C     99     57      -      -      -      -    sglang::schedul
    0    3135017     C      -      -      -      -      -      -    python         
    0    3135810     C     98     56      -      -      -      -    sglang::schedul
    0    3135017     C      -      -      -      -      -      -    python         
    0    3135810     C     99     57      -      -      -      -    sglang::schedul
    0    3135017     C      -      -      -      -      -      -    python         
    0    3135810     C     97     55      -      -      -      -    sglang::schedul
    0    3135017     C      -      -      -      -      -      -    python         
    0    3135810     C     97     54      -      -      -      -    sglang::schedul
    0    3135017     C      -      -      -      -      -      -    python         
    0    3135810     C     99     57      -      -      -      -    sglang::schedul
    0    3135017     C      -      -      -      -      -      -    python         
    0    3135810     C     97     55      -      -      -      -    sglang::schedul
    0    3135017     C      -      -      -      -      -      -    python         
    0    3135810     C     98     57      -      -      -      -    sglang::schedul
    0    3135017     C      -      -      -      -      -      -    python         
    0    3135810     C     98     57      -      -      -      -    sglang::schedul
    0    3135017     C      -      -      -      -      -      -    python         
    0    3135810     C     97     55      -      -      -      -    sglang::schedul
    0    3135017     C      -      -      -      -      -      -    python         
    0    3135810     C     98     57      -      -      -      -    sglang::schedul
    0    3135017     C      -      -      -      -      -      -    python         
    0    3135810     C     98     57      -      -      -      -    sglang::schedul
    0    3135017     C      -      -      -      -      -      -    python         
    0    3135810     C     97     55      -      -      -      -    sglang::schedul
    0    3135017     C      -      -      -      -      -      -    python         
    0    3135810     C     99     57      -      -      -      -    sglang::schedul
    0    3135017     C      -      -      -      -      -      -    python         
    0    3135810     C     98     56      -      -      -      -    sglang::schedul
    0    3135017     C      -      -      -      -      -      -    python         
    0    3135810     C     98     55      -      -      -      -    sglang::schedul
    0    3135017     C      -      -      -      -      -      -    python         
    0    3135810     C     99     57      -      -      -      -    sglang::schedul
    0    3135017     C      -      -      -      -      -      -    python         
    0    3135810     C     97     55      -      -      -      -    sglang::schedul
    0    3135017     C      -      -      -      -      -      -    python         
    0    3135810     C     99     56      -      -      -      -    sglang::schedul
    0    3135017     C      -      -      -      -      -      -    python         
    0    3135810     C     98     56      -      -      -      -    sglang::schedul
    0    3135017     C      -      -      -      -      -      -    python         
    0    3135810     C     98     55      -      -      -      -    sglang::schedul
    0    3135017     C      -      -      -      -      -      -    python         
    0    3135810     C     99     57      -      -      -      -    sglang::schedul
    0    3135017     C      -      -      -      -      -      -    python         
# gpu         pid   type     sm    mem    enc    dec    jpg    ofa    command 
# Idx           #    C/G      %      %      %      %      %      %    name 
    0    3135810     C     98     56      -      -      -      -    sglang::schedul
    0    3135017     C      -      -      -      -      -      -    python         
    0    3135810     C     99     57      -      -      -      -    sglang::schedul
    0    3135017     C      -      -      -      -      -      -    python         
    0    3135810     C     99     58      -      -      -      -    sglang::schedul
    0    3135017     C      -      -      -      -      -      -    python         
    0    3135810     C     97     54      -      -      -      -    sglang::schedul
    0    3135017     C      -      -      -      -      -      -    python         
    0    3135810     C     99     57      -      -      -      -    sglang::schedul
    0    3135017     C      -      -      -      -      -      -    python         
    0    3135810     C     97     55      -      -      -      -    sglang::schedul
    0    3135017     C      -      -      -      -      -      -    python         
    0    3135810     C     99     55      -      -      -      -    sglang::schedul
    0    3135017     C      -      -      -      -      -      -    python         
    0    3135810     C     98     58      -      -      -      -    sglang::schedul
    0    3135017     C      -      -      -      -      -      -    python         
    0    3135810     C     97     56      -      -      -      -    sglang::schedul
    0    3135017     C      -      -      -      -      -      -    python         
    0    3135810     C     98     58      -      -      -      -    sglang::schedul
    0    3135017     C      -      -      -      -      -      -    python         
    0    3135810     C     98     57      -      -      -      -    sglang::schedul
    0    3135017     C      -      -      -      -      -      -    python         
    0    3135810     C     97     55      -      -      -      -    sglang::schedul
    0    3135017     C      -      -      -      -      -      -    python         
    0    3135810     C     98     57      -      -      -      -    sglang::schedul
    0    3135017     C      -      -      -      -      -      -    python         
    0    3135810     C     97     56      -      -      -      -    sglang::schedul
    0    3135017     C      -      -      -      -      -      -    python         
    0    3135810     C     97     55      -      -      -      -    sglang::schedul
    0    3135017     C      -      -      -      -      -      -    python         
    0    3135810     C     99     57      -      -      -      -    sglang::schedul
    0    3135017     C      -      -      -      -      -      -    python         
    0    3135810     C     97     56      -      -      -      -    sglang::schedul
    0    3135017     C      -      -      -      -      -      -    python         
    0    3135810     C     99     56      -      -      -      -    sglang::schedul
    0    3135017     C      -      -      -      -      -      -    python         
    0    3135810     C     98     56      -      -      -      -    sglang::schedul
    0    3135017     C      -      -      -      -      -      -    python         
    0    3135810     C     98     56      -      -      -      -    sglang::schedul
    0    3135017     C      -      -      -      -      -      -    python         
    0    3135810     C     99     57      -      -      -      -    sglang::schedul
    0    3135017     C      -      -      -      -      -      -    python         
    0    3135810     C     97     54      -      -      -      -    sglang::schedul
    0    3135017     C      -      -      -      -      -      -    python         
# gpu         pid   type     sm    mem    enc    dec    jpg    ofa    command 
# Idx           #    C/G      %      %      %      %      %      %    name 
    0    3135810     C     99     57      -      -      -      -    sglang::schedul
    0    3135017     C      -      -      -      -      -      -    python         
    0    3135810     C     99     57      -      -      -      -    sglang::schedul
    0    3135017     C      -      -      -      -      -      -    python         
    0    3135810     C     97     55      -      -      -      -    sglang::schedul
    0    3135017     C      -      -      -      -      -      -    python         
    0    3135810     C     98     57      -      -      -      -    sglang::schedul
    0    3135017     C      -      -      -      -      -      -    python         
    0    3135810     C     97     55      -      -      -      -    sglang::schedul
    0    3135017     C      -      -      -      -      -      -    python         
    0    3135810     C     98     55      -      -      -      -    sglang::schedul
    0    3135017     C      -      -      -      -      -      -    python         
    0    3135810     C     99     57      -      -      -      -    sglang::schedul
    0    3135017     C      -      -      -      -      -      -    python         
    0    3135810     C     97     55      -      -      -      -    sglang::schedul
    0    3135017     C      -      -      -      -      -      -    python         
    0    3135810     C     99     57      -      -      -      -    sglang::schedul
    0    3135017     C      -      -      -      -      -      -    python         
    0    3135810     C     97     56      -      -      -      -    sglang::schedul
    0    3135017     C      -      -      -      -      -      -    python         
    0    3135810     C     97     55      -      -      -      -    sglang::schedul
    0    3135017     C      -      -      -      -      -      -    python         
    0    3135810     C     99     57      -      -      -      -    sglang::schedul
    0    3135017     C      -      -      -      -      -      -    python         
    0    3135810     C     97     56      -      -      -      -    sglang::schedul
    0    3135017     C      -      -      -      -      -      -    python         
    0    3135810     C     98     56      -      -      -      -    sglang::schedul
    0    3135017     C      -      -      -      -      -      -    python         
    0    3135810     C     99     57      -      -      -      -    sglang::schedul
    0    3135017     C      -      -      -      -      -      -    python         
    0    3135810     C     98     55      -      -      -      -    sglang::schedul
    0    3135017     C      -      -      -      -      -      -    python         
    0    3135810     C     98     55      -      -      -      -    sglang::schedul
    0    3135017     C      -      -      -      -      -      -    python         
    0    3135810     C     80     46      -      -      -      -    sglang::schedul
    0    3135017     C      -      -      -      -      -      -    python         
    0    3135810     C      0      0      -      -      -      -    sglang::schedul
    0    3135017     C      -      -      -      -      -      -    python         
    0    3135810     C      0      0      -      -      -      -    sglang::schedul
    0    3135017     C      -      -      -      -      -      -    python         
    0    3135810     C      0      0      -      -      -      -    sglang::schedul
    0    3135017     C      -      -      -      -      -      -    python         
    0    3135810     C      0      0      -      -      -      -    sglang::schedul
    0    3135017     C      -      -      -      -      -      -    python         
# gpu         pid   type     sm    mem    enc    dec    jpg    ofa    command 
# Idx           #    C/G      %      %      %      %      %      %    name 
    0    3135810     C      0      0      -      -      -      -    sglang::schedul
    0    3135017     C      -      -      -      -      -      -    python         
    0    3135810     C     20      3      -      -      -      -    sglang::schedul
    0    3135017     C      -      -      -      -      -      -    python         
    0    3135810     C     39     20      -      -      -      -    sglang::schedul
    0    3135017     C      -      -      -      -      -      -    python         
    0    3135810     C     98     66      -      -      -      -    sglang::schedul
    0    3135017     C      -      -      -      -      -      -    python         
    0    3135810     C     98     69      -      -      -      -    sglang::schedul
    0    3135017     C      -      -      -      -      -      -    python         
    0    3135810     C     98     63      -      -      -      -    sglang::schedul
    0    3135017     C      -      -      -      -      -      -    python         
    0    3135810     C     98     62      -      -      -      -    sglang::schedul
    0    3135017     C      -      -      -      -      -      -    python         
    0    3135810     C     99     68      -      -      -      -    sglang::schedul
    0    3135017     C      -      -      -      -      -      -    python         
    0    3135810     C     98     66      -      -      -      -    sglang::schedul
    0    3135017     C      -      -      -      -      -      -    python         
    0    3135810     C     98     62      -      -      -      -    sglang::schedul
    0    3135017     C      -      -      -      -      -      -    python         
    0    3135810     C     99     68      -      -      -      -    sglang::schedul
    0    3135017     C      -      -      -      -      -      -    python         
    0    3135810     C     99     69      -      -      -      -    sglang::schedul
    0    3135017     C      -      -      -      -      -      -    python         
    0    3135810     C     98     63      -      -      -      -    sglang::schedul
    0    3135017     C      -      -      -      -      -      -    python         
    0    3135810     C     98     63      -      -      -      -    sglang::schedul
    0    3135017     C      -      -      -      -      -      -    python         
    0    3135810     C     99     69      -      -      -      -    sglang::schedul
    0    3135017     C      -      -      -      -      -      -    python         
    0    3135810     C     98     58      -      -      -      -    sglang::schedul
    0    3135017     C      -      -      -      -      -      -    python         
    0    3135810     C     99     69      -      -      -      -    sglang::schedul
    0    3135017     C      -      -      -      -      -      -    python         
    0    3135810     C     99     69      -      -      -      -    sglang::schedul
    0    3135017     C      -      -      -      -      -      -    python         
    0    3135810     C     98     60      -      -      -      -    sglang::schedul
    0    3135017     C      -      -      -      -      -      -    python         
    0    3135810     C     99     62      -      -      -      -    sglang::schedul
    0    3135017     C      -      -      -      -      -      -    python         
    0    3135810     C     99     69      -      -      -      -    sglang::schedul
    0    3135017     C      -      -      -      -      -      -    python         
    0    3135810     C     98     67      -      -      -      -    sglang::schedul
    0    3135017     C      -      -      -      -      -      -    python         
# gpu         pid   type     sm    mem    enc    dec    jpg    ofa    command 
# Idx           #    C/G      %      %      %      %      %      %    name 
    0    3135810     C     98     60      -      -      -      -    sglang::schedul
    0    3135017     C      -      -      -      -      -      -    python         
    0    3135810     C     98     68      -      -      -      -    sglang::schedul
    0    3135017     C      -      -      -      -      -      -    python         
    0    3135810     C     98     69      -      -      -      -    sglang::schedul
    0    3135017     C      -      -      -      -      -      -    python         
    0    3135810     C     98     61      -      -      -      -    sglang::schedul
    0    3135017     C      -      -      -      -      -      -    python         
    0    3135810     C     99     68      -      -      -      -    sglang::schedul
    0    3135017     C      -      -      -      -      -      -    python         
    0    3135810     C     99     69      -      -      -      -    sglang::schedul
    0    3135017     C      -      -      -      -      -      -    python         
    0    3135810     C     97     61      -      -      -      -    sglang::schedul
    0    3135017     C      -      -      -      -      -      -    python         
    0    3135810     C     97     62      -      -      -      -    sglang::schedul
    0    3135017     C      -      -      -      -      -      -    python         
    0    3135810     C     99     69      -      -      -      -    sglang::schedul
    0    3135017     C      -      -      -      -      -      -    python         
    0    3135810     C     97     64      -      -      -      -    sglang::schedul
    0    3135017     C      -      -      -      -      -      -    python         
    0    3135810     C     97     61      -      -      -      -    sglang::schedul
    0    3135017     C      -      -      -      -      -      -    python         
    0    3135810     C     99     68      -      -      -      -    sglang::schedul
    0    3135017     C      -      -      -      -      -      -    python         
    0    3135810     C     99     69      -      -      -      -    sglang::schedul
    0    3135017     C      -      -      -      -      -      -    python         
    0    3135810     C     53     37      -      -      -      -    sglang::schedul
    0    3135017     C      -      -      -      -      -      -    python         
    0    3135810     C      0      0      -      -      -      -    sglang::schedul
    0    3135017     C      -      -      -      -      -      -    python         
    0    3135810     C      0      0      -      -      -      -    sglang::schedul
    0    3135017     C      -      -      -      -      -      -    python         
    0    3135810     C      0      0      -      -      -      -    sglang::schedul
    0    3135017     C      -      -      -      -      -      -    python         
    0    3135810     C      0      0      -      -      -      -    sglang::schedul
    0    3135017     C      -      -      -      -      -      -    python         
    0    3135810     C     18      3      -      -      -      -    sglang::schedul
    0    3135017     C      -      -      -      -      -      -    python         
    0    3135810     C     21      4      -      -      -      -    sglang::schedul
    0    3135017     C      -      -      -      -      -      -    python         
    0    3135810     C     77     41      -      -      -      -    sglang::schedul
    0    3135017     C      -      -      -      -      -      -    python         
    0    3135810     C     98     77      -      -      -      -    sglang::schedul
    0    3135017     C      -      -      -      -      -      -    python         
# gpu         pid   type     sm    mem    enc    dec    jpg    ofa    command 
# Idx           #    C/G      %      %      %      %      %      %    name 
    0    3135810     C     98     77      -      -      -      -    sglang::schedul
    0    3135017     C      -      -      -      -      -      -    python         
    0    3135810     C     98     78      -      -      -      -    sglang::schedul
    0    3135017     C      -      -      -      -      -      -    python         
    0    3135810     C     98     59      -      -      -      -    sglang::schedul
    0    3135017     C      -      -      -      -      -      -    python         
    0    3135810     C     98     68      -      -      -      -    sglang::schedul
    0    3135017     C      -      -      -      -      -      -    python         
    0    3135810     C     99     77      -      -      -      -    sglang::schedul
    0    3135017     C      -      -      -      -      -      -    python         
    0    3135810     C     99     78      -      -      -      -    sglang::schedul
    0    3135017     C      -      -      -      -      -      -    python         
    0    3135810     C     98     64      -      -      -      -    sglang::schedul
    0    3135017     C      -      -      -      -      -      -    python         
    0    3135810     C     98     62      -      -      -      -    sglang::schedul
    0    3135017     C      -      -      -      -      -      -    python         
    0    3135810     C     99     77      -      -      -      -    sglang::schedul
    0    3135017     C      -      -      -      -      -      -    python         
    0    3135810     C     99     77      -      -      -      -    sglang::schedul
    0    3135017     C      -      -      -      -      -      -    python         
    0    3135810     C     98     72      -      -      -      -    sglang::schedul
    0    3135017     C      -      -      -      -      -      -    python         
    0    3135810     C     98     63      -      -      -      -    sglang::schedul
    0    3135017     C      -      -      -      -      -      -    python         
    0    3135810     C     99     74      -      -      -      -    sglang::schedul
    0    3135017     C      -      -      -      -      -      -    python         
    0    3135810     C     99     77      -      -      -      -    sglang::schedul
    0    3135017     C      -      -      -      -      -      -    python         
    0    3135810     C     99     78      -      -      -      -    sglang::schedul
    0    3135017     C      -      -      -      -      -      -    python         
    0    3135810     C     98     64      -      -      -      -    sglang::schedul
    0    3135017     C      -      -      -      -      -      -    python         
    0    3135810     C     99     77      -      -      -      -    sglang::schedul
    0    3135017     C      -      -      -      -      -      -    python         
    0    3135810     C     99     78      -      -      -      -    sglang::schedul
    0    3135017     C      -      -      -      -      -      -    python         
    0    3135810     C     99     78      -      -      -      -    sglang::schedul
    0    3135017     C      -      -      -      -      -      -    python         
    0    3135810     C     97     55      -      -      -      -    sglang::schedul
    0    3135017     C      -      -      -      -      -      -    python         
    0    3135810     C     99     76      -      -      -      -    sglang::schedul
    0    3135017     C      -      -      -      -      -      -    python         
    0    3135810     C     99     77      -      -      -      -    sglang::schedul
    0    3135017     C      -      -      -      -      -      -    python         
# gpu         pid   type     sm    mem    enc    dec    jpg    ofa    command 
# Idx           #    C/G      %      %      %      %      %      %    name 
    0    3135810     C     98     78      -      -      -      -    sglang::schedul
    0    3135017     C      -      -      -      -      -      -    python         
    0    3135810     C     97     58      -      -      -      -    sglang::schedul
    0    3135017     C      -      -      -      -      -      -    python         
    0    3135810     C     98     63      -      -      -      -    sglang::schedul
    0    3135017     C      -      -      -      -      -      -    python         
    0    3135810     C     98     77      -      -      -      -    sglang::schedul
    0    3135017     C      -      -      -      -      -      -    python         
    0    3135810     C     98     77      -      -      -      -    sglang::schedul
    0    3135017     C      -      -      -      -      -      -    python         
    0    3135810     C     97     68      -      -      -      -    sglang::schedul
    0    3135017     C      -      -      -      -      -      -    python         
    0    3135810     C     97     60      -      -      -      -    sglang::schedul
    0    3135017     C      -      -      -      -      -      -    python         
    0    3135810     C     99     77      -      -      -      -    sglang::schedul
    0    3135017     C      -      -      -      -      -      -    python         
    0    3135810     C     99     78      -      -      -      -    sglang::schedul
    0    3135017     C      -      -      -      -      -      -    python         
    0    3135810     C     99     78      -      -      -      -    sglang::schedul
    0    3135017     C      -      -      -      -      -      -    python         
    0    3135810     C     97     60      -      -      -      -    sglang::schedul
    0    3135017     C      -      -      -      -      -      -    python         
    0    3135810     C     99     68      -      -      -      -    sglang::schedul
    0    3135017     C      -      -      -      -      -      -    python         
    0    3135810     C     99     77      -      -      -      -    sglang::schedul
    0    3135017     C      -      -      -      -      -      -    python         
    0    3135810     C     99     77      -      -      -      -    sglang::schedul
    0    3135017     C      -      -      -      -      -      -    python         
    0    3135810     C     98     63      -      -      -      -    sglang::schedul
    0    3135017     C      -      -      -      -      -      -    python         
    0    3135810     C     98     62      -      -      -      -    sglang::schedul
    0    3135017     C      -      -      -      -      -      -    python         
    0    3135810     C     99     77      -      -      -      -    sglang::schedul
    0    3135017     C      -      -      -      -      -      -    python         
    0    3135810     C     99     78      -      -      -      -    sglang::schedul
    0    3135017     C      -      -      -      -      -      -    python         
    0    3135810     C     53     42      -      -      -      -    sglang::schedul
    0    3135017     C      -      -      -      -      -      -    python         
    0    3135810     C      0      0      -      -      -      -    sglang::schedul
    0    3135017     C      -      -      -      -      -      -    python         
    0    3135810     C      0      0      -      -      -      -    sglang::schedul
    0    3135017     C      -      -      -      -      -      -    python         
    0    3135810     C      0      0      -      -      -      -    sglang::schedul
    0    3135017     C      -      -      -      -      -      -    python         
# gpu         pid   type     sm    mem    enc    dec    jpg    ofa    command 
# Idx           #    C/G      %      %      %      %      %      %    name 
    0    3135810     C      0      0      -      -      -      -    sglang::schedul
    0    3135017     C      -      -      -      -      -      -    python         
    0    3135810     C      0      0      -      -      -      -    sglang::schedul
    0    3135017     C      -      -      -      -      -      -    python         
    0    3135810     C     20      3      -      -      -      -    sglang::schedul
    0    3135017     C      -      -      -      -      -      -    python         
    0    3135810     C     38     10      -      -      -      -    sglang::schedul
    0    3135017     C      -      -      -      -      -      -    python         
    0    3135810     C     99     49      -      -      -      -    sglang::schedul
    0    3135017     C      -      -      -      -      -      -    python         
    0    3135810     C     99     86      -      -      -      -    sglang::schedul
    0    3135017     C      -      -      -      -      -      -    python         
    0    3135810     C     99     86      -      -      -      -    sglang::schedul
    0    3135017     C      -      -      -      -      -      -    python         
    0    3135810     C     99     87      -      -      -      -    sglang::schedul
    0    3135017     C      -      -      -      -      -      -    python         
    0    3135810     C     99     87      -      -      -      -    sglang::schedul
    0    3135017     C      -      -      -      -      -      -    python         
    0    3135810     C     98     50      -      -      -      -    sglang::schedul
    0    3135017     C      -      -      -      -      -      -    python         
    0    3135810     C     99     61      -      -      -      -    sglang::schedul
    0    3135017     C      -      -      -      -      -      -    python         
    0    3135810     C     99     86      -      -      -      -    sglang::schedul
    0    3135017     C      -      -      -      -      -      -    python         
    0    3135810     C     98     86      -      -      -      -    sglang::schedul
    0    3135017     C      -      -      -      -      -      -    python         
    0    3135810     C     98     87      -      -      -      -    sglang::schedul
    0    3135017     C      -      -      -      -      -      -    python         
    0    3135810     C     98     88      -      -      -      -    sglang::schedul
    0    3135017     C      -      -      -      -      -      -    python         
    0    3135810     C     97     70      -      -      -      -    sglang::schedul
    0    3135017     C      -      -      -      -      -      -    python         
    0    3135810     C     99     48      -      -      -      -    sglang::schedul
    0    3135017     C      -      -      -      -      -      -    python         
    0    3135810     C     99     85      -      -      -      -    sglang::schedul
    0    3135017     C      -      -      -      -      -      -    python         
    0    3135810     C     99     86      -      -      -      -    sglang::schedul
    0    3135017     C      -      -      -      -      -      -    python         
    0    3135810     C     99     87      -      -      -      -    sglang::schedul
    0    3135017     C      -      -      -      -      -      -    python         
    0    3135810     C     99     87      -      -      -      -    sglang::schedul
    0    3135017     C      -      -      -      -      -      -    python         
    0    3135810     C     98     77      -      -      -      -    sglang::schedul
    0    3135017     C      -      -      -      -      -      -    python         
# gpu         pid   type     sm    mem    enc    dec    jpg    ofa    command 
# Idx           #    C/G      %      %      %      %      %      %    name 
    0    3135810     C     98     52      -      -      -      -    sglang::schedul
    0    3135017     C      -      -      -      -      -      -    python         
    0    3135810     C     99     71      -      -      -      -    sglang::schedul
    0    3135017     C      -      -      -      -      -      -    python         
    0    3135810     C     99     86      -      -      -      -    sglang::schedul
    0    3135017     C      -      -      -      -      -      -    python         
    0    3135810     C     99     87      -      -      -      -    sglang::schedul
    0    3135017     C      -      -      -      -      -      -    python         
    0    3135810     C     99     87      -      -      -      -    sglang::schedul
    0    3135017     C      -      -      -      -      -      -    python         
    0    3135810     C     98     86      -      -      -      -    sglang::schedul
    0    3135017     C      -      -      -      -      -      -    python         
    0    3135810     C     99     36      -      -      -      -    sglang::schedul
    0    3135017     C      -      -      -      -      -      -    python         
    0    3135810     C     99     85      -      -      -      -    sglang::schedul
    0    3135017     C      -      -      -      -      -      -    python         
    0    3135810     C     99     87      -      -      -      -    sglang::schedul
    0    3135017     C      -      -      -      -      -      -    python         
    0    3135810     C     99     87      -      -      -      -    sglang::schedul
    0    3135017     C      -      -      -      -      -      -    python         
    0    3135810     C     98     87      -      -      -      -    sglang::schedul
    0    3135017     C      -      -      -      -      -      -    python         
    0    3135810     C     98     87      -      -      -      -    sglang::schedul
    0    3135017     C      -      -      -      -      -      -    python         
    0    3135810     C     34     30      -      -      -      -    sglang::schedul
    0    3135017     C      -      -      -      -      -      -    python         
    0    3135810     C      0      0      -      -      -      -    sglang::schedul
    0    3135017     C      -      -      -      -      -      -    python         
    0    3135810     C      0      0      -      -      -      -    sglang::schedul
    0    3135017     C      -      -      -      -      -      -    python         
    0    3135810     C      0      0      -      -      -      -    sglang::schedul
    0    3135017     C      -      -      -      -      -      -    python         
    0    3135810     C      0      0      -      -      -      -    sglang::schedul
    0    3135017     C      -      -      -      -      -      -    python         
    0    3135810     C      0      0      -      -      -      -    sglang::schedul
    0    3135017     C      -      -      -      -      -      -    python         
    0    3135810     C     17      3      -      -      -      -    sglang::schedul
    0    3135017     C      -      -      -      -      -      -    python         
    0    3135810     C     44     11      -      -      -      -    sglang::schedul
    0    3135017     C      -      -      -      -      -      -    python         
    0    3135810     C     99     26      -      -      -      -    sglang::schedul
    0    3135017     C      -      -      -      -      -      -    python         
    0    3135810     C     99     56      -      -      -      -    sglang::schedul
    0    3135017     C      -      -      -      -      -      -    python         
# gpu         pid   type     sm    mem    enc    dec    jpg    ofa    command 
# Idx           #    C/G      %      %      %      %      %      %    name 
    0    3135810     C     99     95      -      -      -      -    sglang::schedul
    0    3135017     C      -      -      -      -      -      -    python         
    0    3135810     C     99     96      -      -      -      -    sglang::schedul
    0    3135017     C      -      -      -      -      -      -    python         
    0    3135810     C     99     96      -      -      -      -    sglang::schedul
    0    3135017     C      -      -      -      -      -      -    python         
    0    3135810     C     99     96      -      -      -      -    sglang::schedul
    0    3135017     C      -      -      -      -      -      -    python         
    0    3135810     C     99     96      -      -      -      -    sglang::schedul
    0    3135017     C      -      -      -      -      -      -    python         
    0    3135810     C     99     97      -      -      -      -    sglang::schedul
    0    3135017     C      -      -      -      -      -      -    python         
    0    3135810     C     99     97      -      -      -      -    sglang::schedul
    0    3135017     C      -      -      -      -      -      -    python         
    0    3135810     C     97     57      -      -      -      -    sglang::schedul
    0    3135017     C      -      -      -      -      -      -    python         
    0    3135810     C     99     25      -      -      -      -    sglang::schedul
    0    3135017     C      -      -      -      -      -      -    python         
    0    3135810     C     99     62      -      -      -      -    sglang::schedul
    0    3135017     C      -      -      -      -      -      -    python         
    0    3135810     C     98     95      -      -      -      -    sglang::schedul
    0    3135017     C      -      -      -      -      -      -    python         
    0    3135810     C     98     95      -      -      -      -    sglang::schedul
    0    3135017     C      -      -      -      -      -      -    python         
    0    3135810     C     98     96      -      -      -      -    sglang::schedul
    0    3135017     C      -      -      -      -      -      -    python         
    0    3135810     C     99     97      -      -      -      -    sglang::schedul
    0    3135017     C      -      -      -      -      -      -    python         
    0    3135810     C     99     97      -      -      -      -    sglang::schedul
    0    3135017     C      -      -      -      -      -      -    python         
    0    3135810     C     99     97      -      -      -      -    sglang::schedul
    0    3135017     C      -      -      -      -      -      -    python         
    0    3135810     C     99     97      -      -      -      -    sglang::schedul
    0    3135017     C      -      -      -      -      -      -    python         
    0    3135810     C     97     67      -      -      -      -    sglang::schedul
    0    3135017     C      -      -      -      -      -      -    python         
    0    3135810     C     97     28      -      -      -      -    sglang::schedul
    0    3135017     C      -      -      -      -      -      -    python         
    0    3135810     C     99     53      -      -      -      -    sglang::schedul
    0    3135017     C      -      -      -      -      -      -    python         
    0    3135810     C     99     92      -      -      -      -    sglang::schedul
    0    3135017     C      -      -      -      -      -      -    python         
    0    3135810     C     99     95      -      -      -      -    sglang::schedul
    0    3135017     C      -      -      -      -      -      -    python         
# gpu         pid   type     sm    mem    enc    dec    jpg    ofa    command 
# Idx           #    C/G      %      %      %      %      %      %    name 
    0    3135810     C     99     96      -      -      -      -    sglang::schedul
    0    3135017     C      -      -      -      -      -      -    python         
    0    3135810     C     99     96      -      -      -      -    sglang::schedul
    0    3135017     C      -      -      -      -      -      -    python         
    0    3135810     C     99     97      -      -      -      -    sglang::schedul
    0    3135017     C      -      -      -      -      -      -    python         
    0    3135810     C     99     97      -      -      -      -    sglang::schedul
    0    3135017     C      -      -      -      -      -      -    python         
    0    3135810     C     99     97      -      -      -      -    sglang::schedul
    0    3135017     C      -      -      -      -      -      -    python         
    0    3135810     C     95     61      -      -      -      -    sglang::schedul
    0    3135017     C      -      -      -      -      -      -    python         
    0    3135810     C     99     25      -      -      -      -    sglang::schedul
    0    3135017     C      -      -      -      -      -      -    python         
    0    3135810     C     99     56      -      -      -      -    sglang::schedul
    0    3135017     C      -      -      -      -      -      -    python         
    0    3135810     C     98     95      -      -      -      -    sglang::schedul
    0    3135017     C      -      -      -      -      -      -    python         
    0    3135810     C     98     95      -      -      -      -    sglang::schedul
    0    3135017     C      -      -      -      -      -      -    python         
    0    3135810     C     98     96      -      -      -      -    sglang::schedul
    0    3135017     C      -      -      -      -      -      -    python         
    0    3135810     C     98     95      -      -      -      -    sglang::schedul
    0    3135017     C      -      -      -      -      -      -    python         
    0    3135810     C     99     96      -      -      -      -    sglang::schedul
    0    3135017     C      -      -      -      -      -      -    python         
    0    3135810     C     99     97      -      -      -      -    sglang::schedul
    0    3135017     C      -      -      -      -      -      -    python         
    0    3135810     C     99     97      -      -      -      -    sglang::schedul
    0    3135017     C      -      -      -      -      -      -    python         
    0    3135810     C     97     72      -      -      -      -    sglang::schedul
    0    3135017     C      -      -      -      -      -      -    python         
    0    3135810     C     97     33      -      -      -      -    sglang::schedul
    0    3135017     C      -      -      -      -      -      -    python         
    0    3135810     C     99     51      -      -      -      -    sglang::schedul
    0    3135017     C      -      -      -      -      -      -    python         
    0    3135810     C     99     96      -      -      -      -    sglang::schedul
    0    3135017     C      -      -      -      -      -      -    python         
    0    3135810     C     99     97      -      -      -      -    sglang::schedul
    0    3135017     C      -      -      -      -      -      -    python         
    0    3135810     C     99     96      -      -      -      -    sglang::schedul
    0    3135017     C      -      -      -      -      -      -    python         
    0    3135810     C     99     96      -      -      -      -    sglang::schedul
    0    3135017     C      -      -      -      -      -      -    python         
# gpu         pid   type     sm    mem    enc    dec    jpg    ofa    command 
# Idx           #    C/G      %      %      %      %      %      %    name 
    0    3135810     C     99     96      -      -      -      -    sglang::schedul
    0    3135017     C      -      -      -      -      -      -    python         
    0    3135810     C     99     96      -      -      -      -    sglang::schedul
    0    3135017     C      -      -      -      -      -      -    python         
    0    3135810     C     98     97      -      -      -      -    sglang::schedul
    0    3135017     C      -      -      -      -      -      -    python         
    0    3135810     C     55     53      -      -      -      -    sglang::schedul
    0    3135017     C      -      -      -      -      -      -    python         
    0    3135810     C      0      0      -      -      -      -    sglang::schedul
    0    3135017     C      -      -      -      -      -      -    python         
    0    3135810     C      0      0      -      -      -      -    sglang::schedul
    0    3135017     C      -      -      -      -      -      -    python         
    0    3135810     C      0      0      -      -      -      -    sglang::schedul
    0    3135017     C      -      -      -      -      -      -    python         
    0    3135810     C      0      0      -      -      -      -    sglang::schedul
    0    3135017     C      -      -      -      -      -      -    python         
    0    3135810     C      0      0      -      -      -      -    sglang::schedul
    0    3135017     C      -      -      -      -      -      -    python         
    0    3135810     C      2      0      -      -      -      -    sglang::schedul
    0    3135017     C      -      -      -      -      -      -    python         
    0    3135810     C     20      3      -      -      -      -    sglang::schedul
    0    3135017     C      -      -      -      -      -      -    python         
    0    3135810     C     46     12      -      -      -      -    sglang::schedul
    0    3135017     C      -      -      -      -      -      -    python         
    0    3135810     C     99     26      -      -      -      -    sglang::schedul
    0    3135017     C      -      -      -      -      -      -    python         
    0    3135810     C     99     25      -      -      -      -    sglang::schedul
    0    3135017     C      -      -      -      -      -      -    python         
    0    3135810     C     99     26      -      -      -      -    sglang::schedul
    0    3135017     C      -      -      -      -      -      -    python         
    0    3135810     C     99     87      -      -      -      -    sglang::schedul
    0    3135017     C      -      -      -      -      -      -    python         
    0    3135810     C     99    100      -      -      -      -    sglang::schedul
    0    3135017     C      -      -      -      -      -      -    python         
    0    3135810     C     99    100      -      -      -      -    sglang::schedul
    0    3135017     C      -      -      -      -      -      -    python         
    0    3135810     C     98    100      -      -      -      -    sglang::schedul
    0    3135017     C      -      -      -      -      -      -    python         
    0    3135810     C     98    100      -      -      -      -    sglang::schedul
    0    3135017     C      -      -      -      -      -      -    python         
    0    3135810     C     98    100      -      -      -      -    sglang::schedul
    0    3135017     C      -      -      -      -      -      -    python         
    0    3135810     C     98    100      -      -      -      -    sglang::schedul
    0    3135017     C      -      -      -      -      -      -    python         
# gpu         pid   type     sm    mem    enc    dec    jpg    ofa    command 
# Idx           #    C/G      %      %      %      %      %      %    name 
    0    3135810     C     98    100      -      -      -      -    sglang::schedul
    0    3135017     C      -      -      -      -      -      -    python         
    0    3135810     C     99    100      -      -      -      -    sglang::schedul
    0    3135017     C      -      -      -      -      -      -    python         
    0    3135810     C     99    100      -      -      -      -    sglang::schedul
    0    3135017     C      -      -      -      -      -      -    python         
    0    3135810     C     99    100      -      -      -      -    sglang::schedul
    0    3135017     C      -      -      -      -      -      -    python         
    0    3135810     C     99    100      -      -      -      -    sglang::schedul
    0    3135017     C      -      -      -      -      -      -    python         
    0    3135810     C     99    100      -      -      -      -    sglang::schedul
    0    3135017     C      -      -      -      -      -      -    python         
    0    3135810     C     99    100      -      -      -      -    sglang::schedul
    0    3135017     C      -      -      -      -      -      -    python         
    0    3135810     C     95     61      -      -      -      -    sglang::schedul
    0    3135017     C      -      -      -      -      -      -    python         
    0    3135810     C     99     26      -      -      -      -    sglang::schedul
    0    3135017     C      -      -      -      -      -      -    python         
    0    3135810     C     99     26      -      -      -      -    sglang::schedul
    0    3135017     C      -      -      -      -      -      -    python         
    0    3135810     C     99     26      -      -      -      -    sglang::schedul
    0    3135017     C      -      -      -      -      -      -    python         
    0    3135810     C     99     63      -      -      -      -    sglang::schedul
    0    3135017     C      -      -      -      -      -      -    python         
    0    3135810     C     99    100      -      -      -      -    sglang::schedul
    0    3135017     C      -      -      -      -      -      -    python         
    0    3135810     C     99    100      -      -      -      -    sglang::schedul
    0    3135017     C      -      -      -      -      -      -    python         
    0    3135810     C     99    100      -      -      -      -    sglang::schedul
    0    3135017     C      -      -      -      -      -      -    python         
    0    3135810     C     99    100      -      -      -      -    sglang::schedul
    0    3135017     C      -      -      -      -      -      -    python         
    0    3135810     C     99    100      -      -      -      -    sglang::schedul
    0    3135017     C      -      -      -      -      -      -    python         
    0    3135810     C     99    100      -      -      -      -    sglang::schedul
    0    3135017     C      -      -      -      -      -      -    python         
    0    3135810     C     99    100      -      -      -      -    sglang::schedul
    0    3135017     C      -      -      -      -      -      -    python         
    0    3135810     C     99    100      -      -      -      -    sglang::schedul
    0    3135017     C      -      -      -      -      -      -    python         
    0    3135810     C     98    100      -      -      -      -    sglang::schedul
    0    3135017     C      -      -      -      -      -      -    python         
    0    3135810     C     98    100      -      -      -      -    sglang::schedul
    0    3135017     C      -      -      -      -      -      -    python         
# gpu         pid   type     sm    mem    enc    dec    jpg    ofa    command 
# Idx           #    C/G      %      %      %      %      %      %    name 
    0    3135810     C     99    100      -      -      -      -    sglang::schedul
    0    3135017     C      -      -      -      -      -      -    python         
    0    3135810     C     99    100      -      -      -      -    sglang::schedul
    0    3135017     C      -      -      -      -      -      -    python         
    0    3135810     C     99    100      -      -      -      -    sglang::schedul
    0    3135017     C      -      -      -      -      -      -    python         
    0    3135810     C     95     55      -      -      -      -    sglang::schedul
    0    3135017     C      -      -      -      -      -      -    python         
    0    3135810     C     99     26      -      -      -      -    sglang::schedul
    0    3135017     C      -      -      -      -      -      -    python         
    0    3135810     C     99     26      -      -      -      -    sglang::schedul
    0    3135017     C      -      -      -      -      -      -    python         
    0    3135810     C     98     27      -      -      -      -    sglang::schedul
    0    3135017     C      -      -      -      -      -      -    python         
    0    3135810     C     98     68      -      -      -      -    sglang::schedul
    0    3135017     C      -      -      -      -      -      -    python         
    0    3135810     C     99    100      -      -      -      -    sglang::schedul
    0    3135017     C      -      -      -      -      -      -    python         
    0    3135810     C     99    100      -      -      -      -    sglang::schedul
    0    3135017     C      -      -      -      -      -      -    python         
    0    3135810     C     99    100      -      -      -      -    sglang::schedul
    0    3135017     C      -      -      -      -      -      -    python         
    0    3135810     C     99    100      -      -      -      -    sglang::schedul
    0    3135017     C      -      -      -      -      -      -    python         
    0    3135810     C     99    100      -      -      -      -    sglang::schedul
    0    3135017     C      -      -      -      -      -      -    python         
    0    3135810     C     99    100      -      -      -      -    sglang::schedul
    0    3135017     C      -      -      -      -      -      -    python         
    0    3135810     C     99    100      -      -      -      -    sglang::schedul
    0    3135017     C      -      -      -      -      -      -    python         
    0    3135810     C     98    100      -      -      -      -    sglang::schedul
    0    3135017     C      -      -      -      -      -      -    python         
    0    3135810     C     98    100      -      -      -      -    sglang::schedul
    0    3135017     C      -      -      -      -      -      -    python         
    0    3135810     C     98    100      -      -      -      -    sglang::schedul
    0    3135017     C      -      -      -      -      -      -    python         
    0    3135810     C     98    100      -      -      -      -    sglang::schedul
    0    3135017     C      -      -      -      -      -      -    python         
    0    3135810     C     98    100      -      -      -      -    sglang::schedul
    0    3135017     C      -      -      -      -      -      -    python         
    0    3135810     C     95     93      -      -      -      -    sglang::schedul
    0    3135017     C      -      -      -      -      -      -    python         
    0    3135810     C     95     47      -      -      -      -    sglang::schedul
    0    3135017     C      -      -      -      -      -      -    python         
# gpu         pid   type     sm    mem    enc    dec    jpg    ofa    command 
# Idx           #    C/G      %      %      %      %      %      %    name 
    0    3135810     C     99     26      -      -      -      -    sglang::schedul
    0    3135017     C      -      -      -      -      -      -    python         
    0    3135810     C     99     26      -      -      -      -    sglang::schedul
    0    3135017     C      -      -      -      -      -      -    python         
    0    3135810     C     99     26      -      -      -      -    sglang::schedul
    0    3135017     C      -      -      -      -      -      -    python         
    0    3135810     C     99     76      -      -      -      -    sglang::schedul
    0    3135017     C      -      -      -      -      -      -    python         
    0    3135810     C     99    100      -      -      -      -    sglang::schedul
    0    3135017     C      -      -      -      -      -      -    python         
    0    3135810     C     99    100      -      -      -      -    sglang::schedul
    0    3135017     C      -      -      -      -      -      -    python         
    0    3135810     C     99    100      -      -      -      -    sglang::schedul
    0    3135017     C      -      -      -      -      -      -    python         
    0    3135810     C     99    100      -      -      -      -    sglang::schedul
    0    3135017     C      -      -      -      -      -      -    python         
    0    3135810     C     99    100      -      -      -      -    sglang::schedul
    0    3135017     C      -      -      -      -      -      -    python         
    0    3135810     C     99    100      -      -      -      -    sglang::schedul
    0    3135017     C      -      -      -      -      -      -    python         
    0    3135810     C     99    100      -      -      -      -    sglang::schedul
    0    3135017     C      -      -      -      -      -      -    python         
    0    3135810     C     99    100      -      -      -      -    sglang::schedul
    0    3135017     C      -      -      -      -      -      -    python         
    0    3135810     C     99    100      -      -      -      -    sglang::schedul
    0    3135017     C      -      -      -      -      -      -    python         
    0    3135810     C     99    100      -      -      -      -    sglang::schedul
    0    3135017     C      -      -      -      -      -      -    python         
    0    3135810     C     99    100      -      -      -      -    sglang::schedul
    0    3135017     C      -      -      -      -      -      -    python         
    0    3135810     C     99    100      -      -      -      -    sglang::schedul
    0    3135017     C      -      -      -      -      -      -    python         
    0    3135810     C     99    100      -      -      -      -    sglang::schedul
    0    3135017     C      -      -      -      -      -      -    python         
    0    3135810     C     94     44      -      -      -      -    sglang::schedul
    0    3135017     C      -      -      -      -      -      -    python         
    0    3135810     C     99     25      -      -      -      -    sglang::schedul
    0    3135017     C      -      -      -      -      -      -    python         
    0    3135810     C     98     26      -      -      -      -    sglang::schedul
    0    3135017     C      -      -      -      -      -      -    python         
    0    3135810     C     98     26      -      -      -      -    sglang::schedul
    0    3135017     C      -      -      -      -      -      -    python         
    0    3135810     C     98     79      -      -      -      -    sglang::schedul
    0    3135017     C      -      -      -      -      -      -    python         
# gpu         pid   type     sm    mem    enc    dec    jpg    ofa    command 
# Idx           #    C/G      %      %      %      %      %      %    name 
    0    3135810     C     98    100      -      -      -      -    sglang::schedul
    0    3135017     C      -      -      -      -      -      -    python         
    0    3135810     C     98    100      -      -      -      -    sglang::schedul
    0    3135017     C      -      -      -      -      -      -    python         
    0    3135810     C     99    100      -      -      -      -    sglang::schedul
    0    3135017     C      -      -      -      -      -      -    python         
    0    3135810     C     99    100      -      -      -      -    sglang::schedul
    0    3135017     C      -      -      -      -      -      -    python         
    0    3135810     C     99    100      -      -      -      -    sglang::schedul
    0    3135017     C      -      -      -      -      -      -    python         
    0    3135810     C     99    100      -      -      -      -    sglang::schedul
    0    3135017     C      -      -      -      -      -      -    python         
    0    3135810     C     99    100      -      -      -      -    sglang::schedul
    0    3135017     C      -      -      -      -      -      -    python         
    0    3135810     C     99    100      -      -      -      -    sglang::schedul
    0    3135017     C      -      -      -      -      -      -    python         
    0    3135810     C     99    100      -      -      -      -    sglang::schedul
    0    3135017     C      -      -      -      -      -      -    python         
    0    3135810     C     99    100      -      -      -      -    sglang::schedul
    0    3135017     C      -      -      -      -      -      -    python         
    0    3135810     C     99    100      -      -      -      -    sglang::schedul
    0    3135017     C      -      -      -      -      -      -    python         
    0    3135810     C     99    100      -      -      -      -    sglang::schedul
    0    3135017     C      -      -      -      -      -      -    python         
    0    3135810     C     99    100      -      -      -      -    sglang::schedul
    0    3135017     C      -      -      -      -      -      -    python         
    0    3135810     C      5      5      -      -      -      -    sglang::schedul
    0    3135017     C      -      -      -      -      -      -    python         
    0    3135810     C      0      0      -      -      -      -    sglang::schedul
    0    3135017     C      -      -      -      -      -      -    python         
    0    3135810     C      0      0      -      -      -      -    sglang::schedul
    0    3135017     C      -      -      -      -      -      -    python         
    0    3135810     C      0      0      -      -      -      -    sglang::schedul
    0    3135017     C      -      -      -      -      -      -    python         
    0    3135810     C      0      0      -      -      -      -    sglang::schedul
    0    3135017     C      -      -      -      -      -      -    python         
    0    3135810     C      0      0      -      -      -      -    sglang::schedul
    0    3135017     C      -      -      -      -      -      -    python         
    0    3135810     C      0      0      -      -      -      -    sglang::schedul
    0    3135017     C      -      -      -      -      -      -    python         
    0    3135810     C      0      0      -      -      -      -    sglang::schedul
    0    3135017     C      -      -      -      -      -      -    python         
    0    3135810     C     45      7      -      -      -      -    sglang::schedul
    0    3135017     C      -      -      -      -      -      -    python         
# gpu         pid   type     sm    mem    enc    dec    jpg    ofa    command 
# Idx           #    C/G      %      %      %      %      %      %    name 
    0    3135810     C     18      3      -      -      -      -    sglang::schedul
    0    3135017     C      -      -      -      -      -      -    python         
    0    3135810     C     76     20      -      -      -      -    sglang::schedul
    0    3135017     C      -      -      -      -      -      -    python         
    0    3135810     C     99     26      -      -      -      -    sglang::schedul
    0    3135017     C      -      -      -      -      -      -    python         
    0    3135810     C     99     26      -      -      -      -    sglang::schedul
    0    3135017     C      -      -      -      -      -      -    python         
    0    3135810     C     99     26      -      -      -      -    sglang::schedul
    0    3135017     C      -      -      -      -      -      -    python         
    0    3135810     C     99     26      -      -      -      -    sglang::schedul
    0    3135017     C      -      -      -      -      -      -    python         
    0    3135810     C     99     26      -      -      -      -    sglang::schedul
    0    3135017     C      -      -      -      -      -      -    python         
    0    3135810     C     99     26      -      -      -      -    sglang::schedul
    0    3135017     C      -      -      -      -      -      -    python         
    0    3135810     C     99     43      -      -      -      -    sglang::schedul
    0    3135017     C      -      -      -      -      -      -    python         
    0    3135810     C     99     86      -      -      -      -    sglang::schedul
    0    3135017     C      -      -      -      -      -      -    python         
    0    3135810     C     99    100      -      -      -      -    sglang::schedul
    0    3135017     C      -      -      -      -      -      -    python         
    0    3135810     C     99    100      -      -      -      -    sglang::schedul
    0    3135017     C      -      -      -      -      -      -    python         
    0    3135810     C     99    100      -      -      -      -    sglang::schedul
    0    3135017     C      -      -      -      -      -      -    python         
    0    3135810     C     98    100      -      -      -      -    sglang::schedul
    0    3135017     C      -      -      -      -      -      -    python         
    0    3135810     C     99    100      -      -      -      -    sglang::schedul
    0    3135017     C      -      -      -      -      -      -    python         
    0    3135810     C     99    100      -      -      -      -    sglang::schedul
    0    3135017     C      -      -      -      -      -      -    python         
    0    3135810     C     99    100      -      -      -      -    sglang::schedul
    0    3135017     C      -      -      -      -      -      -    python         
    0    3135810     C     99    100      -      -      -      -    sglang::schedul
    0    3135017     C      -      -      -      -      -      -    python         
    0    3135810     C     99    100      -      -      -      -    sglang::schedul
    0    3135017     C      -      -      -      -      -      -    python         
    0    3135810     C     99    100      -      -      -      -    sglang::schedul
    0    3135017     C      -      -      -      -      -      -    python         
    0    3135810     C     99    100      -      -      -      -    sglang::schedul
    0    3135017     C      -      -      -      -      -      -    python         
    0    3135810     C     99    100      -      -      -      -    sglang::schedul
    0    3135017     C      -      -      -      -      -      -    python         
# gpu         pid   type     sm    mem    enc    dec    jpg    ofa    command 
# Idx           #    C/G      %      %      %      %      %      %    name 
    0    3135810     C     98    100      -      -      -      -    sglang::schedul
    0    3135017     C      -      -      -      -      -      -    python         
    0    3135810     C     99    100      -      -      -      -    sglang::schedul
    0    3135017     C      -      -      -      -      -      -    python         
    0    3135810     C     99    100      -      -      -      -    sglang::schedul
    0    3135017     C      -      -      -      -      -      -    python         
    0    3135810     C     99    100      -      -      -      -    sglang::schedul
    0    3135017     C      -      -      -      -      -      -    python         
    0    3135810     C     99    100      -      -      -      -    sglang::schedul
    0    3135017     C      -      -      -      -      -      -    python         
    0    3135810     C     99    100      -      -      -      -    sglang::schedul
    0    3135017     C      -      -      -      -      -      -    python         
    0    3135810     C     99    100      -      -      -      -    sglang::schedul
    0    3135017     C      -      -      -      -      -      -    python         
    0    3135810     C     99    100      -      -      -      -    sglang::schedul
    0    3135017     C      -      -      -      -      -      -    python         
    0    3135810     C     99    100      -      -      -      -    sglang::schedul
    0    3135017     C      -      -      -      -      -      -    python         
    0    3135810     C     99    100      -      -      -      -    sglang::schedul
    0    3135017     C      -      -      -      -      -      -    python         
    0    3135810     C     92     80      -      -      -      -    sglang::schedul
    0    3135017     C      -      -      -      -      -      -    python         
    0    3135810     C     99     26      -      -      -      -    sglang::schedul
    0    3135017     C      -      -      -      -      -      -    python         
    0    3135810     C     98     26      -      -      -      -    sglang::schedul
    0    3135017     C      -      -      -      -      -      -    python         
    0    3135810     C     98     26      -      -      -      -    sglang::schedul
    0    3135017     C      -      -      -      -      -      -    python         
    0    3135810     C     98     26      -      -      -      -    sglang::schedul
    0    3135017     C      -      -      -      -      -      -    python         
    0    3135810     C     98     26      -      -      -      -    sglang::schedul
    0    3135017     C      -      -      -      -      -      -    python         
    0    3135810     C     98     26      -      -      -      -    sglang::schedul
    0    3135017     C      -      -      -      -      -      -    python         
    0    3135810     C     99     26      -      -      -      -    sglang::schedul
    0    3135017     C      -      -      -      -      -      -    python         
    0    3135810     C     98     49      -      -      -      -    sglang::schedul
    0    3135017     C      -      -      -      -      -      -    python         
    0    3135810     C     98     95      -      -      -      -    sglang::schedul
    0    3135017     C      -      -      -      -      -      -    python         
    0    3135810     C     99    100      -      -      -      -    sglang::schedul
    0    3135017     C      -      -      -      -      -      -    python         
    0    3135810     C     99    100      -      -      -      -    sglang::schedul
    0    3135017     C      -      -      -      -      -      -    python         
# gpu         pid   type     sm    mem    enc    dec    jpg    ofa    command 
# Idx           #    C/G      %      %      %      %      %      %    name 
    0    3135810     C     99    100      -      -      -      -    sglang::schedul
    0    3135017     C      -      -      -      -      -      -    python         
    0    3135810     C     99    100      -      -      -      -    sglang::schedul
    0    3135017     C      -      -      -      -      -      -    python         
    0    3135810     C     99    100      -      -      -      -    sglang::schedul
    0    3135017     C      -      -      -      -      -      -    python         
    0    3135810     C     99    100      -      -      -      -    sglang::schedul
    0    3135017     C      -      -      -      -      -      -    python         
    0    3135810     C     99    100      -      -      -      -    sglang::schedul
    0    3135017     C      -      -      -      -      -      -    python         
    0    3135810     C     99    100      -      -      -      -    sglang::schedul
    0    3135017     C      -      -      -      -      -      -    python         
    0    3135810     C     99    100      -      -      -      -    sglang::schedul
    0    3135017     C      -      -      -      -      -      -    python         
    0    3135810     C     99    100      -      -      -      -    sglang::schedul
    0    3135017     C      -      -      -      -      -      -    python         
    0    3135810     C     99    100      -      -      -      -    sglang::schedul
    0    3135017     C      -      -      -      -      -      -    python         
    0    3135810     C     99    100      -      -      -      -    sglang::schedul
    0    3135017     C      -      -      -      -      -      -    python         
    0    3135810     C     98    100      -      -      -      -    sglang::schedul
    0    3135017     C      -      -      -      -      -      -    python         
    0    3135810     C     98    100      -      -      -      -    sglang::schedul
    0    3135017     C      -      -      -      -      -      -    python         
    0    3135810     C     98    100      -      -      -      -    sglang::schedul
    0    3135017     C      -      -      -      -      -      -    python         
    0    3135810     C     99    100      -      -      -      -    sglang::schedul
    0    3135017     C      -      -      -      -      -      -    python         
    0    3135810     C     99    100      -      -      -      -    sglang::schedul
    0    3135017     C      -      -      -      -      -      -    python         
    0    3135810     C     99    100      -      -      -      -    sglang::schedul
    0    3135017     C      -      -      -      -      -      -    python         
    0    3135810     C     99    100      -      -      -      -    sglang::schedul
    0    3135017     C      -      -      -      -      -      -    python         
    0    3135810     C     99    100      -      -      -      -    sglang::schedul
    0    3135017     C      -      -      -      -      -      -    python         
    0    3135810     C     99    100      -      -      -      -    sglang::schedul
    0    3135017     C      -      -      -      -      -      -    python         
    0    3135810     C     99    100      -      -      -      -    sglang::schedul
    0    3135017     C      -      -      -      -      -      -    python         
    0    3135810     C     99    100      -      -      -      -    sglang::schedul
    0    3135017     C      -      -      -      -      -      -    python         
    0    3135810     C     97     99      -      -      -      -    sglang::schedul
    0    3135017     C      -      -      -      -      -      -    python         
# gpu         pid   type     sm    mem    enc    dec    jpg    ofa    command 
# Idx           #    C/G      %      %      %      %      %      %    name 
    0    3135810     C     93     57      -      -      -      -    sglang::schedul
    0    3135017     C      -      -      -      -      -      -    python         
    0    3135810     C     99     26      -      -      -      -    sglang::schedul
    0    3135017     C      -      -      -      -      -      -    python         
    0    3135810     C     99     26      -      -      -      -    sglang::schedul
    0    3135017     C      -      -      -      -      -      -    python         
    0    3135810     C     99     26      -      -      -      -    sglang::schedul
    0    3135017     C      -      -      -      -      -      -    python         
    0    3135810     C     99     26      -      -      -      -    sglang::schedul
    0    3135017     C      -      -      -      -      -      -    python         
    0    3135810     C     99     26      -      -      -      -    sglang::schedul
    0    3135017     C      -      -      -      -      -      -    python         
    0    3135810     C     99     26      -      -      -      -    sglang::schedul
    0    3135017     C      -      -      -      -      -      -    python         
    0    3135810     C     99     48      -      -      -      -    sglang::schedul
    0    3135017     C      -      -      -      -      -      -    python         
    0    3135810     C     99    100      -      -      -      -    sglang::schedul
    0    3135017     C      -      -      -      -      -      -    python         
    0    3135810     C     98    100      -      -      -      -    sglang::schedul
    0    3135017     C      -      -      -      -      -      -    python         
    0    3135810     C     98    100      -      -      -      -    sglang::schedul
    0    3135017     C      -      -      -      -      -      -    python         
    0    3135810     C     98    100      -      -      -      -    sglang::schedul
    0    3135017     C      -      -      -      -      -      -    python         
    0    3135810     C     98    100      -      -      -      -    sglang::schedul
    0    3135017     C      -      -      -      -      -      -    python         
    0    3135810     C     99    100      -      -      -      -    sglang::schedul
    0    3135017     C      -      -      -      -      -      -    python         
    0    3135810     C     99    100      -      -      -      -    sglang::schedul
    0    3135017     C      -      -      -      -      -      -    python         
    0    3135810     C     99    100      -      -      -      -    sglang::schedul
    0    3135017     C      -      -      -      -      -      -    python         
    0    3135810     C     99    100      -      -      -      -    sglang::schedul
    0    3135017     C      -      -      -      -      -      -    python         
    0    3135810     C     99    100      -      -      -      -    sglang::schedul
    0    3135017     C      -      -      -      -      -      -    python         
    0    3135810     C     99    100      -      -      -      -    sglang::schedul
    0    3135017     C      -      -      -      -      -      -    python         
    0    3135810     C     99    100      -      -      -      -    sglang::schedul
    0    3135017     C      -      -      -      -      -      -    python         
    0    3135810     C     99    100      -      -      -      -    sglang::schedul
    0    3135017     C      -      -      -      -      -      -    python         
    0    3135810     C     99    100      -      -      -      -    sglang::schedul
    0    3135017     C      -      -      -      -      -      -    python         
# gpu         pid   type     sm    mem    enc    dec    jpg    ofa    command 
# Idx           #    C/G      %      %      %      %      %      %    name 
    0    3135810     C     99    100      -      -      -      -    sglang::schedul
    0    3135017     C      -      -      -      -      -      -    python         
    0    3135810     C     98    100      -      -      -      -    sglang::schedul
    0    3135017     C      -      -      -      -      -      -    python         
    0    3135810     C     98    100      -      -      -      -    sglang::schedul
    0    3135017     C      -      -      -      -      -      -    python         
    0    3135810     C     98    100      -      -      -      -    sglang::schedul
    0    3135017     C      -      -      -      -      -      -    python         
    0    3135810     C     99    100      -      -      -      -    sglang::schedul
    0    3135017     C      -      -      -      -      -      -    python         
    0    3135810     C     99    100      -      -      -      -    sglang::schedul
    0    3135017     C      -      -      -      -      -      -    python         
    0    3135810     C     99    100      -      -      -      -    sglang::schedul
    0    3135017     C      -      -      -      -      -      -    python         
    0    3135810     C     99    100      -      -      -      -    sglang::schedul
    0    3135017     C      -      -      -      -      -      -    python         
    0    3135810     C     99    100      -      -      -      -    sglang::schedul
    0    3135017     C      -      -      -      -      -      -    python         
    0    3135810     C     99    100      -      -      -      -    sglang::schedul
    0    3135017     C      -      -      -      -      -      -    python         
    0    3135810     C     94     83      -      -      -      -    sglang::schedul
    0    3135017     C      -      -      -      -      -      -    python         
    0    3135810     C     94     42      -      -      -      -    sglang::schedul
    0    3135017     C      -      -      -      -      -      -    python         
    0    3135810     C     99     26      -      -      -      -    sglang::schedul
    0    3135017     C      -      -      -      -      -      -    python         
    0    3135810     C     99     26      -      -      -      -    sglang::schedul
    0    3135017     C      -      -      -      -      -      -    python         
    0    3135810     C     99     26      -      -      -      -    sglang::schedul
    0    3135017     C      -      -      -      -      -      -    python         
    0    3135810     C     99     26      -      -      -      -    sglang::schedul
    0    3135017     C      -      -      -      -      -      -    python         
    0    3135810     C     99     26      -      -      -      -    sglang::schedul
    0    3135017     C      -      -      -      -      -      -    python         
    0    3135810     C     98     26      -      -      -      -    sglang::schedul
    0    3135017     C      -      -      -      -      -      -    python         
    0    3135810     C     98     74      -      -      -      -    sglang::schedul
    0    3135017     C      -      -      -      -      -      -    python         
    0    3135810     C     98    100      -      -      -      -    sglang::schedul
    0    3135017     C      -      -      -      -      -      -    python         
    0    3135810     C     98    100      -      -      -      -    sglang::schedul
    0    3135017     C      -      -      -      -      -      -    python         
    0    3135810     C     98    100      -      -      -      -    sglang::schedul
    0    3135017     C      -      -      -      -      -      -    python         
# gpu         pid   type     sm    mem    enc    dec    jpg    ofa    command 
# Idx           #    C/G      %      %      %      %      %      %    name 
    0    3135810     C     99    100      -      -      -      -    sglang::schedul
    0    3135017     C      -      -      -      -      -      -    python         
    0    3135810     C     99    100      -      -      -      -    sglang::schedul
    0    3135017     C      -      -      -      -      -      -    python         
    0    3135810     C     99    100      -      -      -      -    sglang::schedul
    0    3135017     C      -      -      -      -      -      -    python         
    0    3135810     C     99    100      -      -      -      -    sglang::schedul
    0    3135017     C      -      -      -      -      -      -    python         
    0    3135810     C     99    100      -      -      -      -    sglang::schedul
    0    3135017     C      -      -      -      -      -      -    python         
    0    3135810     C     99    100      -      -      -      -    sglang::schedul
    0    3135017     C      -      -      -      -      -      -    python         
    0    3135810     C     99    100      -      -      -      -    sglang::schedul
    0    3135017     C      -      -      -      -      -      -    python         
    0    3135810     C     99    100      -      -      -      -    sglang::schedul
    0    3135017     C      -      -      -      -      -      -    python         
    0    3135810     C     99    100      -      -      -      -    sglang::schedul
    0    3135017     C      -      -      -      -      -      -    python         
    0    3135810     C     99    100      -      -      -      -    sglang::schedul
    0    3135017     C      -      -      -      -      -      -    python         
    0    3135810     C     99    100      -      -      -      -    sglang::schedul
    0    3135017     C      -      -      -      -      -      -    python         
    0    3135810     C     99    100      -      -      -      -    sglang::schedul
    0    3135017     C      -      -      -      -      -      -    python         
    0    3135810     C     99    100      -      -      -      -    sglang::schedul
    0    3135017     C      -      -      -      -      -      -    python         
    0    3135810     C     99    100      -      -      -      -    sglang::schedul
    0    3135017     C      -      -      -      -      -      -    python         
    0    3135810     C     99    100      -      -      -      -    sglang::schedul
    0    3135017     C      -      -      -      -      -      -    python         
    0    3135810     C     98    100      -      -      -      -    sglang::schedul
    0    3135017     C      -      -      -      -      -      -    python         
    0    3135810     C     98    100      -      -      -      -    sglang::schedul
    0    3135017     C      -      -      -      -      -      -    python         
    0    3135810     C     99    100      -      -      -      -    sglang::schedul
    0    3135017     C      -      -      -      -      -      -    python         
    0    3135810     C     99    100      -      -      -      -    sglang::schedul
    0    3135017     C      -      -      -      -      -      -    python         
    0    3135810     C     99    100      -      -      -      -    sglang::schedul
    0    3135017     C      -      -      -      -      -      -    python         
    0    3135810     C     99    100      -      -      -      -    sglang::schedul
    0    3135017     C      -      -      -      -      -      -    python         
    0    3135810     C     94     74      -      -      -      -    sglang::schedul
    0    3135017     C      -      -      -      -      -      -    python         
# gpu         pid   type     sm    mem    enc    dec    jpg    ofa    command 
# Idx           #    C/G      %      %      %      %      %      %    name 
    0    3135810     C     94     33      -      -      -      -    sglang::schedul
    0    3135017     C      -      -      -      -      -      -    python         
    0    3135810     C     99     26      -      -      -      -    sglang::schedul
    0    3135017     C      -      -      -      -      -      -    python         
    0    3135810     C     99     26      -      -      -      -    sglang::schedul
    0    3135017     C      -      -      -      -      -      -    python         
    0    3135810     C     99     26      -      -      -      -    sglang::schedul
    0    3135017     C      -      -      -      -      -      -    python         
    0    3135810     C     99     26      -      -      -      -    sglang::schedul
    0    3135017     C      -      -      -      -      -      -    python         
    0    3135810     C     98     26      -      -      -      -    sglang::schedul
    0    3135017     C      -      -      -      -      -      -    python         
    0    3135810     C     98     28      -      -      -      -    sglang::schedul
    0    3135017     C      -      -      -      -      -      -    python         
    0    3135810     C     98     81      -      -      -      -    sglang::schedul
    0    3135017     C      -      -      -      -      -      -    python         
    0    3135810     C     98    100      -      -      -      -    sglang::schedul
    0    3135017     C      -      -      -      -      -      -    python         
    0    3135810     C     98    100      -      -      -      -    sglang::schedul
    0    3135017     C      -      -      -      -      -      -    python         
    0    3135810     C     99    100      -      -      -      -    sglang::schedul
    0    3135017     C      -      -      -      -      -      -    python         
    0    3135810     C     99    100      -      -      -      -    sglang::schedul
    0    3135017     C      -      -      -      -      -      -    python         
    0    3135810     C     99    100      -      -      -      -    sglang::schedul
    0    3135017     C      -      -      -      -      -      -    python         
    0    3135810     C     99    100      -      -      -      -    sglang::schedul
    0    3135017     C      -      -      -      -      -      -    python         
    0    3135810     C     99    100      -      -      -      -    sglang::schedul
    0    3135017     C      -      -      -      -      -      -    python         
    0    3135810     C     99    100      -      -      -      -    sglang::schedul
    0    3135017     C      -      -      -      -      -      -    python         
    0    3135810     C     99    100      -      -      -      -    sglang::schedul
    0    3135017     C      -      -      -      -      -      -    python         
    0    3135810     C     99    100      -      -      -      -    sglang::schedul
    0    3135017     C      -      -      -      -      -      -    python         
    0    3135810     C     99    100      -      -      -      -    sglang::schedul
    0    3135017     C      -      -      -      -      -      -    python         
    0    3135810     C     99    100      -      -      -      -    sglang::schedul
    0    3135017     C      -      -      -      -      -      -    python         
    0    3135810     C     99    100      -      -      -      -    sglang::schedul
    0    3135017     C      -      -      -      -      -      -    python         
    0    3135810     C     99    100      -      -      -      -    sglang::schedul
    0    3135017     C      -      -      -      -      -      -    python         
# gpu         pid   type     sm    mem    enc    dec    jpg    ofa    command 
# Idx           #    C/G      %      %      %      %      %      %    name 
    0    3135810     C     99    100      -      -      -      -    sglang::schedul
    0    3135017     C      -      -      -      -      -      -    python         
    0    3135810     C     99    100      -      -      -      -    sglang::schedul
    0    3135017     C      -      -      -      -      -      -    python         
    0    3135810     C     99    100      -      -      -      -    sglang::schedul
    0    3135017     C      -      -      -      -      -      -    python         
    0    3135810     C     99    100      -      -      -      -    sglang::schedul
    0    3135017     C      -      -      -      -      -      -    python         
    0    3135810     C     98    100      -      -      -      -    sglang::schedul
    0    3135017     C      -      -      -      -      -      -    python         
    0    3135810     C     98    100      -      -      -      -    sglang::schedul
    0    3135017     C      -      -      -      -      -      -    python         
    0    3135810     C     98    100      -      -      -      -    sglang::schedul
    0    3135017     C      -      -      -      -      -      -    python         
    0    3135810     C     98    100      -      -      -      -    sglang::schedul
    0    3135017     C      -      -      -      -      -      -    python         
    0    3135810     C     99    100      -      -      -      -    sglang::schedul
    0    3135017     C      -      -      -      -      -      -    python         
    0    3135810     C     99    100      -      -      -      -    sglang::schedul
    0    3135017     C      -      -      -      -      -      -    python         
    0    3135810     C     77     78      -      -      -      -    sglang::schedul
    0    3135017     C      -      -      -      -      -      -    python         
    0    3135810     C     15     16      -      -      -      -    sglang::schedul
