[2026-10-07 23:57:14 TP0] Init parallel begin.
[2026-10-07 23:57:14 TP0] Init parallel ends. elapsed=0.25 s
[2026-10-07 23:57:14 TP0] Memory baseline taken. mem usage=0.00 GB
/root/qvl/venv-sgl/lib/python3.12/site-packages/torch/jit/_script.py:1491: FutureWarning: `torch.jit.script` is deprecated. Please switch to `torch.compile` or `torch.export`.
  warnings.warn(
/root/qvl/venv-sgl/lib/python3.12/site-packages/torch/jit/_script.py:1643: FutureWarning: `torch.jit.interface` is deprecated. Please use `torch.compile` instead.
  warnings.warn(
/root/qvl/venv-sgl/lib/python3.12/site-packages/torch/jit/_script.py:1491: FutureWarning: `torch.jit.script` is deprecated. Please switch to `torch.compile` or `torch.export`.
  warnings.warn(
[2026-10-07 23:57:15 TP0] Load weight begin. avail mem=266.92 GB
[2026-10-07 23:57:16 TP0] Multimodal attention backend not set. Use fa4.
[2026-10-07 23:57:16 TP0] Using fa4 as multimodal attention backend.
Multi-thread loading shards:   0% Completed | 0/2 [00:00<?, ?it/s]Multi-thread loading shards:  50% Completed | 1/2 [00:00<00:00,  1.08it/s]Multi-thread loading shards: 100% Completed | 2/2 [00:01<00:00,  1.01s/it]Multi-thread loading shards: 100% Completed | 2/2 [00:01<00:00,  1.00it/s]
[2026-10-07 23:57:18 TP0] Load weight end. elapsed=2.73 s, type=Qwen3VLForConditionalGeneration, avail mem=258.39 GB, mem usage=8.53 GB.
[2026-10-07 23:57:18 TP0] Reserving 0.10 GB of the KV budget for post-sizing multimodal allocations (feature-transport pools + embedding cache).
[2026-10-07 23:57:18 TP0] KV Cache is allocated. dtype: torch.bfloat16, #tokens: 1613440, K size: 110.79 GB, V size: 110.79 GB
[2026-10-07 23:57:18 TP0] Memory pool end. avail mem=33.65 GB
[2026-10-07 23:57:19 TP0] Running FlashInfer autotune with cache: /root/.cache/sglang/flashinfer/autotune/0.7.0.post1/sm103/e601f2ea17165ebf/rank_tp0_pp0_dp0.json
[AutoTuner]: Tuning bf16_gemm:   0%|          | 0/1 [00:00<?, ?profile/s][AutoTuner]: Tuning bf16_gemm: 100%|██████████| 1/1 [00:00<00:00,  2.14profile/s][AutoTuner]: Tuning bf16_gemm: 100%|██████████| 1/1 [00:00<00:00,  2.13profile/s]
[AutoTuner]: Tuning bf16_gemm:   0%|          | 0/1 [00:00<?, ?profile/s][AutoTuner]: Tuning bf16_gemm: 100%|██████████| 1/1 [00:00<00:00, 10.32profile/s]
[2026-10-07 23:57:21 TP0] FlashInfer autotune completed.
[2026-10-07 23:57:21 TP0] Disable prefill CUDA graph because cuda_graph_config resolved prefill.backend='disabled' (e.g. via --cuda-graph-backend-prefill=disabled or auto-disable rules).
[2026-10-07 23:57:21 TP0] Capture target decode CUDA graph begin. backend=full, num_tokens_per_req=1, bs=[1], avail mem=32.19 GB
  0%|          | 0/1 [00:00<?, ?it/s]Capturing batches (bs=1 avail_mem=32.19 GB):   0%|          | 0/1 [00:00<?, ?it/s]Capturing batches (bs=1 avail_mem=32.19 GB): 100%|██████████| 1/1 [00:01<00:00,  1.31s/it]Capturing batches (bs=1 avail_mem=32.19 GB): 100%|██████████| 1/1 [00:01<00:00,  1.31s/it]
[2026-10-07 23:57:23 TP0] Capture target decode CUDA graph end. elapsed=2.02 s, mem usage=-0.15 GB, avail mem=32.34 GB.
max_total_num_tokens=1613440
Warmup ...
CAPTURE 0 858
CAPTURE 17 858
CAPTURE 35 858
Prefill. latency: 0.35419 s, throughput:  23129.03 token/s
Total. latency:  0.354 s, throughput:  23131.85 token/s
Benchmark ...
Prefill. latency: 0.03184 s, throughput: 257315.61 token/s
Total. latency:  0.032 s, throughput: 257347.02 token/s
