# gpu         pid   type     sm    mem    enc    dec    jpg    ofa    command 
# Idx           #    C/G      %      %      %      %      %      %    name 
    5          -     -      -      -      -      -      -      -    -              
    5          -     -      -      -      -      -      -      -    -              
    5          -     -      -      -      -      -      -      -    -              
    5          -     -      -      -      -      -      -      -    -              
    5          -     -      -      -      -      -      -      -    -              
    5          -     -      -      -      -      -      -      -    -              
    5          -     -      -      -      -      -      -      -    -              
    5          -     -      -      -      -      -      -      -    -              
    5          -     -      -      -      -      -      -      -    -              
    5          -     -      -      -      -      -      -      -    -              
    5          -     -      -      -      -      -      -      -    -              
    5          -     -      -      -      -      -      -      -    -              
    5          -     -      -      -      -      -      -      -    -              
    5          -     -      -      -      -      -      -      -    -              
    5          -     -      -      -      -      -      -      -    -              
    5          -     -      -      -      -      -      -      -    -              
    5          -     -      -      -      -      -      -      -    -              
    5          -     -      -      -      -      -      -      -    -              
    5    3210004     C      0      0      -      -      -      -    sglang::schedul
    5    3210004     C      0      0      -      -      -      -    sglang::schedul
    5    3210004     C      0      0      -      -      -      -    sglang::schedul
    5    3210004     C      0      0      -      -      -      -    sglang::schedul
    5    3210004     C      0      0      -      -      -      -    sglang::schedul
    5    3210004     C      7      0      -      -      -      -    sglang::schedul
    5    3210004     C     10      0      -      -      -      -    sglang::schedul
    5    3210004     C      3      0      -      -      -      -    sglang::schedul
    5    3210004     C      0      0      -      -      -      -    sglang::schedul
    5    3210004     C      3      2      -      -      -      -    sglang::schedul
    5    3210004     C      3      2      -      -      -      -    sglang::schedul
    5    3210004     C      0      0      -      -      -      -    sglang::schedul
    5    3210004     C      -      -      -      -      -      -    sglang::schedul
    5    3210004     C      5      1      -      -      -      -    sglang::schedul
    5    3210004     C     11      2      -      -      -      -    sglang::schedul
    5    3210004     C     11      3      -      -      -      -    sglang::schedul
    5    3210004     C      3      1      -      -      -      -    sglang::schedul
    5    3210004     C      6      1      -      -      -      -    sglang::schedul
    5    3210004     C      4      1      -      -      -      -    sglang::schedul
    5    3210004     C      3      0      -      -      -      -    sglang::schedul
    5    3210004     C      1      0      -      -      -      -    sglang::schedul
    5    3210004     C      0      0      -      -      -      -    sglang::schedul
    5    3209596     C      0      0      -      -      -      -    python         
    5    3210004     C      0      0      -      -      -      -    sglang::schedul
    5    3209596     C      -      -      -      -      -      -    python         
    5    3210004     C      0      0      -      -      -      -    sglang::schedul
# gpu         pid   type     sm    mem    enc    dec    jpg    ofa    command 
# Idx           #    C/G      %      %      %      %      %      %    name 
    5    3209596     C      -      -      -      -      -      -    python         
    5    3210004     C      1      0      -      -      -      -    sglang::schedul
    5    3209596     C      -      -      -      -      -      -    python         
    5    3210004     C      0      0      -      -      -      -    sglang::schedul
    5    3209596     C      -      -      -      -      -      -    python         
    5    3210004     C      0      0      -      -      -      -    sglang::schedul
    5    3209596     C      -      -      -      -      -      -    python         
    5    3210004     C      0      0      -      -      -      -    sglang::schedul
    5    3209596     C      -      -      -      -      -      -    python         
    5    3210004     C     33      7      -      -      -      -    sglang::schedul
    5    3209596     C      -      -      -      -      -      -    python         
    5    3210004     C     37     21      -      -      -      -    sglang::schedul
    5    3209596     C      -      -      -      -      -      -    python         
    5    3210004     C     97     57      -      -      -      -    sglang::schedul
    5    3209596     C      -      -      -      -      -      -    python         
    5    3210004     C     97     58      -      -      -      -    sglang::schedul
    5    3209596     C      -      -      -      -      -      -    python         
    5    3210004     C     95     56      -      -      -      -    sglang::schedul
    5    3209596     C      -      -      -      -      -      -    python         
    5    3210004     C     97     58      -      -      -      -    sglang::schedul
    5    3209596     C      -      -      -      -      -      -    python         
    5    3210004     C     96     57      -      -      -      -    sglang::schedul
    5    3209596     C      -      -      -      -      -      -    python         
    5    3210004     C     97     56      -      -      -      -    sglang::schedul
    5    3209596     C      -      -      -      -      -      -    python         
    5    3210004     C     98     59      -      -      -      -    sglang::schedul
    5    3209596     C      -      -      -      -      -      -    python         
    5    3210004     C     98     57      -      -      -      -    sglang::schedul
    5    3209596     C      -      -      -      -      -      -    python         
    5    3210004     C     97     57      -      -      -      -    sglang::schedul
    5    3209596     C      -      -      -      -      -      -    python         
    5    3210004     C     98     57      -      -      -      -    sglang::schedul
    5    3209596     C      -      -      -      -      -      -    python         
    5    3210004     C     98     57      -      -      -      -    sglang::schedul
    5    3209596     C      -      -      -      -      -      -    python         
    5    3210004     C     99     59      -      -      -      -    sglang::schedul
    5    3209596     C      -      -      -      -      -      -    python         
    5    3210004     C     97     56      -      -      -      -    sglang::schedul
    5    3209596     C      -      -      -      -      -      -    python         
    5    3210004     C     99     59      -      -      -      -    sglang::schedul
    5    3209596     C      -      -      -      -      -      -    python         
    5    3210004     C     99     60      -      -      -      -    sglang::schedul
    5    3209596     C      -      -      -      -      -      -    python         
    5    3210004     C     97     56      -      -      -      -    sglang::schedul
# gpu         pid   type     sm    mem    enc    dec    jpg    ofa    command 
# Idx           #    C/G      %      %      %      %      %      %    name 
    5    3209596     C      -      -      -      -      -      -    python         
    5    3210004     C     99     59      -      -      -      -    sglang::schedul
    5    3209596     C      -      -      -      -      -      -    python         
    5    3210004     C     97     57      -      -      -      -    sglang::schedul
    5    3209596     C      -      -      -      -      -      -    python         
    5    3210004     C     99     59      -      -      -      -    sglang::schedul
    5    3209596     C      -      -      -      -      -      -    python         
    5    3210004     C     99     59      -      -      -      -    sglang::schedul
    5    3209596     C      -      -      -      -      -      -    python         
    5    3210004     C     97     57      -      -      -      -    sglang::schedul
    5    3209596     C      -      -      -      -      -      -    python         
    5    3210004     C     98     59      -      -      -      -    sglang::schedul
    5    3209596     C      -      -      -      -      -      -    python         
    5    3210004     C     97     57      -      -      -      -    sglang::schedul
    5    3209596     C      -      -      -      -      -      -    python         
    5    3210004     C     97     56      -      -      -      -    sglang::schedul
    5    3209596     C      -      -      -      -      -      -    python         
    5    3210004     C     98     59      -      -      -      -    sglang::schedul
    5    3209596     C      -      -      -      -      -      -    python         
    5    3210004     C     97     57      -      -      -      -    sglang::schedul
    5    3209596     C      -      -      -      -      -      -    python         
    5    3210004     C     98     59      -      -      -      -    sglang::schedul
    5    3209596     C      -      -      -      -      -      -    python         
    5    3210004     C     98     57      -      -      -      -    sglang::schedul
    5    3209596     C      -      -      -      -      -      -    python         
    5    3210004     C     97     57      -      -      -      -    sglang::schedul
    5    3209596     C      -      -      -      -      -      -    python         
    5    3210004     C     98     59      -      -      -      -    sglang::schedul
    5    3209596     C      -      -      -      -      -      -    python         
    5    3210004     C     98     58      -      -      -      -    sglang::schedul
    5    3209596     C      -      -      -      -      -      -    python         
    5    3210004     C     98     57      -      -      -      -    sglang::schedul
    5    3209596     C      -      -      -      -      -      -    python         
    5    3210004     C     99     59      -      -      -      -    sglang::schedul
    5    3209596     C      -      -      -      -      -      -    python         
    5    3210004     C     98     57      -      -      -      -    sglang::schedul
    5    3209596     C      -      -      -      -      -      -    python         
    5    3210004     C     99     59      -      -      -      -    sglang::schedul
    5    3209596     C      -      -      -      -      -      -    python         
    5    3210004     C     98     58      -      -      -      -    sglang::schedul
    5    3209596     C      -      -      -      -      -      -    python         
    5    3210004     C     98     57      -      -      -      -    sglang::schedul
    5    3209596     C      -      -      -      -      -      -    python         
    5    3210004     C     99     60      -      -      -      -    sglang::schedul
# gpu         pid   type     sm    mem    enc    dec    jpg    ofa    command 
# Idx           #    C/G      %      %      %      %      %      %    name 
    5    3209596     C      -      -      -      -      -      -    python         
    5    3210004     C     96     55      -      -      -      -    sglang::schedul
    5    3209596     C      -      -      -      -      -      -    python         
    5    3210004     C     99     59      -      -      -      -    sglang::schedul
    5    3209596     C      -      -      -      -      -      -    python         
    5    3210004     C     97     57      -      -      -      -    sglang::schedul
    5    3209596     C      -      -      -      -      -      -    python         
    5    3210004     C     99     59      -      -      -      -    sglang::schedul
    5    3209596     C      -      -      -      -      -      -    python         
    5    3210004     C     99     60      -      -      -      -    sglang::schedul
    5    3209596     C      -      -      -      -      -      -    python         
    5    3210004     C     97     57      -      -      -      -    sglang::schedul
    5    3209596     C      -      -      -      -      -      -    python         
    5    3210004     C     99     59      -      -      -      -    sglang::schedul
    5    3209596     C      -      -      -      -      -      -    python         
    5    3210004     C     98     59      -      -      -      -    sglang::schedul
    5    3209596     C      -      -      -      -      -      -    python         
    5    3210004     C     97     57      -      -      -      -    sglang::schedul
    5    3209596     C      -      -      -      -      -      -    python         
    5    3210004     C     98     59      -      -      -      -    sglang::schedul
    5    3209596     C      -      -      -      -      -      -    python         
    5    3210004     C     97     57      -      -      -      -    sglang::schedul
    5    3209596     C      -      -      -      -      -      -    python         
    5    3210004     C     98     59      -      -      -      -    sglang::schedul
    5    3209596     C      -      -      -      -      -      -    python         
    5    3210004     C     98     59      -      -      -      -    sglang::schedul
    5    3209596     C      -      -      -      -      -      -    python         
    5    3210004     C     97     57      -      -      -      -    sglang::schedul
    5    3209596     C      -      -      -      -      -      -    python         
    5    3210004     C     99     59      -      -      -      -    sglang::schedul
    5    3209596     C      -      -      -      -      -      -    python         
    5    3210004     C     98     57      -      -      -      -    sglang::schedul
    5    3209596     C      -      -      -      -      -      -    python         
    5    3210004     C     98     57      -      -      -      -    sglang::schedul
    5    3209596     C      -      -      -      -      -      -    python         
    5    3210004     C     99     59      -      -      -      -    sglang::schedul
    5    3209596     C      -      -      -      -      -      -    python         
    5    3210004     C     98     57      -      -      -      -    sglang::schedul
    5    3209596     C      -      -      -      -      -      -    python         
    5    3210004     C     99     59      -      -      -      -    sglang::schedul
    5    3209596     C      -      -      -      -      -      -    python         
    5    3210004     C     97     57      -      -      -      -    sglang::schedul
    5    3209596     C      -      -      -      -      -      -    python         
    5    3210004     C     99     59      -      -      -      -    sglang::schedul
# gpu         pid   type     sm    mem    enc    dec    jpg    ofa    command 
# Idx           #    C/G      %      %      %      %      %      %    name 
    5    3209596     C      -      -      -      -      -      -    python         
    5    3210004     C     99     60      -      -      -      -    sglang::schedul
    5    3209596     C      -      -      -      -      -      -    python         
    5    3210004     C     97     56      -      -      -      -    sglang::schedul
    5    3209596     C      -      -      -      -      -      -    python         
    5    3210004     C     99     59      -      -      -      -    sglang::schedul
    5    3209596     C      -      -      -      -      -      -    python         
    5    3210004     C     97     56      -      -      -      -    sglang::schedul
    5    3209596     C      -      -      -      -      -      -    python         
    5    3210004     C     99     59      -      -      -      -    sglang::schedul
    5    3209596     C      -      -      -      -      -      -    python         
    5    3210004     C     99     59      -      -      -      -    sglang::schedul
    5    3209596     C      -      -      -      -      -      -    python         
    5    3210004     C     97     57      -      -      -      -    sglang::schedul
    5    3209596     C      -      -      -      -      -      -    python         
    5    3210004     C     98     59      -      -      -      -    sglang::schedul
    5    3209596     C      -      -      -      -      -      -    python         
    5    3210004     C     97     57      -      -      -      -    sglang::schedul
    5    3209596     C      -      -      -      -      -      -    python         
    5    3210004     C     97     56      -      -      -      -    sglang::schedul
    5    3209596     C      -      -      -      -      -      -    python         
    5    3210004     C     98     59      -      -      -      -    sglang::schedul
    5    3209596     C      -      -      -      -      -      -    python         
    5    3210004     C     96     57      -      -      -      -    sglang::schedul
    5    3209596     C      -      -      -      -      -      -    python         
    5    3210004     C     98     59      -      -      -      -    sglang::schedul
    5    3209596     C      -      -      -      -      -      -    python         
    5    3210004     C     98     59      -      -      -      -    sglang::schedul
    5    3209596     C      -      -      -      -      -      -    python         
    5    3210004     C     98     57      -      -      -      -    sglang::schedul
    5    3209596     C      -      -      -      -      -      -    python         
    5    3210004     C     99     59      -      -      -      -    sglang::schedul
    5    3209596     C      -      -      -      -      -      -    python         
    5    3210004     C     77     47      -      -      -      -    sglang::schedul
    5    3209596     C      -      -      -      -      -      -    python         
    5    3210004     C     15      9      -      -      -      -    sglang::schedul
    5    3209596     C      -      -      -      -      -      -    python         
    5    3210004     C      0      0      -      -      -      -    sglang::schedul
    5    3209596     C      -      -      -      -      -      -    python         
    5    3210004     C      0      0      -      -      -      -    sglang::schedul
    5    3209596     C      -      -      -      -      -      -    python         
    5    3210004     C      0      0      -      -      -      -    sglang::schedul
    5    3209596     C      -      -      -      -      -      -    python         
    5    3210004     C      0      0      -      -      -      -    sglang::schedul
# gpu         pid   type     sm    mem    enc    dec    jpg    ofa    command 
# Idx           #    C/G      %      %      %      %      %      %    name 
    5    3209596     C      -      -      -      -      -      -    python         
    5    3210004     C     15      3      -      -      -      -    sglang::schedul
    5    3209596     C      -      -      -      -      -      -    python         
    5    3210004     C     34     10      -      -      -      -    sglang::schedul
    5    3209596     C      -      -      -      -      -      -    python         
    5    3210004     C     76     49      -      -      -      -    sglang::schedul
    5    3209596     C      -      -      -      -      -      -    python         
    5    3210004     C     99     71      -      -      -      -    sglang::schedul
    5    3209596     C      -      -      -      -      -      -    python         
    5    3210004     C     99     61      -      -      -      -    sglang::schedul
    5    3209596     C      -      -      -      -      -      -    python         
    5    3210004     C     94     66      -      -      -      -    sglang::schedul
    5    3209596     C      -      -      -      -      -      -    python         
    5    3210004     C     99     71      -      -      -      -    sglang::schedul
    5    3209596     C      -      -      -      -      -      -    python         
    5    3210004     C     99     72      -      -      -      -    sglang::schedul
    5    3209596     C      -      -      -      -      -      -    python         
    5    3210004     C     98     61      -      -      -      -    sglang::schedul
    5    3209596     C      -      -      -      -      -      -    python         
    5    3210004     C     99     71      -      -      -      -    sglang::schedul
    5    3209596     C      -      -      -      -      -      -    python         
    5    3210004     C     99     72      -      -      -      -    sglang::schedul
    5    3209596     C      -      -      -      -      -      -    python         
    5    3210004     C     98     62      -      -      -      -    sglang::schedul
    5    3209596     C      -      -      -      -      -      -    python         
    5    3210004     C     99     71      -      -      -      -    sglang::schedul
    5    3209596     C      -      -      -      -      -      -    python         
    5    3210004     C     98     71      -      -      -      -    sglang::schedul
    5    3209596     C      -      -      -      -      -      -    python         
    5    3210004     C     98     63      -      -      -      -    sglang::schedul
    5    3209596     C      -      -      -      -      -      -    python         
    5    3210004     C     98     70      -      -      -      -    sglang::schedul
    5    3209596     C      -      -      -      -      -      -    python         
    5    3210004     C     98     71      -      -      -      -    sglang::schedul
    5    3209596     C      -      -      -      -      -      -    python         
    5    3210004     C     98     63      -      -      -      -    sglang::schedul
    5    3209596     C      -      -      -      -      -      -    python         
    5    3210004     C     99     64      -      -      -      -    sglang::schedul
    5    3209596     C      -      -      -      -      -      -    python         
    5    3210004     C     99     71      -      -      -      -    sglang::schedul
    5    3209596     C      -      -      -      -      -      -    python         
    5    3210004     C     99     66      -      -      -      -    sglang::schedul
    5    3209596     C      -      -      -      -      -      -    python         
    5    3210004     C     99     63      -      -      -      -    sglang::schedul
# gpu         pid   type     sm    mem    enc    dec    jpg    ofa    command 
# Idx           #    C/G      %      %      %      %      %      %    name 
    5    3209596     C      -      -      -      -      -      -    python         
    5    3210004     C     99     71      -      -      -      -    sglang::schedul
    5    3209596     C      -      -      -      -      -      -    python         
    5    3210004     C     99     71      -      -      -      -    sglang::schedul
    5    3209596     C      -      -      -      -      -      -    python         
    5    3210004     C     99     64      -      -      -      -    sglang::schedul
    5    3209596     C      -      -      -      -      -      -    python         
    5    3210004     C     99     70      -      -      -      -    sglang::schedul
    5    3209596     C      -      -      -      -      -      -    python         
    5    3210004     C     99     71      -      -      -      -    sglang::schedul
    5    3209596     C      -      -      -      -      -      -    python         
    5    3210004     C     98     65      -      -      -      -    sglang::schedul
    5    3209596     C      -      -      -      -      -      -    python         
    5    3210004     C     98     64      -      -      -      -    sglang::schedul
    5    3209596     C      -      -      -      -      -      -    python         
    5    3210004     C     99     71      -      -      -      -    sglang::schedul
    5    3209596     C      -      -      -      -      -      -    python         
    5    3210004     C     98     59      -      -      -      -    sglang::schedul
    5    3209596     C      -      -      -      -      -      -    python         
    5    3210004     C     99     71      -      -      -      -    sglang::schedul
    5    3209596     C      -      -      -      -      -      -    python         
    5    3210004     C     99     71      -      -      -      -    sglang::schedul
    5    3209596     C      -      -      -      -      -      -    python         
    5    3210004     C     61     44      -      -      -      -    sglang::schedul
    5    3209596     C      -      -      -      -      -      -    python         
    5    3210004     C      0      0      -      -      -      -    sglang::schedul
    5    3209596     C      -      -      -      -      -      -    python         
    5    3210004     C      0      0      -      -      -      -    sglang::schedul
    5    3209596     C      -      -      -      -      -      -    python         
    5    3210004     C      0      0      -      -      -      -    sglang::schedul
    5    3209596     C      -      -      -      -      -      -    python         
    5    3210004     C      0      0      -      -      -      -    sglang::schedul
    5    3209596     C      -      -      -      -      -      -    python         
    5    3210004     C      0      0      -      -      -      -    sglang::schedul
    5    3209596     C      -      -      -      -      -      -    python         
    5    3210004     C     20      4      -      -      -      -    sglang::schedul
    5    3209596     C      -      -      -      -      -      -    python         
    5    3210004     C     30      8      -      -      -      -    sglang::schedul
    5    3209596     C      -      -      -      -      -      -    python         
    5    3210004     C     98     60      -      -      -      -    sglang::schedul
    5    3209596     C      -      -      -      -      -      -    python         
    5    3210004     C     98     79      -      -      -      -    sglang::schedul
    5    3209596     C      -      -      -      -      -      -    python         
    5    3210004     C     98     80      -      -      -      -    sglang::schedul
# gpu         pid   type     sm    mem    enc    dec    jpg    ofa    command 
# Idx           #    C/G      %      %      %      %      %      %    name 
    5    3209596     C      -      -      -      -      -      -    python         
    5    3210004     C     98     70      -      -      -      -    sglang::schedul
    5    3209596     C      -      -      -      -      -      -    python         
    5    3210004     C     98     62      -      -      -      -    sglang::schedul
    5    3209596     C      -      -      -      -      -      -    python         
    5    3210004     C     99     79      -      -      -      -    sglang::schedul
    5    3209596     C      -      -      -      -      -      -    python         
    5    3210004     C     99     80      -      -      -      -    sglang::schedul
    5    3209596     C      -      -      -      -      -      -    python         
    5    3210004     C     99     81      -      -      -      -    sglang::schedul
    5    3209596     C      -      -      -      -      -      -    python         
    5    3210004     C     98     64      -      -      -      -    sglang::schedul
    5    3209596     C      -      -      -      -      -      -    python         
    5    3210004     C     99     75      -      -      -      -    sglang::schedul
    5    3209596     C      -      -      -      -      -      -    python         
    5    3210004     C     98     80      -      -      -      -    sglang::schedul
    5    3209596     C      -      -      -      -      -      -    python         
    5    3210004     C     98     80      -      -      -      -    sglang::schedul
    5    3209596     C      -      -      -      -      -      -    python         
    5    3210004     C     98     65      -      -      -      -    sglang::schedul
    5    3209596     C      -      -      -      -      -      -    python         
    5    3210004     C     99     67      -      -      -      -    sglang::schedul
    5    3209596     C      -      -      -      -      -      -    python         
    5    3210004     C     99     80      -      -      -      -    sglang::schedul
    5    3209596     C      -      -      -      -      -      -    python         
    5    3210004     C     98     80      -      -      -      -    sglang::schedul
    5    3209596     C      -      -      -      -      -      -    python         
    5    3210004     C     99     51      -      -      -      -    sglang::schedul
    5    3209596     C      -      -      -      -      -      -    python         
    5    3210004     C     99     79      -      -      -      -    sglang::schedul
    5    3209596     C      -      -      -      -      -      -    python         
    5    3210004     C     99     80      -      -      -      -    sglang::schedul
    5    3209596     C      -      -      -      -      -      -    python         
    5    3210004     C     99     80      -      -      -      -    sglang::schedul
    5    3209596     C      -      -      -      -      -      -    python         
    5    3210004     C     98     57      -      -      -      -    sglang::schedul
    5    3209596     C      -      -      -      -      -      -    python         
    5    3210004     C     98     74      -      -      -      -    sglang::schedul
    5    3209596     C      -      -      -      -      -      -    python         
    5    3210004     C     98     79      -      -      -      -    sglang::schedul
    5    3209596     C      -      -      -      -      -      -    python         
    5    3210004     C     98     79      -      -      -      -    sglang::schedul
    5    3209596     C      -      -      -      -      -      -    python         
    5    3210004     C     98     61      -      -      -      -    sglang::schedul
# gpu         pid   type     sm    mem    enc    dec    jpg    ofa    command 
# Idx           #    C/G      %      %      %      %      %      %    name 
    5    3209596     C      -      -      -      -      -      -    python         
    5    3210004     C     97     61      -      -      -      -    sglang::schedul
    5    3209596     C      -      -      -      -      -      -    python         
    5    3210004     C     99     80      -      -      -      -    sglang::schedul
    5    3209596     C      -      -      -      -      -      -    python         
    5    3210004     C     99     80      -      -      -      -    sglang::schedul
    5    3209596     C      -      -      -      -      -      -    python         
    5    3210004     C     98     68      -      -      -      -    sglang::schedul
    5    3209596     C      -      -      -      -      -      -    python         
    5    3210004     C     98     64      -      -      -      -    sglang::schedul
    5    3209596     C      -      -      -      -      -      -    python         
    5    3210004     C     99     79      -      -      -      -    sglang::schedul
    5    3209596     C      -      -      -      -      -      -    python         
    5    3210004     C     99     80      -      -      -      -    sglang::schedul
    5    3209596     C      -      -      -      -      -      -    python         
    5    3210004     C     98     73      -      -      -      -    sglang::schedul
    5    3209596     C      -      -      -      -      -      -    python         
    5    3210004     C     98     63      -      -      -      -    sglang::schedul
    5    3209596     C      -      -      -      -      -      -    python         
    5    3210004     C     98     75      -      -      -      -    sglang::schedul
    5    3209596     C      -      -      -      -      -      -    python         
    5    3210004     C     99     79      -      -      -      -    sglang::schedul
    5    3209596     C      -      -      -      -      -      -    python         
    5    3210004     C     99     76      -      -      -      -    sglang::schedul
    5    3209596     C      -      -      -      -      -      -    python         
    5    3210004     C     99     55      -      -      -      -    sglang::schedul
    5    3209596     C      -      -      -      -      -      -    python         
    5    3210004     C     99     79      -      -      -      -    sglang::schedul
    5    3209596     C      -      -      -      -      -      -    python         
    5    3210004     C     99     80      -      -      -      -    sglang::schedul
    5    3209596     C      -      -      -      -      -      -    python         
    5    3210004     C     99     81      -      -      -      -    sglang::schedul
    5    3209596     C      -      -      -      -      -      -    python         
    5    3210004     C     21     17      -      -      -      -    sglang::schedul
    5    3209596     C      -      -      -      -      -      -    python         
    5    3210004     C      0      0      -      -      -      -    sglang::schedul
    5    3209596     C      -      -      -      -      -      -    python         
    5    3210004     C      0      0      -      -      -      -    sglang::schedul
    5    3209596     C      -      -      -      -      -      -    python         
    5    3210004     C      0      0      -      -      -      -    sglang::schedul
    5    3209596     C      -      -      -      -      -      -    python         
    5    3210004     C      0      0      -      -      -      -    sglang::schedul
    5    3209596     C      -      -      -      -      -      -    python         
    5    3210004     C      6      0      -      -      -      -    sglang::schedul
# gpu         pid   type     sm    mem    enc    dec    jpg    ofa    command 
# Idx           #    C/G      %      %      %      %      %      %    name 
    5    3209596     C      -      -      -      -      -      -    python         
    5    3210004     C     20      3      -      -      -      -    sglang::schedul
    5    3209596     C      -      -      -      -      -      -    python         
    5    3210004     C     48     13      -      -      -      -    sglang::schedul
    5    3209596     C      -      -      -      -      -      -    python         
    5    3210004     C     98     59      -      -      -      -    sglang::schedul
    5    3209596     C      -      -      -      -      -      -    python         
    5    3210004     C     99     88      -      -      -      -    sglang::schedul
    5    3209596     C      -      -      -      -      -      -    python         
    5    3210004     C     99     88      -      -      -      -    sglang::schedul
    5    3209596     C      -      -      -      -      -      -    python         
    5    3210004     C     99     88      -      -      -      -    sglang::schedul
    5    3209596     C      -      -      -      -      -      -    python         
    5    3210004     C     99     89      -      -      -      -    sglang::schedul
    5    3209596     C      -      -      -      -      -      -    python         
    5    3210004     C     99     70      -      -      -      -    sglang::schedul
    5    3209596     C      -      -      -      -      -      -    python         
    5    3210004     C     99     53      -      -      -      -    sglang::schedul
    5    3209596     C      -      -      -      -      -      -    python         
    5    3210004     C     99     82      -      -      -      -    sglang::schedul
    5    3209596     C      -      -      -      -      -      -    python         
    5    3210004     C     99     88      -      -      -      -    sglang::schedul
    5    3209596     C      -      -      -      -      -      -    python         
    5    3210004     C     99     88      -      -      -      -    sglang::schedul
    5    3209596     C      -      -      -      -      -      -    python         
    5    3210004     C     99     88      -      -      -      -    sglang::schedul
    5    3209596     C      -      -      -      -      -      -    python         
    5    3210004     C     99     79      -      -      -      -    sglang::schedul
    5    3209596     C      -      -      -      -      -      -    python         
    5    3210004     C     99     56      -      -      -      -    sglang::schedul
    5    3209596     C      -      -      -      -      -      -    python         
    5    3210004     C     99     70      -      -      -      -    sglang::schedul
    5    3209596     C      -      -      -      -      -      -    python         
    5    3210004     C     99     88      -      -      -      -    sglang::schedul
    5    3209596     C      -      -      -      -      -      -    python         
    5    3210004     C     99     88      -      -      -      -    sglang::schedul
    5    3209596     C      -      -      -      -      -      -    python         
    5    3210004     C     99     89      -      -      -      -    sglang::schedul
    5    3209596     C      -      -      -      -      -      -    python         
    5    3210004     C     99     75      -      -      -      -    sglang::schedul
    5    3209596     C      -      -      -      -      -      -    python         
    5    3210004     C     99     39      -      -      -      -    sglang::schedul
    5    3209596     C      -      -      -      -      -      -    python         
    5    3210004     C     99     88      -      -      -      -    sglang::schedul
# gpu         pid   type     sm    mem    enc    dec    jpg    ofa    command 
# Idx           #    C/G      %      %      %      %      %      %    name 
    5    3209596     C      -      -      -      -      -      -    python         
    5    3210004     C     99     88      -      -      -      -    sglang::schedul
    5    3209596     C      -      -      -      -      -      -    python         
    5    3210004     C     99     88      -      -      -      -    sglang::schedul
    5    3209596     C      -      -      -      -      -      -    python         
    5    3210004     C     98     88      -      -      -      -    sglang::schedul
    5    3209596     C      -      -      -      -      -      -    python         
    5    3210004     C     98     85      -      -      -      -    sglang::schedul
    5    3209596     C      -      -      -      -      -      -    python         
    5    3210004     C     98     42      -      -      -      -    sglang::schedul
    5    3209596     C      -      -      -      -      -      -    python         
    5    3210004     C     98     72      -      -      -      -    sglang::schedul
    5    3209596     C      -      -      -      -      -      -    python         
    5    3210004     C     98     88      -      -      -      -    sglang::schedul
    5    3209596     C      -      -      -      -      -      -    python         
    5    3210004     C     98     88      -      -      -      -    sglang::schedul
    5    3209596     C      -      -      -      -      -      -    python         
    5    3210004     C     99     88      -      -      -      -    sglang::schedul
    5    3209596     C      -      -      -      -      -      -    python         
    5    3210004     C     98     89      -      -      -      -    sglang::schedul
    5    3209596     C      -      -      -      -      -      -    python         
    5    3210004     C     46     41      -      -      -      -    sglang::schedul
    5    3209596     C      -      -      -      -      -      -    python         
    5    3210004     C      0      0      -      -      -      -    sglang::schedul
    5    3209596     C      -      -      -      -      -      -    python         
    5    3210004     C      0      0      -      -      -      -    sglang::schedul
    5    3209596     C      -      -      -      -      -      -    python         
    5    3210004     C      0      0      -      -      -      -    sglang::schedul
    5    3209596     C      -      -      -      -      -      -    python         
    5    3210004     C      0      0      -      -      -      -    sglang::schedul
    5    3209596     C      -      -      -      -      -      -    python         
    5    3210004     C      0      0      -      -      -      -    sglang::schedul
    5    3209596     C      -      -      -      -      -      -    python         
    5    3210004     C     16      3      -      -      -      -    sglang::schedul
    5    3209596     C      -      -      -      -      -      -    python         
    5    3210004     C     36      8      -      -      -      -    sglang::schedul
    5    3209596     C      -      -      -      -      -      -    python         
    5    3210004     C     77     21      -      -      -      -    sglang::schedul
    5    3209596     C      -      -      -      -      -      -    python         
    5    3210004     C     99     45      -      -      -      -    sglang::schedul
    5    3209596     C      -      -      -      -      -      -    python         
    5    3210004     C     99     97      -      -      -      -    sglang::schedul
    5    3209596     C      -      -      -      -      -      -    python         
    5    3210004     C     99     97      -      -      -      -    sglang::schedul
# gpu         pid   type     sm    mem    enc    dec    jpg    ofa    command 
# Idx           #    C/G      %      %      %      %      %      %    name 
    5    3209596     C      -      -      -      -      -      -    python         
    5    3210004     C     99     98      -      -      -      -    sglang::schedul
    5    3209596     C      -      -      -      -      -      -    python         
    5    3210004     C     99     98      -      -      -      -    sglang::schedul
    5    3209596     C      -      -      -      -      -      -    python         
    5    3210004     C     99     97      -      -      -      -    sglang::schedul
    5    3209596     C      -      -      -      -      -      -    python         
    5    3210004     C     99     97      -      -      -      -    sglang::schedul
    5    3209596     C      -      -      -      -      -      -    python         
    5    3210004     C     99     98      -      -      -      -    sglang::schedul
    5    3209596     C      -      -      -      -      -      -    python         
    5    3210004     C     99     76      -      -      -      -    sglang::schedul
    5    3209596     C      -      -      -      -      -      -    python         
    5    3210004     C     99     29      -      -      -      -    sglang::schedul
    5    3209596     C      -      -      -      -      -      -    python         
    5    3210004     C     98     51      -      -      -      -    sglang::schedul
    5    3209596     C      -      -      -      -      -      -    python         
    5    3210004     C     98     97      -      -      -      -    sglang::schedul
    5    3209596     C      -      -      -      -      -      -    python         
    5    3210004     C     98     97      -      -      -      -    sglang::schedul
    5    3209596     C      -      -      -      -      -      -    python         
    5    3210004     C     98     97      -      -      -      -    sglang::schedul
    5    3209596     C      -      -      -      -      -      -    python         
    5    3210004     C     98     98      -      -      -      -    sglang::schedul
    5    3209596     C      -      -      -      -      -      -    python         
    5    3210004     C     98     98      -      -      -      -    sglang::schedul
    5    3209596     C      -      -      -      -      -      -    python         
    5    3210004     C     99     98      -      -      -      -    sglang::schedul
    5    3209596     C      -      -      -      -      -      -    python         
    5    3210004     C     99     99      -      -      -      -    sglang::schedul
    5    3209596     C      -      -      -      -      -      -    python         
    5    3210004     C     99     82      -      -      -      -    sglang::schedul
    5    3209596     C      -      -      -      -      -      -    python         
    5    3210004     C     99     38      -      -      -      -    sglang::schedul
    5    3209596     C      -      -      -      -      -      -    python         
    5    3210004     C     99     40      -      -      -      -    sglang::schedul
    5    3209596     C      -      -      -      -      -      -    python         
    5    3210004     C     99     83      -      -      -      -    sglang::schedul
    5    3209596     C      -      -      -      -      -      -    python         
    5    3210004     C     99     97      -      -      -      -    sglang::schedul
    5    3209596     C      -      -      -      -      -      -    python         
    5    3210004     C     99     97      -      -      -      -    sglang::schedul
    5    3209596     C      -      -      -      -      -      -    python         
    5    3210004     C     99     97      -      -      -      -    sglang::schedul
# gpu         pid   type     sm    mem    enc    dec    jpg    ofa    command 
# Idx           #    C/G      %      %      %      %      %      %    name 
    5    3209596     C      -      -      -      -      -      -    python         
    5    3210004     C     99     97      -      -      -      -    sglang::schedul
    5    3209596     C      -      -      -      -      -      -    python         
    5    3210004     C     99     98      -      -      -      -    sglang::schedul
    5    3209596     C      -      -      -      -      -      -    python         
    5    3210004     C     99     98      -      -      -      -    sglang::schedul
    5    3209596     C      -      -      -      -      -      -    python         
    5    3210004     C     99     86      -      -      -      -    sglang::schedul
    5    3209596     C      -      -      -      -      -      -    python         
    5    3210004     C     99     51      -      -      -      -    sglang::schedul
    5    3209596     C      -      -      -      -      -      -    python         
    5    3210004     C     99     46      -      -      -      -    sglang::schedul
    5    3209596     C      -      -      -      -      -      -    python         
    5    3210004     C     99     97      -      -      -      -    sglang::schedul
    5    3209596     C      -      -      -      -      -      -    python         
    5    3210004     C     99     97      -      -      -      -    sglang::schedul
    5    3209596     C      -      -      -      -      -      -    python         
    5    3210004     C     99     98      -      -      -      -    sglang::schedul
    5    3209596     C      -      -      -      -      -      -    python         
    5    3210004     C     99     97      -      -      -      -    sglang::schedul
    5    3209596     C      -      -      -      -      -      -    python         
    5    3210004     C     99     97      -      -      -      -    sglang::schedul
    5    3209596     C      -      -      -      -      -      -    python         
    5    3210004     C     99     97      -      -      -      -    sglang::schedul
    5    3209596     C      -      -      -      -      -      -    python         
    5    3210004     C     99     97      -      -      -      -    sglang::schedul
    5    3209596     C      -      -      -      -      -      -    python         
    5    3210004     C     99     90      -      -      -      -    sglang::schedul
    5    3209596     C      -      -      -      -      -      -    python         
    5    3210004     C     98     31      -      -      -      -    sglang::schedul
    5    3209596     C      -      -      -      -      -      -    python         
    5    3210004     C     98     40      -      -      -      -    sglang::schedul
    5    3209596     C      -      -      -      -      -      -    python         
    5    3210004     C     98     89      -      -      -      -    sglang::schedul
    5    3209596     C      -      -      -      -      -      -    python         
    5    3210004     C     98     97      -      -      -      -    sglang::schedul
    5    3209596     C      -      -      -      -      -      -    python         
    5    3210004     C     98     97      -      -      -      -    sglang::schedul
    5    3209596     C      -      -      -      -      -      -    python         
    5    3210004     C     98     98      -      -      -      -    sglang::schedul
    5    3209596     C      -      -      -      -      -      -    python         
    5    3210004     C     99     98      -      -      -      -    sglang::schedul
    5    3209596     C      -      -      -      -      -      -    python         
    5    3210004     C     99     98      -      -      -      -    sglang::schedul
# gpu         pid   type     sm    mem    enc    dec    jpg    ofa    command 
# Idx           #    C/G      %      %      %      %      %      %    name 
    5    3209596     C      -      -      -      -      -      -    python         
    5    3210004     C     99     98      -      -      -      -    sglang::schedul
    5    3209596     C      -      -      -      -      -      -    python         
    5    3210004     C     95     94      -      -      -      -    sglang::schedul
    5    3209596     C      -      -      -      -      -      -    python         
    5    3210004     C     33     32      -      -      -      -    sglang::schedul
    5    3209596     C      -      -      -      -      -      -    python         
    5    3210004     C      0      0      -      -      -      -    sglang::schedul
    5    3209596     C      -      -      -      -      -      -    python         
    5    3210004     C      0      0      -      -      -      -    sglang::schedul
    5    3209596     C      -      -      -      -      -      -    python         
    5    3210004     C      0      0      -      -      -      -    sglang::schedul
    5    3209596     C      -      -      -      -      -      -    python         
    5    3210004     C      0      0      -      -      -      -    sglang::schedul
    5    3209596     C      -      -      -      -      -      -    python         
    5    3210004     C      0      0      -      -      -      -    sglang::schedul
    5    3209596     C      -      -      -      -      -      -    python         
    5    3210004     C      2      0      -      -      -      -    sglang::schedul
    5    3209596     C      -      -      -      -      -      -    python         
    5    3210004     C     15      2      -      -      -      -    sglang::schedul
    5    3209596     C      -      -      -      -      -      -    python         
    5    3210004     C     46     12      -      -      -      -    sglang::schedul
    5    3209596     C      -      -      -      -      -      -    python         
    5    3210004     C     94     26      -      -      -      -    sglang::schedul
    5    3209596     C      -      -      -      -      -      -    python         
    5    3210004     C     99     30      -      -      -      -    sglang::schedul
    5    3209596     C      -      -      -      -      -      -    python         
    5    3210004     C     99     32      -      -      -      -    sglang::schedul
    5    3209596     C      -      -      -      -      -      -    python         
    5    3210004     C     98     80      -      -      -      -    sglang::schedul
    5    3209596     C      -      -      -      -      -      -    python         
    5    3210004     C     99    100      -      -      -      -    sglang::schedul
    5    3209596     C      -      -      -      -      -      -    python         
    5    3210004     C     98    100      -      -      -      -    sglang::schedul
    5    3209596     C      -      -      -      -      -      -    python         
    5    3210004     C     98    100      -      -      -      -    sglang::schedul
    5    3209596     C      -      -      -      -      -      -    python         
    5    3210004     C     98    100      -      -      -      -    sglang::schedul
    5    3209596     C      -      -      -      -      -      -    python         
    5    3210004     C     98    100      -      -      -      -    sglang::schedul
    5    3209596     C      -      -      -      -      -      -    python         
    5    3210004     C     98    100      -      -      -      -    sglang::schedul
    5    3209596     C      -      -      -      -      -      -    python         
    5    3210004     C     98    100      -      -      -      -    sglang::schedul
# gpu         pid   type     sm    mem    enc    dec    jpg    ofa    command 
# Idx           #    C/G      %      %      %      %      %      %    name 
    5    3209596     C      -      -      -      -      -      -    python         
    5    3210004     C     99    100      -      -      -      -    sglang::schedul
    5    3209596     C      -      -      -      -      -      -    python         
    5    3210004     C     99    100      -      -      -      -    sglang::schedul
    5    3209596     C      -      -      -      -      -      -    python         
    5    3210004     C     99    100      -      -      -      -    sglang::schedul
    5    3209596     C      -      -      -      -      -      -    python         
    5    3210004     C     99    100      -      -      -      -    sglang::schedul
    5    3209596     C      -      -      -      -      -      -    python         
    5    3210004     C     99    100      -      -      -      -    sglang::schedul
    5    3209596     C      -      -      -      -      -      -    python         
    5    3210004     C     99     93      -      -      -      -    sglang::schedul
    5    3209596     C      -      -      -      -      -      -    python         
    5    3210004     C     99     49      -      -      -      -    sglang::schedul
    5    3209596     C      -      -      -      -      -      -    python         
    5    3210004     C     99     33      -      -      -      -    sglang::schedul
    5    3209596     C      -      -      -      -      -      -    python         
    5    3210004     C     99     33      -      -      -      -    sglang::schedul
    5    3209596     C      -      -      -      -      -      -    python         
    5    3210004     C     99     33      -      -      -      -    sglang::schedul
    5    3209596     C      -      -      -      -      -      -    python         
    5    3210004     C     99     69      -      -      -      -    sglang::schedul
    5    3209596     C      -      -      -      -      -      -    python         
    5    3210004     C     99    100      -      -      -      -    sglang::schedul
    5    3209596     C      -      -      -      -      -      -    python         
    5    3210004     C     99    100      -      -      -      -    sglang::schedul
    5    3209596     C      -      -      -      -      -      -    python         
    5    3210004     C     99    100      -      -      -      -    sglang::schedul
    5    3209596     C      -      -      -      -      -      -    python         
    5    3210004     C     99    100      -      -      -      -    sglang::schedul
    5    3209596     C      -      -      -      -      -      -    python         
    5    3210004     C     99    100      -      -      -      -    sglang::schedul
    5    3209596     C      -      -      -      -      -      -    python         
    5    3210004     C     99    100      -      -      -      -    sglang::schedul
    5    3209596     C      -      -      -      -      -      -    python         
    5    3210004     C     99    100      -      -      -      -    sglang::schedul
    5    3209596     C      -      -      -      -      -      -    python         
    5    3210004     C     99    100      -      -      -      -    sglang::schedul
    5    3209596     C      -      -      -      -      -      -    python         
    5    3210004     C     99    100      -      -      -      -    sglang::schedul
    5    3209596     C      -      -      -      -      -      -    python         
    5    3210004     C     99    100      -      -      -      -    sglang::schedul
    5    3209596     C      -      -      -      -      -      -    python         
    5    3210004     C     99    100      -      -      -      -    sglang::schedul
# gpu         pid   type     sm    mem    enc    dec    jpg    ofa    command 
# Idx           #    C/G      %      %      %      %      %      %    name 
    5    3209596     C      -      -      -      -      -      -    python         
    5    3210004     C     99    100      -      -      -      -    sglang::schedul
    5    3209596     C      -      -      -      -      -      -    python         
    5    3210004     C     98     77      -      -      -      -    sglang::schedul
    5    3209596     C      -      -      -      -      -      -    python         
    5    3210004     C     98     33      -      -      -      -    sglang::schedul
    5    3209596     C      -      -      -      -      -      -    python         
    5    3210004     C     98     33      -      -      -      -    sglang::schedul
    5    3209596     C      -      -      -      -      -      -    python         
    5    3210004     C     98     33      -      -      -      -    sglang::schedul
    5    3209596     C      -      -      -      -      -      -    python         
    5    3210004     C     98     37      -      -      -      -    sglang::schedul
    5    3209596     C      -      -      -      -      -      -    python         
    5    3210004     C     98     85      -      -      -      -    sglang::schedul
    5    3209596     C      -      -      -      -      -      -    python         
    5    3210004     C     99    100      -      -      -      -    sglang::schedul
    5    3209596     C      -      -      -      -      -      -    python         
    5    3210004     C     99    100      -      -      -      -    sglang::schedul
    5    3209596     C      -      -      -      -      -      -    python         
    5    3210004     C     99    100      -      -      -      -    sglang::schedul
    5    3209596     C      -      -      -      -      -      -    python         
    5    3210004     C     99    100      -      -      -      -    sglang::schedul
    5    3209596     C      -      -      -      -      -      -    python         
    5    3210004     C     99    100      -      -      -      -    sglang::schedul
    5    3209596     C      -      -      -      -      -      -    python         
    5    3210004     C     99    100      -      -      -      -    sglang::schedul
    5    3209596     C      -      -      -      -      -      -    python         
    5    3210004     C     99    100      -      -      -      -    sglang::schedul
    5    3209596     C      -      -      -      -      -      -    python         
    5    3210004     C     99    100      -      -      -      -    sglang::schedul
    5    3209596     C      -      -      -      -      -      -    python         
    5    3210004     C     99    100      -      -      -      -    sglang::schedul
    5    3209596     C      -      -      -      -      -      -    python         
    5    3210004     C     99    100      -      -      -      -    sglang::schedul
    5    3209596     C      -      -      -      -      -      -    python         
    5    3210004     C     99    100      -      -      -      -    sglang::schedul
    5    3209596     C      -      -      -      -      -      -    python         
    5    3210004     C     99    100      -      -      -      -    sglang::schedul
    5    3209596     C      -      -      -      -      -      -    python         
    5    3210004     C     99     80      -      -      -      -    sglang::schedul
    5    3209596     C      -      -      -      -      -      -    python         
    5    3210004     C     99     33      -      -      -      -    sglang::schedul
    5    3209596     C      -      -      -      -      -      -    python         
    5    3210004     C     99     33      -      -      -      -    sglang::schedul
# gpu         pid   type     sm    mem    enc    dec    jpg    ofa    command 
# Idx           #    C/G      %      %      %      %      %      %    name 
    5    3209596     C      -      -      -      -      -      -    python         
    5    3210004     C     99     33      -      -      -      -    sglang::schedul
    5    3209596     C      -      -      -      -      -      -    python         
    5    3210004     C     99     54      -      -      -      -    sglang::schedul
    5    3209596     C      -      -      -      -      -      -    python         
    5    3210004     C     99    100      -      -      -      -    sglang::schedul
    5    3209596     C      -      -      -      -      -      -    python         
    5    3210004     C     99    100      -      -      -      -    sglang::schedul
    5    3209596     C      -      -      -      -      -      -    python         
    5    3210004     C     98    100      -      -      -      -    sglang::schedul
    5    3209596     C      -      -      -      -      -      -    python         
    5    3210004     C     98    100      -      -      -      -    sglang::schedul
    5    3209596     C      -      -      -      -      -      -    python         
    5    3210004     C     98    100      -      -      -      -    sglang::schedul
    5    3209596     C      -      -      -      -      -      -    python         
    5    3210004     C     98    100      -      -      -      -    sglang::schedul
    5    3209596     C      -      -      -      -      -      -    python         
    5    3210004     C     98    100      -      -      -      -    sglang::schedul
    5    3209596     C      -      -      -      -      -      -    python         
    5    3210004     C     98    100      -      -      -      -    sglang::schedul
    5    3209596     C      -      -      -      -      -      -    python         
    5    3210004     C     99    100      -      -      -      -    sglang::schedul
    5    3209596     C      -      -      -      -      -      -    python         
    5    3210004     C     99    100      -      -      -      -    sglang::schedul
    5    3209596     C      -      -      -      -      -      -    python         
    5    3210004     C     99    100      -      -      -      -    sglang::schedul
    5    3209596     C      -      -      -      -      -      -    python         
    5    3210004     C     99    100      -      -      -      -    sglang::schedul
    5    3209596     C      -      -      -      -      -      -    python         
    5    3210004     C     99    100      -      -      -      -    sglang::schedul
    5    3209596     C      -      -      -      -      -      -    python         
    5    3210004     C     99     74      -      -      -      -    sglang::schedul
    5    3209596     C      -      -      -      -      -      -    python         
    5    3210004     C     99     33      -      -      -      -    sglang::schedul
    5    3209596     C      -      -      -      -      -      -    python         
    5    3210004     C     99     33      -      -      -      -    sglang::schedul
    5    3209596     C      -      -      -      -      -      -    python         
    5    3210004     C     99     33      -      -      -      -    sglang::schedul
    5    3209596     C      -      -      -      -      -      -    python         
    5    3210004     C     99     48      -      -      -      -    sglang::schedul
    5    3209596     C      -      -      -      -      -      -    python         
    5    3210004     C     99     86      -      -      -      -    sglang::schedul
    5    3209596     C      -      -      -      -      -      -    python         
    5    3210004     C     99    100      -      -      -      -    sglang::schedul
# gpu         pid   type     sm    mem    enc    dec    jpg    ofa    command 
# Idx           #    C/G      %      %      %      %      %      %    name 
    5    3209596     C      -      -      -      -      -      -    python         
    5    3210004     C     99    100      -      -      -      -    sglang::schedul
    5    3209596     C      -      -      -      -      -      -    python         
    5    3210004     C     99    100      -      -      -      -    sglang::schedul
    5    3209596     C      -      -      -      -      -      -    python         
    5    3210004     C     99    100      -      -      -      -    sglang::schedul
    5    3209596     C      -      -      -      -      -      -    python         
    5    3210004     C     99    100      -      -      -      -    sglang::schedul
    5    3209596     C      -      -      -      -      -      -    python         
    5    3210004     C     99    100      -      -      -      -    sglang::schedul
    5    3209596     C      -      -      -      -      -      -    python         
    5    3210004     C     99    100      -      -      -      -    sglang::schedul
    5    3209596     C      -      -      -      -      -      -    python         
    5    3210004     C     99    100      -      -      -      -    sglang::schedul
    5    3209596     C      -      -      -      -      -      -    python         
    5    3210004     C     99    100      -      -      -      -    sglang::schedul
    5    3209596     C      -      -      -      -      -      -    python         
    5    3210004     C     99    100      -      -      -      -    sglang::schedul
    5    3209596     C      -      -      -      -      -      -    python         
    5    3210004     C     99    100      -      -      -      -    sglang::schedul
    5    3209596     C      -      -      -      -      -      -    python         
    5    3210004     C     98    100      -      -      -      -    sglang::schedul
    5    3209596     C      -      -      -      -      -      -    python         
    5    3210004     C     55     54      -      -      -      -    sglang::schedul
    5    3209596     C      -      -      -      -      -      -    python         
    5    3210004     C      0      0      -      -      -      -    sglang::schedul
    5    3209596     C      -      -      -      -      -      -    python         
    5    3210004     C      0      0      -      -      -      -    sglang::schedul
    5    3209596     C      -      -      -      -      -      -    python         
    5    3210004     C      0      0      -      -      -      -    sglang::schedul
    5    3209596     C      -      -      -      -      -      -    python         
    5    3210004     C      0      0      -      -      -      -    sglang::schedul
    5    3209596     C      -      -      -      -      -      -    python         
    5    3210004     C      0      0      -      -      -      -    sglang::schedul
    5    3209596     C      -      -      -      -      -      -    python         
    5    3210004     C      0      0      -      -      -      -    sglang::schedul
    5    3209596     C      -      -      -      -      -      -    python         
    5    3210004     C      0      0      -      -      -      -    sglang::schedul
    5    3209596     C      -      -      -      -      -      -    python         
    5    3210004     C     39      6      -      -      -      -    sglang::schedul
    5    3209596     C      -      -      -      -      -      -    python         
    5    3210004     C     34      5      -      -      -      -    sglang::schedul
    5    3209596     C      -      -      -      -      -      -    python         
    5    3210004     C     57     15      -      -      -      -    sglang::schedul
# gpu         pid   type     sm    mem    enc    dec    jpg    ofa    command 
# Idx           #    C/G      %      %      %      %      %      %    name 
    5    3209596     C      -      -      -      -      -      -    python         
    5    3210004     C     99     27      -      -      -      -    sglang::schedul
    5    3209596     C      -      -      -      -      -      -    python         
    5    3210004     C     99     29      -      -      -      -    sglang::schedul
    5    3209596     C      -      -      -      -      -      -    python         
    5    3210004     C     99     31      -      -      -      -    sglang::schedul
    5    3209596     C      -      -      -      -      -      -    python         
    5    3210004     C     99     33      -      -      -      -    sglang::schedul
    5    3209596     C      -      -      -      -      -      -    python         
    5    3210004     C     99     34      -      -      -      -    sglang::schedul
    5    3209596     C      -      -      -      -      -      -    python         
    5    3210004     C     99     36      -      -      -      -    sglang::schedul
    5    3209596     C      -      -      -      -      -      -    python         
    5    3210004     C     99     38      -      -      -      -    sglang::schedul
    5    3209596     C      -      -      -      -      -      -    python         
    5    3210004     C     99     56      -      -      -      -    sglang::schedul
    5    3209596     C      -      -      -      -      -      -    python         
    5    3210004     C     99    100      -      -      -      -    sglang::schedul
    5    3209596     C      -      -      -      -      -      -    python         
    5    3210004     C     99    100      -      -      -      -    sglang::schedul
    5    3209596     C      -      -      -      -      -      -    python         
    5    3210004     C     99    100      -      -      -      -    sglang::schedul
    5    3209596     C      -      -      -      -      -      -    python         
    5    3210004     C     99    100      -      -      -      -    sglang::schedul
    5    3209596     C      -      -      -      -      -      -    python         
    5    3210004     C     98    100      -      -      -      -    sglang::schedul
    5    3209596     C      -      -      -      -      -      -    python         
    5    3210004     C     98    100      -      -      -      -    sglang::schedul
    5    3209596     C      -      -      -      -      -      -    python         
    5    3210004     C     98    100      -      -      -      -    sglang::schedul
    5    3209596     C      -      -      -      -      -      -    python         
    5    3210004     C     98    100      -      -      -      -    sglang::schedul
    5    3209596     C      -      -      -      -      -      -    python         
    5    3210004     C     98    100      -      -      -      -    sglang::schedul
    5    3209596     C      -      -      -      -      -      -    python         
    5    3210004     C     98    100      -      -      -      -    sglang::schedul
    5    3209596     C      -      -      -      -      -      -    python         
    5    3210004     C     99    100      -      -      -      -    sglang::schedul
    5    3209596     C      -      -      -      -      -      -    python         
    5    3210004     C     99    100      -      -      -      -    sglang::schedul
    5    3209596     C      -      -      -      -      -      -    python         
    5    3210004     C     99    100      -      -      -      -    sglang::schedul
    5    3209596     C      -      -      -      -      -      -    python         
    5    3210004     C     99    100      -      -      -      -    sglang::schedul
# gpu         pid   type     sm    mem    enc    dec    jpg    ofa    command 
# Idx           #    C/G      %      %      %      %      %      %    name 
    5    3209596     C      -      -      -      -      -      -    python         
    5    3210004     C     99    100      -      -      -      -    sglang::schedul
    5    3209596     C      -      -      -      -      -      -    python         
    5    3210004     C     99    100      -      -      -      -    sglang::schedul
    5    3209596     C      -      -      -      -      -      -    python         
    5    3210004     C     99    100      -      -      -      -    sglang::schedul
    5    3209596     C      -      -      -      -      -      -    python         
    5    3210004     C     99    100      -      -      -      -    sglang::schedul
    5    3209596     C      -      -      -      -      -      -    python         
    5    3210004     C     99    100      -      -      -      -    sglang::schedul
    5    3209596     C      -      -      -      -      -      -    python         
    5    3210004     C     99    100      -      -      -      -    sglang::schedul
    5    3209596     C      -      -      -      -      -      -    python         
    5    3210004     C     99    100      -      -      -      -    sglang::schedul
    5    3209596     C      -      -      -      -      -      -    python         
    5    3210004     C     99    100      -      -      -      -    sglang::schedul
    5    3209596     C      -      -      -      -      -      -    python         
    5    3210004     C     99    100      -      -      -      -    sglang::schedul
    5    3209596     C      -      -      -      -      -      -    python         
    5    3210004     C     99     41      -      -      -      -    sglang::schedul
    5    3209596     C      -      -      -      -      -      -    python         
    5    3210004     C     99     41      -      -      -      -    sglang::schedul
    5    3209596     C      -      -      -      -      -      -    python         
    5    3210004     C     99     40      -      -      -      -    sglang::schedul
    5    3209596     C      -      -      -      -      -      -    python         
    5    3210004     C     99     40      -      -      -      -    sglang::schedul
    5    3209596     C      -      -      -      -      -      -    python         
    5    3210004     C     99     40      -      -      -      -    sglang::schedul
    5    3209596     C      -      -      -      -      -      -    python         
    5    3210004     C     99     40      -      -      -      -    sglang::schedul
    5    3209596     C      -      -      -      -      -      -    python         
    5    3210004     C     99     40      -      -      -      -    sglang::schedul
    5    3209596     C      -      -      -      -      -      -    python         
    5    3210004     C     99     40      -      -      -      -    sglang::schedul
    5    3209596     C      -      -      -      -      -      -    python         
    5    3210004     C     99     40      -      -      -      -    sglang::schedul
    5    3209596     C      -      -      -      -      -      -    python         
    5    3210004     C     98     81      -      -      -      -    sglang::schedul
    5    3209596     C      -      -      -      -      -      -    python         
    5    3210004     C     98    100      -      -      -      -    sglang::schedul
    5    3209596     C      -      -      -      -      -      -    python         
    5    3210004     C     98    100      -      -      -      -    sglang::schedul
    5    3209596     C      -      -      -      -      -      -    python         
    5    3210004     C     98    100      -      -      -      -    sglang::schedul
# gpu         pid   type     sm    mem    enc    dec    jpg    ofa    command 
# Idx           #    C/G      %      %      %      %      %      %    name 
    5    3209596     C      -      -      -      -      -      -    python         
    5    3210004     C     98    100      -      -      -      -    sglang::schedul
    5    3209596     C      -      -      -      -      -      -    python         
    5    3210004     C     99    100      -      -      -      -    sglang::schedul
    5    3209596     C      -      -      -      -      -      -    python         
    5    3210004     C     99    100      -      -      -      -    sglang::schedul
    5    3209596     C      -      -      -      -      -      -    python         
    5    3210004     C     99    100      -      -      -      -    sglang::schedul
    5    3209596     C      -      -      -      -      -      -    python         
    5    3210004     C     99    100      -      -      -      -    sglang::schedul
    5    3209596     C      -      -      -      -      -      -    python         
    5    3210004     C     99    100      -      -      -      -    sglang::schedul
    5    3209596     C      -      -      -      -      -      -    python         
    5    3210004     C     99    100      -      -      -      -    sglang::schedul
    5    3209596     C      -      -      -      -      -      -    python         
    5    3210004     C     99    100      -      -      -      -    sglang::schedul
    5    3209596     C      -      -      -      -      -      -    python         
    5    3210004     C     99    100      -      -      -      -    sglang::schedul
    5    3209596     C      -      -      -      -      -      -    python         
    5    3210004     C     99    100      -      -      -      -    sglang::schedul
    5    3209596     C      -      -      -      -      -      -    python         
    5    3210004     C     99    100      -      -      -      -    sglang::schedul
    5    3209596     C      -      -      -      -      -      -    python         
    5    3210004     C     99    100      -      -      -      -    sglang::schedul
    5    3209596     C      -      -      -      -      -      -    python         
    5    3210004     C     99    100      -      -      -      -    sglang::schedul
    5    3209596     C      -      -      -      -      -      -    python         
    5    3210004     C     99    100      -      -      -      -    sglang::schedul
    5    3209596     C      -      -      -      -      -      -    python         
    5    3210004     C     99    100      -      -      -      -    sglang::schedul
    5    3209596     C      -      -      -      -      -      -    python         
    5    3210004     C     99    100      -      -      -      -    sglang::schedul
    5    3209596     C      -      -      -      -      -      -    python         
    5    3210004     C     99    100      -      -      -      -    sglang::schedul
    5    3209596     C      -      -      -      -      -      -    python         
    5    3210004     C     99    100      -      -      -      -    sglang::schedul
    5    3209596     C      -      -      -      -      -      -    python         
    5    3210004     C     99    100      -      -      -      -    sglang::schedul
    5    3209596     C      -      -      -      -      -      -    python         
    5    3210004     C     98     85      -      -      -      -    sglang::schedul
    5    3209596     C      -      -      -      -      -      -    python         
    5    3210004     C     98     43      -      -      -      -    sglang::schedul
    5    3209596     C      -      -      -      -      -      -    python         
    5    3210004     C     98     40      -      -      -      -    sglang::schedul
# gpu         pid   type     sm    mem    enc    dec    jpg    ofa    command 
# Idx           #    C/G      %      %      %      %      %      %    name 
    5    3209596     C      -      -      -      -      -      -    python         
    5    3210004     C     98     40      -      -      -      -    sglang::schedul
    5    3209596     C      -      -      -      -      -      -    python         
    5    3210004     C     98     40      -      -      -      -    sglang::schedul
    5    3209596     C      -      -      -      -      -      -    python         
    5    3210004     C     98     40      -      -      -      -    sglang::schedul
    5    3209596     C      -      -      -      -      -      -    python         
    5    3210004     C     99     40      -      -      -      -    sglang::schedul
    5    3209596     C      -      -      -      -      -      -    python         
    5    3210004     C     99     40      -      -      -      -    sglang::schedul
    5    3209596     C      -      -      -      -      -      -    python         
    5    3210004     C     99     40      -      -      -      -    sglang::schedul
    5    3209596     C      -      -      -      -      -      -    python         
    5    3210004     C     99     50      -      -      -      -    sglang::schedul
    5    3209596     C      -      -      -      -      -      -    python         
    5    3210004     C     99     87      -      -      -      -    sglang::schedul
    5    3209596     C      -      -      -      -      -      -    python         
    5    3210004     C     99    100      -      -      -      -    sglang::schedul
    5    3209596     C      -      -      -      -      -      -    python         
    5    3210004     C     99    100      -      -      -      -    sglang::schedul
    5    3209596     C      -      -      -      -      -      -    python         
    5    3210004     C     99    100      -      -      -      -    sglang::schedul
    5    3209596     C      -      -      -      -      -      -    python         
    5    3210004     C     99    100      -      -      -      -    sglang::schedul
    5    3209596     C      -      -      -      -      -      -    python         
    5    3210004     C     99    100      -      -      -      -    sglang::schedul
    5    3209596     C      -      -      -      -      -      -    python         
    5    3210004     C     99    100      -      -      -      -    sglang::schedul
    5    3209596     C      -      -      -      -      -      -    python         
    5    3210004     C     99    100      -      -      -      -    sglang::schedul
    5    3209596     C      -      -      -      -      -      -    python         
    5    3210004     C     99    100      -      -      -      -    sglang::schedul
    5    3209596     C      -      -      -      -      -      -    python         
    5    3210004     C     99    100      -      -      -      -    sglang::schedul
    5    3209596     C      -      -      -      -      -      -    python         
    5    3210004     C     99    100      -      -      -      -    sglang::schedul
    5    3209596     C      -      -      -      -      -      -    python         
    5    3210004     C     99    100      -      -      -      -    sglang::schedul
    5    3209596     C      -      -      -      -      -      -    python         
    5    3210004     C     98    100      -      -      -      -    sglang::schedul
    5    3209596     C      -      -      -      -      -      -    python         
    5    3210004     C     98    100      -      -      -      -    sglang::schedul
    5    3209596     C      -      -      -      -      -      -    python         
    5    3210004     C     98    100      -      -      -      -    sglang::schedul
# gpu         pid   type     sm    mem    enc    dec    jpg    ofa    command 
# Idx           #    C/G      %      %      %      %      %      %    name 
    5    3209596     C      -      -      -      -      -      -    python         
    5    3210004     C     98    100      -      -      -      -    sglang::schedul
    5    3209596     C      -      -      -      -      -      -    python         
    5    3210004     C     98    100      -      -      -      -    sglang::schedul
    5    3209596     C      -      -      -      -      -      -    python         
    5    3210004     C     98    100      -      -      -      -    sglang::schedul
    5    3209596     C      -      -      -      -      -      -    python         
    5    3210004     C     99    100      -      -      -      -    sglang::schedul
    5    3209596     C      -      -      -      -      -      -    python         
    5    3210004     C     99    100      -      -      -      -    sglang::schedul
    5    3209596     C      -      -      -      -      -      -    python         
    5    3210004     C     99    100      -      -      -      -    sglang::schedul
    5    3209596     C      -      -      -      -      -      -    python         
    5    3210004     C     99    100      -      -      -      -    sglang::schedul
    5    3209596     C      -      -      -      -      -      -    python         
    5    3210004     C     99    100      -      -      -      -    sglang::schedul
    5    3209596     C      -      -      -      -      -      -    python         
    5    3210004     C     99     73      -      -      -      -    sglang::schedul
    5    3209596     C      -      -      -      -      -      -    python         
    5    3210004     C     99     41      -      -      -      -    sglang::schedul
    5    3209596     C      -      -      -      -      -      -    python         
    5    3210004     C     99     40      -      -      -      -    sglang::schedul
    5    3209596     C      -      -      -      -      -      -    python         
    5    3210004     C     99     40      -      -      -      -    sglang::schedul
    5    3209596     C      -      -      -      -      -      -    python         
    5    3210004     C     99     40      -      -      -      -    sglang::schedul
    5    3209596     C      -      -      -      -      -      -    python         
    5    3210004     C     99     40      -      -      -      -    sglang::schedul
    5    3209596     C      -      -      -      -      -      -    python         
    5    3210004     C     99     40      -      -      -      -    sglang::schedul
    5    3209596     C      -      -      -      -      -      -    python         
    5    3210004     C     99     40      -      -      -      -    sglang::schedul
    5    3209596     C      -      -      -      -      -      -    python         
    5    3210004     C     99     39      -      -      -      -    sglang::schedul
    5    3209596     C      -      -      -      -      -      -    python         
    5    3210004     C     99     86      -      -      -      -    sglang::schedul
    5    3209596     C      -      -      -      -      -      -    python         
    5    3210004     C     99    100      -      -      -      -    sglang::schedul
    5    3209596     C      -      -      -      -      -      -    python         
    5    3210004     C     98    100      -      -      -      -    sglang::schedul
    5    3209596     C      -      -      -      -      -      -    python         
    5    3210004     C     98    100      -      -      -      -    sglang::schedul
    5    3209596     C      -      -      -      -      -      -    python         
    5    3210004     C     98    100      -      -      -      -    sglang::schedul
# gpu         pid   type     sm    mem    enc    dec    jpg    ofa    command 
# Idx           #    C/G      %      %      %      %      %      %    name 
    5    3209596     C      -      -      -      -      -      -    python         
    5    3210004     C     98    100      -      -      -      -    sglang::schedul
    5    3209596     C      -      -      -      -      -      -    python         
    5    3210004     C     98    100      -      -      -      -    sglang::schedul
    5    3209596     C      -      -      -      -      -      -    python         
    5    3210004     C     99    100      -      -      -      -    sglang::schedul
    5    3209596     C      -      -      -      -      -      -    python         
    5    3210004     C     99    100      -      -      -      -    sglang::schedul
    5    3209596     C      -      -      -      -      -      -    python         
    5    3210004     C     99    100      -      -      -      -    sglang::schedul
    5    3209596     C      -      -      -      -      -      -    python         
    5    3210004     C     99    100      -      -      -      -    sglang::schedul
    5    3209596     C      -      -      -      -      -      -    python         
    5    3210004     C     99    100      -      -      -      -    sglang::schedul
    5    3209596     C      -      -      -      -      -      -    python         
    5    3210004     C     99    100      -      -      -      -    sglang::schedul
    5    3209596     C      -      -      -      -      -      -    python         
    5    3210004     C     99    100      -      -      -      -    sglang::schedul
    5    3209596     C      -      -      -      -      -      -    python         
    5    3210004     C     99    100      -      -      -      -    sglang::schedul
    5    3209596     C      -      -      -      -      -      -    python         
    5    3210004     C     99    100      -      -      -      -    sglang::schedul
    5    3209596     C      -      -      -      -      -      -    python         
    5    3210004     C     99    100      -      -      -      -    sglang::schedul
    5    3209596     C      -      -      -      -      -      -    python         
    5    3210004     C     99    100      -      -      -      -    sglang::schedul
    5    3209596     C      -      -      -      -      -      -    python         
    5    3210004     C     99    100      -      -      -      -    sglang::schedul
    5    3209596     C      -      -      -      -      -      -    python         
    5    3210004     C     99    100      -      -      -      -    sglang::schedul
    5    3209596     C      -      -      -      -      -      -    python         
    5    3210004     C     99    100      -      -      -      -    sglang::schedul
    5    3209596     C      -      -      -      -      -      -    python         
    5    3210004     C     99    100      -      -      -      -    sglang::schedul
    5    3209596     C      -      -      -      -      -      -    python         
    5    3210004     C     99    100      -      -      -      -    sglang::schedul
    5    3209596     C      -      -      -      -      -      -    python         
    5    3210004     C     99     97      -      -      -      -    sglang::schedul
    5    3209596     C      -      -      -      -      -      -    python         
    5    3210004     C     99     41      -      -      -      -    sglang::schedul
    5    3209596     C      -      -      -      -      -      -    python         
    5    3210004     C     99     40      -      -      -      -    sglang::schedul
    5    3209596     C      -      -      -      -      -      -    python         
    5    3210004     C     99     40      -      -      -      -    sglang::schedul
# gpu         pid   type     sm    mem    enc    dec    jpg    ofa    command 
# Idx           #    C/G      %      %      %      %      %      %    name 
    5    3209596     C      -      -      -      -      -      -    python         
    5    3210004     C     99     40      -      -      -      -    sglang::schedul
    5    3209596     C      -      -      -      -      -      -    python         
    5    3210004     C     99     40      -      -      -      -    sglang::schedul
    5    3209596     C      -      -      -      -      -      -    python         
    5    3210004     C     99     40      -      -      -      -    sglang::schedul
    5    3209596     C      -      -      -      -      -      -    python         
    5    3210004     C     98     40      -      -      -      -    sglang::schedul
    5    3209596     C      -      -      -      -      -      -    python         
    5    3210004     C     98     40      -      -      -      -    sglang::schedul
    5    3209596     C      -      -      -      -      -      -    python         
    5    3210004     C     98     40      -      -      -      -    sglang::schedul
    5    3209596     C      -      -      -      -      -      -    python         
    5    3210004     C     98     83      -      -      -      -    sglang::schedul
    5    3209596     C      -      -      -      -      -      -    python         
    5    3210004     C     98    100      -      -      -      -    sglang::schedul
    5    3209596     C      -      -      -      -      -      -    python         
    5    3210004     C     98    100      -      -      -      -    sglang::schedul
    5    3209596     C      -      -      -      -      -      -    python         
    5    3210004     C     99    100      -      -      -      -    sglang::schedul
    5    3209596     C      -      -      -      -      -      -    python         
    5    3210004     C     99    100      -      -      -      -    sglang::schedul
    5    3209596     C      -      -      -      -      -      -    python         
    5    3210004     C     99    100      -      -      -      -    sglang::schedul
    5    3209596     C      -      -      -      -      -      -    python         
    5    3210004     C     99    100      -      -      -      -    sglang::schedul
    5    3209596     C      -      -      -      -      -      -    python         
    5    3210004     C     99    100      -      -      -      -    sglang::schedul
    5    3209596     C      -      -      -      -      -      -    python         
    5    3210004     C     99    100      -      -      -      -    sglang::schedul
    5    3209596     C      -      -      -      -      -      -    python         
    5    3210004     C     99    100      -      -      -      -    sglang::schedul
    5    3209596     C      -      -      -      -      -      -    python         
    5    3210004     C     99    100      -      -      -      -    sglang::schedul
    5    3209596     C      -      -      -      -      -      -    python         
    5    3210004     C     99    100      -      -      -      -    sglang::schedul
    5    3209596     C      -      -      -      -      -      -    python         
    5    3210004     C     99    100      -      -      -      -    sglang::schedul
    5    3209596     C      -      -      -      -      -      -    python         
    5    3210004     C     99    100      -      -      -      -    sglang::schedul
    5    3209596     C      -      -      -      -      -      -    python         
    5    3210004     C     99    100      -      -      -      -    sglang::schedul
    5    3209596     C      -      -      -      -      -      -    python         
    5    3210004     C     99    100      -      -      -      -    sglang::schedul
# gpu         pid   type     sm    mem    enc    dec    jpg    ofa    command 
# Idx           #    C/G      %      %      %      %      %      %    name 
    5    3209596     C      -      -      -      -      -      -    python         
    5    3210004     C     99    100      -      -      -      -    sglang::schedul
    5    3209596     C      -      -      -      -      -      -    python         
    5    3210004     C     99    100      -      -      -      -    sglang::schedul
    5    3209596     C      -      -      -      -      -      -    python         
    5    3210004     C     99    100      -      -      -      -    sglang::schedul
    5    3209596     C      -      -      -      -      -      -    python         
    5    3210004     C     99    100      -      -      -      -    sglang::schedul
    5    3209596     C      -      -      -      -      -      -    python         
    5    3210004     C     98    100      -      -      -      -    sglang::schedul
    5    3209596     C      -      -      -      -      -      -    python         
    5    3210004     C     98    100      -      -      -      -    sglang::schedul
    5    3209596     C      -      -      -      -      -      -    python         
    5    3210004     C     98    100      -      -      -      -    sglang::schedul
    5    3209596     C      -      -      -      -      -      -    python         
    5    3210004     C     98    100      -      -      -      -    sglang::schedul
    5    3209596     C      -      -      -      -      -      -    python         
    5    3210004     C     85     85      -      -      -      -    sglang::schedul
    5    3209596     C      -      -      -      -      -      -    python         
    5    3210004     C     14     13      -      -      -      -    sglang::schedul
