[2026-10-08 06:14:09 TP0] Init parallel begin.
[2026-10-08 06:14:09 TP0] Init parallel ends. elapsed=0.31 s
[2026-10-08 06:14:09 TP0] Memory baseline taken. mem usage=0.00 GB
/root/qvl/venv-sgl/lib/python3.12/site-packages/torch/jit/_script.py:1491: FutureWarning: `torch.jit.script` is deprecated. Please switch to `torch.compile` or `torch.export`.
  warnings.warn(
/root/qvl/venv-sgl/lib/python3.12/site-packages/torch/jit/_script.py:1643: FutureWarning: `torch.jit.interface` is deprecated. Please use `torch.compile` instead.
  warnings.warn(
/root/qvl/venv-sgl/lib/python3.12/site-packages/torch/jit/_script.py:1491: FutureWarning: `torch.jit.script` is deprecated. Please switch to `torch.compile` or `torch.export`.
  warnings.warn(
[2026-10-08 06:14:13 TP0] Load weight begin. avail mem=266.92 GB
[2026-10-08 06:14:13 TP0] Multimodal attention backend not set. Use fa4.
[2026-10-08 06:14:13 TP0] Using fa4 as multimodal attention backend.

Multi-thread loading shards:   0% Completed | 0/2 [00:00<?, ?it/s]
Multi-thread loading shards:  50% Completed | 1/2 [00:00<00:00,  1.11it/s]
Multi-thread loading shards: 100% Completed | 2/2 [00:01<00:00,  1.04it/s]
Multi-thread loading shards: 100% Completed | 2/2 [00:01<00:00,  1.05it/s]
[2026-10-08 06:14:15 TP0] Load weight end. elapsed=2.67 s, type=Qwen3VLForConditionalGeneration, avail mem=258.39 GB, mem usage=8.53 GB.
[2026-10-08 06:14:16 TP0] Reserving 0.10 GB of the KV budget for post-sizing multimodal allocations (feature-transport pools + embedding cache).
[2026-10-08 06:14:16 TP0] KV Cache is allocated. dtype: torch.bfloat16, #tokens: 1600000, K size: 109.87 GB, V size: 109.87 GB
[2026-10-08 06:14:16 TP0] Memory pool end. avail mem=35.50 GB
[2026-10-08 06:14:16 TP0] Running FlashInfer autotune with cache: /root/qvl/experiments/current-pr-full-sweep/cap128_model/control/cache/flashinfer/autotune/0.7.0.post1/sm103/e601f2ea17165ebf/rank_tp0_pp0_dp0.json

[AutoTuner]: Tuning bf16_gemm:   0%|          | 0/1 [00:00<?, ?profile/s]
[AutoTuner]: Tuning bf16_gemm: 100%|██████████| 1/1 [00:00<00:00,  2.05profile/s]
[AutoTuner]: Tuning bf16_gemm: 100%|██████████| 1/1 [00:00<00:00,  2.05profile/s]

[AutoTuner]: Tuning bf16_gemm:   0%|          | 0/1 [00:00<?, ?profile/s]
[AutoTuner]: Tuning bf16_gemm: 100%|██████████| 1/1 [00:00<00:00, 10.48profile/s]

[AutoTuner]: Tuning bf16_gemm:   0%|          | 0/1 [00:00<?, ?profile/s]
[AutoTuner]: Tuning bf16_gemm: 100%|██████████| 1/1 [00:00<00:00, 20.90profile/s]

[AutoTuner]: Tuning bf16_gemm:   0%|          | 0/1 [00:00<?, ?profile/s]
[AutoTuner]: Tuning bf16_gemm: 100%|██████████| 1/1 [00:00<00:00, 31.63profile/s]
[2026-10-08 06:14:19 TP0] FlashInfer autotune completed.
[2026-10-08 06:14:19 TP0] Disable prefill CUDA graph because cuda_graph_config resolved prefill.backend='disabled' (e.g. via --cuda-graph-backend-prefill=disabled or auto-disable rules).
[2026-10-08 06:14:19 TP0] Capture target decode CUDA graph begin. backend=full, num_tokens_per_req=1, bs=[1, 2, 4, 8, 12, 16, 24, 32, 40, 48, 56, 64, 72, 80, 88, 96, 104, 112, 120, 128], avail mem=34.13 GB

  0%|          | 0/20 [00:00<?, ?it/s]
Capturing batches (bs=128 avail_mem=34.06 GB):   0%|          | 0/20 [00:00<?, ?it/s]
Capturing batches (bs=128 avail_mem=34.06 GB):   5%|▌         | 1/20 [00:00<00:11,  1.62it/s]
Capturing batches (bs=120 avail_mem=33.97 GB):   5%|▌         | 1/20 [00:00<00:11,  1.62it/s]
Capturing batches (bs=120 avail_mem=33.97 GB):  10%|█         | 2/20 [00:00<00:05,  3.20it/s]
Capturing batches (bs=112 avail_mem=33.97 GB):  10%|█         | 2/20 [00:00<00:05,  3.20it/s]
Capturing batches (bs=112 avail_mem=33.97 GB):  15%|█▌        | 3/20 [00:00<00:03,  4.63it/s]
Capturing batches (bs=104 avail_mem=33.96 GB):  15%|█▌        | 3/20 [00:00<00:03,  4.63it/s]
Capturing batches (bs=104 avail_mem=33.96 GB):  20%|██        | 4/20 [00:00<00:02,  5.85it/s]
Capturing batches (bs=96 avail_mem=33.96 GB):  20%|██        | 4/20 [00:00<00:02,  5.85it/s]
Capturing batches (bs=96 avail_mem=33.96 GB):  25%|██▌       | 5/20 [00:01<00:03,  3.94it/s]
Capturing batches (bs=88 avail_mem=33.96 GB):  25%|██▌       | 5/20 [00:01<00:03,  3.94it/s]
Capturing batches (bs=88 avail_mem=33.96 GB):  30%|███       | 6/20 [00:01<00:02,  4.93it/s]
Capturing batches (bs=80 avail_mem=33.96 GB):  30%|███       | 6/20 [00:01<00:02,  4.93it/s]
Capturing batches (bs=72 avail_mem=33.96 GB):  30%|███       | 6/20 [00:01<00:02,  4.93it/s]
Capturing batches (bs=72 avail_mem=33.96 GB):  40%|████      | 8/20 [00:01<00:01,  6.54it/s]
Capturing batches (bs=64 avail_mem=33.96 GB):  40%|████      | 8/20 [00:01<00:01,  6.54it/s]
Capturing batches (bs=64 avail_mem=33.96 GB):  45%|████▌     | 9/20 [00:01<00:01,  7.10it/s]
Capturing batches (bs=56 avail_mem=33.96 GB):  45%|████▌     | 9/20 [00:01<00:01,  7.10it/s]
Capturing batches (bs=56 avail_mem=33.96 GB):  50%|█████     | 10/20 [00:01<00:01,  7.66it/s]
Capturing batches (bs=48 avail_mem=33.96 GB):  50%|█████     | 10/20 [00:01<00:01,  7.66it/s]
Capturing batches (bs=48 avail_mem=33.96 GB):  55%|█████▌    | 11/20 [00:02<00:01,  4.91it/s]
Capturing batches (bs=40 avail_mem=33.96 GB):  55%|█████▌    | 11/20 [00:02<00:01,  4.91it/s]
Capturing batches (bs=40 avail_mem=33.96 GB):  60%|██████    | 12/20 [00:02<00:01,  5.68it/s]
Capturing batches (bs=32 avail_mem=33.95 GB):  60%|██████    | 12/20 [00:02<00:01,  5.68it/s]
Capturing batches (bs=32 avail_mem=33.95 GB):  65%|██████▌   | 13/20 [00:02<00:01,  6.43it/s]
Capturing batches (bs=24 avail_mem=33.95 GB):  65%|██████▌   | 13/20 [00:02<00:01,  6.43it/s]
Capturing batches (bs=24 avail_mem=33.95 GB):  70%|███████   | 14/20 [00:02<00:00,  7.06it/s]
Capturing batches (bs=16 avail_mem=33.95 GB):  70%|███████   | 14/20 [00:02<00:00,  7.06it/s]
Capturing batches (bs=16 avail_mem=33.95 GB):  75%|███████▌  | 15/20 [00:03<00:01,  2.78it/s]
Capturing batches (bs=12 avail_mem=33.95 GB):  75%|███████▌  | 15/20 [00:03<00:01,  2.78it/s]
Capturing batches (bs=12 avail_mem=33.95 GB):  80%|████████  | 16/20 [00:03<00:01,  3.53it/s]
Capturing batches (bs=8 avail_mem=33.95 GB):  80%|████████  | 16/20 [00:03<00:01,  3.53it/s]
Capturing batches (bs=8 avail_mem=33.95 GB):  85%|████████▌ | 17/20 [00:04<00:01,  2.37it/s]
Capturing batches (bs=4 avail_mem=33.95 GB):  85%|████████▌ | 17/20 [00:04<00:01,  2.37it/s]
Capturing batches (bs=4 avail_mem=33.95 GB):  90%|█████████ | 18/20 [00:04<00:00,  3.00it/s]
Capturing batches (bs=2 avail_mem=33.95 GB):  90%|█████████ | 18/20 [00:04<00:00,  3.00it/s]
Capturing batches (bs=2 avail_mem=33.95 GB):  95%|█████████▌| 19/20 [00:04<00:00,  3.69it/s]
Capturing batches (bs=1 avail_mem=33.95 GB):  95%|█████████▌| 19/20 [00:04<00:00,  3.69it/s]
Capturing batches (bs=1 avail_mem=33.95 GB): 100%|██████████| 20/20 [00:04<00:00,  3.46it/s]
Capturing batches (bs=1 avail_mem=33.95 GB): 100%|██████████| 20/20 [00:04<00:00,  4.11it/s]
[2026-10-08 06:14:25 TP0] Capture target decode CUDA graph end. elapsed=5.94 s, mem usage=0.19 GB, avail mem=33.95 GB.
max_total_num_tokens=1600000
MODEL_SEED_COMPLETE 123
MODEL_SEED_COMPLETE 124
