2026-10-07 22:31:36,638 - INFO - autotuner.py:1046 - flashinfer.jit: [Autotuner]: Autotuning process starts ...
[AutoTuner]: Tuning bf16_gemm:   0%|          | 0/1 [00:00<?, ?profile/s][AutoTuner]: Tuning bf16_gemm: 100%|██████████| 1/1 [00:00<00:00, 10.37profile/s]
2026-10-07 22:31:36,930 - INFO - autotuner.py:1069 - flashinfer.jit: [Autotuner]: Autotuning process ends
2026-10-07 22:31:37,022 - INFO - autotuner.py:3554 - flashinfer.jit: [Autotuner]: Saved 1 configs to /root/qvl/experiments/prefill-public-autotune/corrected-m8704-gpu4-cache.json (1 new, 0 from previous config)
{"name": "qkv", "gpu": "4", "m": 8704, "k": 2560, "n": 6144, "rotating_weights": 8, "weight_bytes": 251658240, "bitwise": true, "max_abs": 0.0, "relative_l2": 0.0, "us": {"torch": [158.89840126037598, 159.51119661331177, 197.96559810638428, 209.87439155578613], "public": [164.60800170898438, 163.99439573287964, 204.4935941696167, 204.08239364624023]}, "median_us": {"torch": 178.73839735984802, "public": 184.3451976776123}}
2026-10-07 22:31:38,461 - INFO - autotuner.py:1046 - flashinfer.jit: [Autotuner]: Autotuning process starts ...
[AutoTuner]: Tuning bf16_gemm:   0%|          | 0/1 [00:00<?, ?profile/s][AutoTuner]: Tuning bf16_gemm: 100%|██████████| 1/1 [00:00<00:00, 24.82profile/s]
2026-10-07 22:31:38,506 - INFO - autotuner.py:1069 - flashinfer.jit: [Autotuner]: Autotuning process ends
2026-10-07 22:31:38,507 - INFO - autotuner.py:3554 - flashinfer.jit: [Autotuner]: Saved 2 configs to /root/qvl/experiments/prefill-public-autotune/corrected-m8704-gpu4-cache.json (2 new, 0 from previous config)
{"name": "o", "gpu": "4", "m": 8704, "k": 4096, "n": 2560, "rotating_weights": 8, "weight_bytes": 167772160, "bitwise": true, "max_abs": 0.0, "relative_l2": 0.0, "us": {"torch": [107.77599811553955, 107.93039798736572, 108.13920497894287, 137.34400272369385], "public": [108.80719423294067, 108.90719890594482, 134.45039987564087, 133.45279693603516]}, "median_us": {"torch": 108.0348014831543, "public": 121.17999792098999}}
2026-10-07 22:31:38,603 - INFO - autotuner.py:1046 - flashinfer.jit: [Autotuner]: Autotuning process starts ...
[AutoTuner]: Tuning bf16_gemm:   0%|          | 0/1 [00:00<?, ?profile/s][AutoTuner]: Tuning bf16_gemm: 100%|██████████| 1/1 [00:00<00:00, 10.68profile/s]
2026-10-07 22:31:38,704 - INFO - autotuner.py:1069 - flashinfer.jit: [Autotuner]: Autotuning process ends
2026-10-07 22:31:38,705 - INFO - autotuner.py:3554 - flashinfer.jit: [Autotuner]: Saved 3 configs to /root/qvl/experiments/prefill-public-autotune/corrected-m8704-gpu4-cache.json (3 new, 0 from previous config)
{"name": "gateup", "gpu": "4", "m": 8704, "k": 2560, "n": 19456, "rotating_weights": 8, "weight_bytes": 796917760, "bitwise": true, "max_abs": 0.0, "relative_l2": 0.0, "us": {"torch": [473.78478050231934, 613.7856006622314, 600.9848117828369, 620.033597946167], "public": [593.2767868041992, 646.8088150024414, 609.7928047180176, 628.172779083252]}, "median_us": {"torch": 607.3852062225342, "public": 618.9827919006348}}
2026-10-07 22:31:39,087 - INFO - autotuner.py:1046 - flashinfer.jit: [Autotuner]: Autotuning process starts ...
[AutoTuner]: Tuning bf16_gemm:   0%|          | 0/1 [00:00<?, ?profile/s][AutoTuner]: Tuning bf16_gemm: 100%|██████████| 1/1 [00:00<00:00, 17.15profile/s]
2026-10-07 22:31:39,147 - INFO - autotuner.py:1069 - flashinfer.jit: [Autotuner]: Autotuning process ends
2026-10-07 22:31:39,148 - INFO - autotuner.py:3554 - flashinfer.jit: [Autotuner]: Saved 4 configs to /root/qvl/experiments/prefill-public-autotune/corrected-m8704-gpu4-cache.json (4 new, 0 from previous config)
{"name": "down", "gpu": "4", "m": 8704, "k": 9728, "n": 2560, "rotating_weights": 8, "weight_bytes": 398458880, "bitwise": true, "max_abs": 0.0, "relative_l2": 0.0, "us": {"torch": [265.34318923950195, 342.32640266418457, 353.1280040740967, 354.14960384368896], "public": [270.25840282440186, 269.13599967956543, 340.0968074798584, 336.5880012512207]}, "median_us": {"torch": 347.7272033691406, "public": 303.4232020378113}}
