# gpu         pid   type     sm    mem    enc    dec    jpg    ofa    command 
# Idx           #    C/G      %      %      %      %      %      %    name 
    2          -     -      -      -      -      -      -      -    -              
    2          -     -      -      -      -      -      -      -    -              
    2          -     -      -      -      -      -      -      -    -              
    2          -     -      -      -      -      -      -      -    -              
    2          -     -      -      -      -      -      -      -    -              
    2          -     -      -      -      -      -      -      -    -              
    2          -     -      -      -      -      -      -      -    -              
    2          -     -      -      -      -      -      -      -    -              
    2          -     -      -      -      -      -      -      -    -              
    2          -     -      -      -      -      -      -      -    -              
    2          -     -      -      -      -      -      -      -    -              
    2          -     -      -      -      -      -      -      -    -              
    2          -     -      -      -      -      -      -      -    -              
    2          -     -      -      -      -      -      -      -    -              
    2          -     -      -      -      -      -      -      -    -              
    2          -     -      -      -      -      -      -      -    -              
    2          -     -      -      -      -      -      -      -    -              
    2          -     -      -      -      -      -      -      -    -              
    2          -     -      -      -      -      -      -      -    -              
    2    3156405     C      -      -      -      -      -      -    sglang::schedul
    2    3156405     C      0      0      -      -      -      -    sglang::schedul
    2    3156405     C      0      0      -      -      -      -    sglang::schedul
    2    3156405     C      0      0      -      -      -      -    sglang::schedul
    2    3156405     C      0      0      -      -      -      -    sglang::schedul
    2    3156405     C      4      0      -      -      -      -    sglang::schedul
    2    3156405     C     10      0      -      -      -      -    sglang::schedul
    2    3156405     C      5      0      -      -      -      -    sglang::schedul
    2    3156405     C      0      0      -      -      -      -    sglang::schedul
    2    3156405     C      0      0      -      -      -      -    sglang::schedul
    2    3156405     C      6      3      -      -      -      -    sglang::schedul
    2    3156405     C      0      0      -      -      -      -    sglang::schedul
    2    3156405     C      3      0      -      -      -      -    sglang::schedul
    2    3156405     C     17      4      -      -      -      -    sglang::schedul
    2    3156405     C     11      3      -      -      -      -    sglang::schedul
    2    3156405     C      4      1      -      -      -      -    sglang::schedul
    2    3156405     C      5      1      -      -      -      -    sglang::schedul
    2    3156405     C      2      0      -      -      -      -    sglang::schedul
    2    3156405     C      1      0      -      -      -      -    sglang::schedul
    2    3155726     C      -      -      -      -      -      -    python         
    2    3156405     C      0      0      -      -      -      -    sglang::schedul
    2    3155726     C      0      0      -      -      -      -    python         
    2    3156405     C      0      0      -      -      -      -    sglang::schedul
    2    3155726     C      -      -      -      -      -      -    python         
    2    3156405     C      1      0      -      -      -      -    sglang::schedul
# gpu         pid   type     sm    mem    enc    dec    jpg    ofa    command 
# Idx           #    C/G      %      %      %      %      %      %    name 
    2    3155726     C      -      -      -      -      -      -    python         
    2    3156405     C      1      0      -      -      -      -    sglang::schedul
    2    3155726     C      -      -      -      -      -      -    python         
    2    3156405     C      0      0      -      -      -      -    sglang::schedul
    2    3155726     C      -      -      -      -      -      -    python         
    2    3156405     C      0      0      -      -      -      -    sglang::schedul
    2    3155726     C      -      -      -      -      -      -    python         
    2    3156405     C     26      5      -      -      -      -    sglang::schedul
    2    3155726     C      -      -      -      -      -      -    python         
    2    3156405     C     41     20      -      -      -      -    sglang::schedul
    2    3155726     C      -      -      -      -      -      -    python         
    2    3156405     C     89     51      -      -      -      -    sglang::schedul
    2    3155726     C      -      -      -      -      -      -    python         
    2    3156405     C     98     56      -      -      -      -    sglang::schedul
    2    3155726     C      -      -      -      -      -      -    python         
    2    3156405     C     99     58      -      -      -      -    sglang::schedul
    2    3155726     C      -      -      -      -      -      -    python         
    2    3156405     C     99     58      -      -      -      -    sglang::schedul
    2    3155726     C      -      -      -      -      -      -    python         
    2    3156405     C     96     54      -      -      -      -    sglang::schedul
    2    3155726     C      -      -      -      -      -      -    python         
    2    3156405     C     99     58      -      -      -      -    sglang::schedul
    2    3155726     C      -      -      -      -      -      -    python         
    2    3156405     C     99     58      -      -      -      -    sglang::schedul
    2    3155726     C      -      -      -      -      -      -    python         
    2    3156405     C     97     55      -      -      -      -    sglang::schedul
    2    3155726     C      -      -      -      -      -      -    python         
    2    3156405     C     98     58      -      -      -      -    sglang::schedul
    2    3155726     C      -      -      -      -      -      -    python         
    2    3156405     C     97     55      -      -      -      -    sglang::schedul
    2    3155726     C      -      -      -      -      -      -    python         
    2    3156405     C     97     55      -      -      -      -    sglang::schedul
    2    3155726     C      -      -      -      -      -      -    python         
    2    3156405     C     98     58      -      -      -      -    sglang::schedul
    2    3155726     C      -      -      -      -      -      -    python         
    2    3156405     C     97     56      -      -      -      -    sglang::schedul
    2    3155726     C      -      -      -      -      -      -    python         
    2    3156405     C     98     58      -      -      -      -    sglang::schedul
    2    3155726     C      -      -      -      -      -      -    python         
    2    3156405     C     97     56      -      -      -      -    sglang::schedul
    2    3155726     C      -      -      -      -      -      -    python         
    2    3156405     C     97     56      -      -      -      -    sglang::schedul
    2    3155726     C      -      -      -      -      -      -    python         
    2    3156405     C     98     58      -      -      -      -    sglang::schedul
# gpu         pid   type     sm    mem    enc    dec    jpg    ofa    command 
# Idx           #    C/G      %      %      %      %      %      %    name 
    2    3155726     C      -      -      -      -      -      -    python         
    2    3156405     C     96     55      -      -      -      -    sglang::schedul
    2    3155726     C      -      -      -      -      -      -    python         
    2    3156405     C     97     56      -      -      -      -    sglang::schedul
    2    3155726     C      -      -      -      -      -      -    python         
    2    3156405     C     99     58      -      -      -      -    sglang::schedul
    2    3155726     C      -      -      -      -      -      -    python         
    2    3156405     C     97     56      -      -      -      -    sglang::schedul
    2    3155726     C      -      -      -      -      -      -    python         
    2    3156405     C     97     56      -      -      -      -    sglang::schedul
    2    3155726     C      -      -      -      -      -      -    python         
    2    3156405     C     97     57      -      -      -      -    sglang::schedul
    2    3155726     C      -      -      -      -      -      -    python         
    2    3156405     C     97     56      -      -      -      -    sglang::schedul
    2    3155726     C      -      -      -      -      -      -    python         
    2    3156405     C     99     58      -      -      -      -    sglang::schedul
    2    3155726     C      -      -      -      -      -      -    python         
    2    3156405     C     97     55      -      -      -      -    sglang::schedul
    2    3155726     C      -      -      -      -      -      -    python         
    2    3156405     C     99     58      -      -      -      -    sglang::schedul
    2    3155726     C      -      -      -      -      -      -    python         
    2    3156405     C     99     58      -      -      -      -    sglang::schedul
    2    3155726     C      -      -      -      -      -      -    python         
    2    3156405     C     97     55      -      -      -      -    sglang::schedul
    2    3155726     C      -      -      -      -      -      -    python         
    2    3156405     C     99     58      -      -      -      -    sglang::schedul
    2    3155726     C      -      -      -      -      -      -    python         
    2    3156405     C     98     55      -      -      -      -    sglang::schedul
    2    3155726     C      -      -      -      -      -      -    python         
    2    3156405     C     98     58      -      -      -      -    sglang::schedul
    2    3155726     C      -      -      -      -      -      -    python         
    2    3156405     C     98     58      -      -      -      -    sglang::schedul
    2    3155726     C      -      -      -      -      -      -    python         
    2    3156405     C     97     56      -      -      -      -    sglang::schedul
    2    3155726     C      -      -      -      -      -      -    python         
    2    3156405     C     98     58      -      -      -      -    sglang::schedul
    2    3155726     C      -      -      -      -      -      -    python         
    2    3156405     C     97     56      -      -      -      -    sglang::schedul
    2    3155726     C      -      -      -      -      -      -    python         
    2    3156405     C     97     56      -      -      -      -    sglang::schedul
    2    3155726     C      -      -      -      -      -      -    python         
    2    3156405     C     98     58      -      -      -      -    sglang::schedul
    2    3155726     C      -      -      -      -      -      -    python         
    2    3156405     C     97     55      -      -      -      -    sglang::schedul
# gpu         pid   type     sm    mem    enc    dec    jpg    ofa    command 
# Idx           #    C/G      %      %      %      %      %      %    name 
    2    3155726     C      -      -      -      -      -      -    python         
    2    3156405     C     97     56      -      -      -      -    sglang::schedul
    2    3155726     C      -      -      -      -      -      -    python         
    2    3156405     C     99     57      -      -      -      -    sglang::schedul
    2    3155726     C      -      -      -      -      -      -    python         
    2    3156405     C     97     56      -      -      -      -    sglang::schedul
    2    3155726     C      -      -      -      -      -      -    python         
    2    3156405     C     99     58      -      -      -      -    sglang::schedul
    2    3155726     C      -      -      -      -      -      -    python         
    2    3156405     C     97     56      -      -      -      -    sglang::schedul
    2    3155726     C      -      -      -      -      -      -    python         
    2    3156405     C     98     58      -      -      -      -    sglang::schedul
    2    3155726     C      -      -      -      -      -      -    python         
    2    3156405     C     97     56      -      -      -      -    sglang::schedul
    2    3155726     C      -      -      -      -      -      -    python         
    2    3156405     C     97     56      -      -      -      -    sglang::schedul
    2    3155726     C      -      -      -      -      -      -    python         
    2    3156405     C     98     58      -      -      -      -    sglang::schedul
    2    3155726     C      -      -      -      -      -      -    python         
    2    3156405     C     97     56      -      -      -      -    sglang::schedul
    2    3155726     C      -      -      -      -      -      -    python         
    2    3156405     C     98     56      -      -      -      -    sglang::schedul
    2    3155726     C      -      -      -      -      -      -    python         
    2    3156405     C     99     58      -      -      -      -    sglang::schedul
    2    3155726     C      -      -      -      -      -      -    python         
    2    3156405     C     97     56      -      -      -      -    sglang::schedul
    2    3155726     C      -      -      -      -      -      -    python         
    2    3156405     C     99     58      -      -      -      -    sglang::schedul
    2    3155726     C      -      -      -      -      -      -    python         
    2    3156405     C     97     57      -      -      -      -    sglang::schedul
    2    3155726     C      -      -      -      -      -      -    python         
    2    3156405     C     97     56      -      -      -      -    sglang::schedul
    2    3155726     C      -      -      -      -      -      -    python         
    2    3156405     C     98     58      -      -      -      -    sglang::schedul
    2    3155726     C      -      -      -      -      -      -    python         
    2    3156405     C     97     56      -      -      -      -    sglang::schedul
    2    3155726     C      -      -      -      -      -      -    python         
    2    3156405     C     99     58      -      -      -      -    sglang::schedul
    2    3155726     C      -      -      -      -      -      -    python         
    2    3156405     C     97     55      -      -      -      -    sglang::schedul
    2    3155726     C      -      -      -      -      -      -    python         
    2    3156405     C     99     57      -      -      -      -    sglang::schedul
    2    3155726     C      -      -      -      -      -      -    python         
    2    3156405     C     99     58      -      -      -      -    sglang::schedul
# gpu         pid   type     sm    mem    enc    dec    jpg    ofa    command 
# Idx           #    C/G      %      %      %      %      %      %    name 
    2    3155726     C      -      -      -      -      -      -    python         
    2    3156405     C     97     56      -      -      -      -    sglang::schedul
    2    3155726     C      -      -      -      -      -      -    python         
    2    3156405     C     98     58      -      -      -      -    sglang::schedul
    2    3155726     C      -      -      -      -      -      -    python         
    2    3156405     C     97     56      -      -      -      -    sglang::schedul
    2    3155726     C      -      -      -      -      -      -    python         
    2    3156405     C     97     55      -      -      -      -    sglang::schedul
    2    3155726     C      -      -      -      -      -      -    python         
    2    3156405     C     99     58      -      -      -      -    sglang::schedul
    2    3155726     C      -      -      -      -      -      -    python         
    2    3156405     C     97     56      -      -      -      -    sglang::schedul
    2    3155726     C      -      -      -      -      -      -    python         
    2    3156405     C     97     56      -      -      -      -    sglang::schedul
    2    3155726     C      -      -      -      -      -      -    python         
    2    3156405     C     98     57      -      -      -      -    sglang::schedul
    2    3155726     C      -      -      -      -      -      -    python         
    2    3156405     C     97     55      -      -      -      -    sglang::schedul
    2    3155726     C      -      -      -      -      -      -    python         
    2    3156405     C     99     58      -      -      -      -    sglang::schedul
    2    3155726     C      -      -      -      -      -      -    python         
    2    3156405     C     97     56      -      -      -      -    sglang::schedul
    2    3155726     C      -      -      -      -      -      -    python         
    2    3156405     C     97     56      -      -      -      -    sglang::schedul
    2    3155726     C      -      -      -      -      -      -    python         
    2    3156405     C     99     57      -      -      -      -    sglang::schedul
    2    3155726     C      -      -      -      -      -      -    python         
    2    3156405     C     98     56      -      -      -      -    sglang::schedul
    2    3155726     C      -      -      -      -      -      -    python         
    2    3156405     C     98     56      -      -      -      -    sglang::schedul
    2    3155726     C      -      -      -      -      -      -    python         
    2    3156405     C     99     59      -      -      -      -    sglang::schedul
    2    3155726     C      -      -      -      -      -      -    python         
    2    3156405     C      1      0      -      -      -      -    sglang::schedul
    2    3155726     C      -      -      -      -      -      -    python         
    2    3156405     C      0      0      -      -      -      -    sglang::schedul
    2    3155726     C      -      -      -      -      -      -    python         
    2    3156405     C      -      -      -      -      -      -    sglang::schedul
    2    3155726     C      -      -      -      -      -      -    python         
    2    3156405     C      -      -      -      -      -      -    sglang::schedul
    2    3155726     C      -      -      -      -      -      -    python         
    2    3156405     C      -      -      -      -      -      -    sglang::schedul
    2    3155726     C      -      -      -      -      -      -    python         
    2    3156405     C     49      9      -      -      -      -    sglang::schedul
# gpu         pid   type     sm    mem    enc    dec    jpg    ofa    command 
# Idx           #    C/G      %      %      %      %      %      %    name 
    2    3155726     C      -      -      -      -      -      -    python         
    2    3156405     C     32      8      -      -      -      -    sglang::schedul
    2    3155726     C      -      -      -      -      -      -    python         
    2    3156405     C     78     48      -      -      -      -    sglang::schedul
    2    3155726     C      -      -      -      -      -      -    python         
    2    3156405     C     98     69      -      -      -      -    sglang::schedul
    2    3155726     C      -      -      -      -      -      -    python         
    2    3156405     C     99     68      -      -      -      -    sglang::schedul
    2    3155726     C      -      -      -      -      -      -    python         
    2    3156405     C     99     63      -      -      -      -    sglang::schedul
    2    3155726     C      -      -      -      -      -      -    python         
    2    3156405     C     99     69      -      -      -      -    sglang::schedul
    2    3155726     C      -      -      -      -      -      -    python         
    2    3156405     C     98     70      -      -      -      -    sglang::schedul
    2    3155726     C      -      -      -      -      -      -    python         
    2    3156405     C     98     59      -      -      -      -    sglang::schedul
    2    3155726     C      -      -      -      -      -      -    python         
    2    3156405     C     99     69      -      -      -      -    sglang::schedul
    2    3155726     C      -      -      -      -      -      -    python         
    2    3156405     C     98     69      -      -      -      -    sglang::schedul
    2    3155726     C      -      -      -      -      -      -    python         
    2    3156405     C     98     61      -      -      -      -    sglang::schedul
    2    3155726     C      -      -      -      -      -      -    python         
    2    3156405     C     98     69      -      -      -      -    sglang::schedul
    2    3155726     C      -      -      -      -      -      -    python         
    2    3156405     C     98     69      -      -      -      -    sglang::schedul
    2    3155726     C      -      -      -      -      -      -    python         
    2    3156405     C     98     61      -      -      -      -    sglang::schedul
    2    3155726     C      -      -      -      -      -      -    python         
    2    3156405     C     98     62      -      -      -      -    sglang::schedul
    2    3155726     C      -      -      -      -      -      -    python         
    2    3156405     C     98     69      -      -      -      -    sglang::schedul
    2    3155726     C      -      -      -      -      -      -    python         
    2    3156405     C     98     64      -      -      -      -    sglang::schedul
    2    3155726     C      -      -      -      -      -      -    python         
    2    3156405     C     98     62      -      -      -      -    sglang::schedul
    2    3155726     C      -      -      -      -      -      -    python         
    2    3156405     C     99     69      -      -      -      -    sglang::schedul
    2    3155726     C      -      -      -      -      -      -    python         
    2    3156405     C     99     69      -      -      -      -    sglang::schedul
    2    3155726     C      -      -      -      -      -      -    python         
    2    3156405     C     98     62      -      -      -      -    sglang::schedul
    2    3155726     C      -      -      -      -      -      -    python         
    2    3156405     C     98     67      -      -      -      -    sglang::schedul
# gpu         pid   type     sm    mem    enc    dec    jpg    ofa    command 
# Idx           #    C/G      %      %      %      %      %      %    name 
    2    3155726     C      -      -      -      -      -      -    python         
    2    3156405     C     99     69      -      -      -      -    sglang::schedul
    2    3155726     C      -      -      -      -      -      -    python         
    2    3156405     C     98     63      -      -      -      -    sglang::schedul
    2    3155726     C      -      -      -      -      -      -    python         
    2    3156405     C     98     62      -      -      -      -    sglang::schedul
    2    3155726     C      -      -      -      -      -      -    python         
    2    3156405     C     99     69      -      -      -      -    sglang::schedul
    2    3155726     C      -      -      -      -      -      -    python         
    2    3156405     C     97     57      -      -      -      -    sglang::schedul
    2    3155726     C      -      -      -      -      -      -    python         
    2    3156405     C     99     69      -      -      -      -    sglang::schedul
    2    3155726     C      -      -      -      -      -      -    python         
    2    3156405     C     98     69      -      -      -      -    sglang::schedul
    2    3155726     C      -      -      -      -      -      -    python         
    2    3156405     C     98     63      -      -      -      -    sglang::schedul
    2    3155726     C      -      -      -      -      -      -    python         
    2    3156405     C     98     59      -      -      -      -    sglang::schedul
    2    3155726     C      -      -      -      -      -      -    python         
    2    3156405     C     98     69      -      -      -      -    sglang::schedul
    2    3155726     C      -      -      -      -      -      -    python         
    2    3156405     C     98     69      -      -      -      -    sglang::schedul
    2    3155726     C      -      -      -      -      -      -    python         
    2    3156405     C     31     22      -      -      -      -    sglang::schedul
    2    3155726     C      -      -      -      -      -      -    python         
    2    3156405     C      0      0      -      -      -      -    sglang::schedul
    2    3155726     C      -      -      -      -      -      -    python         
    2    3156405     C      0      0      -      -      -      -    sglang::schedul
    2    3155726     C      -      -      -      -      -      -    python         
    2    3156405     C      0      0      -      -      -      -    sglang::schedul
    2    3155726     C      -      -      -      -      -      -    python         
    2    3156405     C      0      0      -      -      -      -    sglang::schedul
    2    3155726     C      -      -      -      -      -      -    python         
    2    3156405     C     16      2      -      -      -      -    sglang::schedul
    2    3155726     C      -      -      -      -      -      -    python         
    2    3156405     C     20      3      -      -      -      -    sglang::schedul
    2    3155726     C      -      -      -      -      -      -    python         
    2    3156405     C     58     31      -      -      -      -    sglang::schedul
    2    3155726     C      -      -      -      -      -      -    python         
    2    3156405     C     99     77      -      -      -      -    sglang::schedul
    2    3155726     C      -      -      -      -      -      -    python         
    2    3156405     C     99     78      -      -      -      -    sglang::schedul
    2    3155726     C      -      -      -      -      -      -    python         
    2    3156405     C     99     76      -      -      -      -    sglang::schedul
# gpu         pid   type     sm    mem    enc    dec    jpg    ofa    command 
# Idx           #    C/G      %      %      %      %      %      %    name 
    2    3155726     C      -      -      -      -      -      -    python         
    2    3156405     C     99     55      -      -      -      -    sglang::schedul
    2    3155726     C      -      -      -      -      -      -    python         
    2    3156405     C     98     77      -      -      -      -    sglang::schedul
    2    3155726     C      -      -      -      -      -      -    python         
    2    3156405     C     98     77      -      -      -      -    sglang::schedul
    2    3155726     C      -      -      -      -      -      -    python         
    2    3156405     C     98     78      -      -      -      -    sglang::schedul
    2    3155726     C      -      -      -      -      -      -    python         
    2    3156405     C     98     58      -      -      -      -    sglang::schedul
    2    3155726     C      -      -      -      -      -      -    python         
    2    3156405     C     98     74      -      -      -      -    sglang::schedul
    2    3155726     C      -      -      -      -      -      -    python         
    2    3156405     C     98     77      -      -      -      -    sglang::schedul
    2    3155726     C      -      -      -      -      -      -    python         
    2    3156405     C     99     78      -      -      -      -    sglang::schedul
    2    3155726     C      -      -      -      -      -      -    python         
    2    3156405     C     99     61      -      -      -      -    sglang::schedul
    2    3155726     C      -      -      -      -      -      -    python         
    2    3156405     C     98     60      -      -      -      -    sglang::schedul
    2    3155726     C      -      -      -      -      -      -    python         
    2    3156405     C     98     77      -      -      -      -    sglang::schedul
    2    3155726     C      -      -      -      -      -      -    python         
    2    3156405     C     99     78      -      -      -      -    sglang::schedul
    2    3155726     C      -      -      -      -      -      -    python         
    2    3156405     C     99     67      -      -      -      -    sglang::schedul
    2    3155726     C      -      -      -      -      -      -    python         
    2    3156405     C     99     62      -      -      -      -    sglang::schedul
    2    3155726     C      -      -      -      -      -      -    python         
    2    3156405     C     99     77      -      -      -      -    sglang::schedul
    2    3155726     C      -      -      -      -      -      -    python         
    2    3156405     C     99     78      -      -      -      -    sglang::schedul
    2    3155726     C      -      -      -      -      -      -    python         
    2    3156405     C     99     78      -      -      -      -    sglang::schedul
    2    3155726     C      -      -      -      -      -      -    python         
    2    3156405     C     99     58      -      -      -      -    sglang::schedul
    2    3155726     C      -      -      -      -      -      -    python         
    2    3156405     C     99     78      -      -      -      -    sglang::schedul
    2    3155726     C      -      -      -      -      -      -    python         
    2    3156405     C     99     77      -      -      -      -    sglang::schedul
    2    3155726     C      -      -      -      -      -      -    python         
    2    3156405     C     99     78      -      -      -      -    sglang::schedul
    2    3155726     C      -      -      -      -      -      -    python         
    2    3156405     C     98     55      -      -      -      -    sglang::schedul
# gpu         pid   type     sm    mem    enc    dec    jpg    ofa    command 
# Idx           #    C/G      %      %      %      %      %      %    name 
    2    3155726     C      -      -      -      -      -      -    python         
    2    3156405     C     98     77      -      -      -      -    sglang::schedul
    2    3155726     C      -      -      -      -      -      -    python         
    2    3156405     C     98     78      -      -      -      -    sglang::schedul
    2    3155726     C      -      -      -      -      -      -    python         
    2    3156405     C     98     78      -      -      -      -    sglang::schedul
    2    3155726     C      -      -      -      -      -      -    python         
    2    3156405     C     98     58      -      -      -      -    sglang::schedul
    2    3155726     C      -      -      -      -      -      -    python         
    2    3156405     C     99     71      -      -      -      -    sglang::schedul
    2    3155726     C      -      -      -      -      -      -    python         
    2    3156405     C     99     77      -      -      -      -    sglang::schedul
    2    3155726     C      -      -      -      -      -      -    python         
    2    3156405     C     99     78      -      -      -      -    sglang::schedul
    2    3155726     C      -      -      -      -      -      -    python         
    2    3156405     C     96     49      -      -      -      -    sglang::schedul
    2    3155726     C      -      -      -      -      -      -    python         
    2    3156405     C     99     78      -      -      -      -    sglang::schedul
    2    3155726     C      -      -      -      -      -      -    python         
    2    3156405     C     99     78      -      -      -      -    sglang::schedul
    2    3155726     C      -      -      -      -      -      -    python         
    2    3156405     C     99     78      -      -      -      -    sglang::schedul
    2    3155726     C      -      -      -      -      -      -    python         
    2    3156405     C     98     55      -      -      -      -    sglang::schedul
    2    3155726     C      -      -      -      -      -      -    python         
    2    3156405     C     99     74      -      -      -      -    sglang::schedul
    2    3155726     C      -      -      -      -      -      -    python         
    2    3156405     C     98     77      -      -      -      -    sglang::schedul
    2    3155726     C      -      -      -      -      -      -    python         
    2    3156405     C     98     78      -      -      -      -    sglang::schedul
    2    3155726     C      -      -      -      -      -      -    python         
    2    3156405     C     69     55      -      -      -      -    sglang::schedul
    2    3155726     C      -      -      -      -      -      -    python         
    2    3156405     C      0      0      -      -      -      -    sglang::schedul
    2    3155726     C      -      -      -      -      -      -    python         
    2    3156405     C      0      0      -      -      -      -    sglang::schedul
    2    3155726     C      -      -      -      -      -      -    python         
    2    3156405     C      0      0      -      -      -      -    sglang::schedul
    2    3155726     C      -      -      -      -      -      -    python         
    2    3156405     C      0      0      -      -      -      -    sglang::schedul
    2    3155726     C      -      -      -      -      -      -    python         
    2    3156405     C      0      0      -      -      -      -    sglang::schedul
    2    3155726     C      -      -      -      -      -      -    python         
    2    3156405     C     18      3      -      -      -      -    sglang::schedul
# gpu         pid   type     sm    mem    enc    dec    jpg    ofa    command 
# Idx           #    C/G      %      %      %      %      %      %    name 
    2    3155726     C      -      -      -      -      -      -    python         
    2    3156405     C     41      9      -      -      -      -    sglang::schedul
    2    3155726     C      -      -      -      -      -      -    python         
    2    3156405     C     80     35      -      -      -      -    sglang::schedul
    2    3155726     C      -      -      -      -      -      -    python         
    2    3156405     C     99     73      -      -      -      -    sglang::schedul
    2    3155726     C      -      -      -      -      -      -    python         
    2    3156405     C     99     86      -      -      -      -    sglang::schedul
    2    3155726     C      -      -      -      -      -      -    python         
    2    3156405     C     99     87      -      -      -      -    sglang::schedul
    2    3155726     C      -      -      -      -      -      -    python         
    2    3156405     C     99     87      -      -      -      -    sglang::schedul
    2    3155726     C      -      -      -      -      -      -    python         
    2    3156405     C     99     77      -      -      -      -    sglang::schedul
    2    3155726     C      -      -      -      -      -      -    python         
    2    3156405     C     99     33      -      -      -      -    sglang::schedul
    2    3155726     C      -      -      -      -      -      -    python         
    2    3156405     C     99     86      -      -      -      -    sglang::schedul
    2    3155726     C      -      -      -      -      -      -    python         
    2    3156405     C     99     86      -      -      -      -    sglang::schedul
    2    3155726     C      -      -      -      -      -      -    python         
    2    3156405     C     99     87      -      -      -      -    sglang::schedul
    2    3155726     C      -      -      -      -      -      -    python         
    2    3156405     C     99     87      -      -      -      -    sglang::schedul
    2    3155726     C      -      -      -      -      -      -    python         
    2    3156405     C     99     87      -      -      -      -    sglang::schedul
    2    3155726     C      -      -      -      -      -      -    python         
    2    3156405     C     99     44      -      -      -      -    sglang::schedul
    2    3155726     C      -      -      -      -      -      -    python         
    2    3156405     C     99     67      -      -      -      -    sglang::schedul
    2    3155726     C      -      -      -      -      -      -    python         
    2    3156405     C     98     86      -      -      -      -    sglang::schedul
    2    3155726     C      -      -      -      -      -      -    python         
    2    3156405     C     98     86      -      -      -      -    sglang::schedul
    2    3155726     C      -      -      -      -      -      -    python         
    2    3156405     C     98     87      -      -      -      -    sglang::schedul
    2    3155726     C      -      -      -      -      -      -    python         
    2    3156405     C     98     87      -      -      -      -    sglang::schedul
    2    3155726     C      -      -      -      -      -      -    python         
    2    3156405     C     98     63      -      -      -      -    sglang::schedul
    2    3155726     C      -      -      -      -      -      -    python         
    2    3156405     C     98     48      -      -      -      -    sglang::schedul
    2    3155726     C      -      -      -      -      -      -    python         
    2    3156405     C     99     86      -      -      -      -    sglang::schedul
# gpu         pid   type     sm    mem    enc    dec    jpg    ofa    command 
# Idx           #    C/G      %      %      %      %      %      %    name 
    2    3155726     C      -      -      -      -      -      -    python         
    2    3156405     C     99     86      -      -      -      -    sglang::schedul
    2    3155726     C      -      -      -      -      -      -    python         
    2    3156405     C     99     87      -      -      -      -    sglang::schedul
    2    3155726     C      -      -      -      -      -      -    python         
    2    3156405     C     99     87      -      -      -      -    sglang::schedul
    2    3155726     C      -      -      -      -      -      -    python         
    2    3156405     C     99     77      -      -      -      -    sglang::schedul
    2    3155726     C      -      -      -      -      -      -    python         
    2    3156405     C     99     51      -      -      -      -    sglang::schedul
    2    3155726     C      -      -      -      -      -      -    python         
    2    3156405     C     99     73      -      -      -      -    sglang::schedul
    2    3155726     C      -      -      -      -      -      -    python         
    2    3156405     C     99     86      -      -      -      -    sglang::schedul
    2    3155726     C      -      -      -      -      -      -    python         
    2    3156405     C     99     86      -      -      -      -    sglang::schedul
    2    3155726     C      -      -      -      -      -      -    python         
    2    3156405     C     99     87      -      -      -      -    sglang::schedul
    2    3155726     C      -      -      -      -      -      -    python         
    2    3156405     C     99     88      -      -      -      -    sglang::schedul
    2    3155726     C      -      -      -      -      -      -    python         
    2    3156405     C     59     53      -      -      -      -    sglang::schedul
    2    3155726     C      -      -      -      -      -      -    python         
    2    3156405     C      -      -      -      -      -      -    sglang::schedul
    2    3155726     C      -      -      -      -      -      -    python         
    2    3156405     C      -      -      -      -      -      -    sglang::schedul
    2    3155726     C      -      -      -      -      -      -    python         
    2    3156405     C      -      -      -      -      -      -    sglang::schedul
    2    3155726     C      -      -      -      -      -      -    python         
    2    3156405     C      -      -      -      -      -      -    sglang::schedul
    2    3155726     C      -      -      -      -      -      -    python         
    2    3156405     C      -      -      -      -      -      -    sglang::schedul
    2    3155726     C      -      -      -      -      -      -    python         
    2    3156405     C     28      5      -      -      -      -    sglang::schedul
    2    3155726     C      -      -      -      -      -      -    python         
    2    3156405     C     34      9      -      -      -      -    sglang::schedul
    2    3155726     C      -      -      -      -      -      -    python         
    2    3156405     C     99     27      -      -      -      -    sglang::schedul
    2    3155726     C      -      -      -      -      -      -    python         
    2    3156405     C     99     46      -      -      -      -    sglang::schedul
    2    3155726     C      -      -      -      -      -      -    python         
    2    3156405     C     99     95      -      -      -      -    sglang::schedul
    2    3155726     C      -      -      -      -      -      -    python         
    2    3156405     C     98     95      -      -      -      -    sglang::schedul
# gpu         pid   type     sm    mem    enc    dec    jpg    ofa    command 
# Idx           #    C/G      %      %      %      %      %      %    name 
    2    3155726     C      -      -      -      -      -      -    python         
    2    3156405     C     98     95      -      -      -      -    sglang::schedul
    2    3155726     C      -      -      -      -      -      -    python         
    2    3156405     C     98     95      -      -      -      -    sglang::schedul
    2    3155726     C      -      -      -      -      -      -    python         
    2    3156405     C     99     96      -      -      -      -    sglang::schedul
    2    3155726     C      -      -      -      -      -      -    python         
    2    3156405     C     99     96      -      -      -      -    sglang::schedul
    2    3155726     C      -      -      -      -      -      -    python         
    2    3156405     C     99     96      -      -      -      -    sglang::schedul
    2    3155726     C      -      -      -      -      -      -    python         
    2    3156405     C     99     79      -      -      -      -    sglang::schedul
    2    3155726     C      -      -      -      -      -      -    python         
    2    3156405     C     99     41      -      -      -      -    sglang::schedul
    2    3155726     C      -      -      -      -      -      -    python         
    2    3156405     C     99     46      -      -      -      -    sglang::schedul
    2    3155726     C      -      -      -      -      -      -    python         
    2    3156405     C     99     95      -      -      -      -    sglang::schedul
    2    3155726     C      -      -      -      -      -      -    python         
    2    3156405     C     99     96      -      -      -      -    sglang::schedul
    2    3155726     C      -      -      -      -      -      -    python         
    2    3156405     C     99     96      -      -      -      -    sglang::schedul
    2    3155726     C      -      -      -      -      -      -    python         
    2    3156405     C     99     96      -      -      -      -    sglang::schedul
    2    3155726     C      -      -      -      -      -      -    python         
    2    3156405     C     99     96      -      -      -      -    sglang::schedul
    2    3155726     C      -      -      -      -      -      -    python         
    2    3156405     C     99     96      -      -      -      -    sglang::schedul
    2    3155726     C      -      -      -      -      -      -    python         
    2    3156405     C     99     96      -      -      -      -    sglang::schedul
    2    3155726     C      -      -      -      -      -      -    python         
    2    3156405     C     98     72      -      -      -      -    sglang::schedul
    2    3155726     C      -      -      -      -      -      -    python         
    2    3156405     C     98     29      -      -      -      -    sglang::schedul
    2    3155726     C      -      -      -      -      -      -    python         
    2    3156405     C     98     45      -      -      -      -    sglang::schedul
    2    3155726     C      -      -      -      -      -      -    python         
    2    3156405     C     98     92      -      -      -      -    sglang::schedul
    2    3155726     C      -      -      -      -      -      -    python         
    2    3156405     C     98     95      -      -      -      -    sglang::schedul
    2    3155726     C      -      -      -      -      -      -    python         
    2    3156405     C     99     95      -      -      -      -    sglang::schedul
    2    3155726     C      -      -      -      -      -      -    python         
    2    3156405     C     99     96      -      -      -      -    sglang::schedul
# gpu         pid   type     sm    mem    enc    dec    jpg    ofa    command 
# Idx           #    C/G      %      %      %      %      %      %    name 
    2    3155726     C      -      -      -      -      -      -    python         
    2    3156405     C     99     97      -      -      -      -    sglang::schedul
    2    3155726     C      -      -      -      -      -      -    python         
    2    3156405     C     99     97      -      -      -      -    sglang::schedul
    2    3155726     C      -      -      -      -      -      -    python         
    2    3156405     C     99     96      -      -      -      -    sglang::schedul
    2    3155726     C      -      -      -      -      -      -    python         
    2    3156405     C     99     84      -      -      -      -    sglang::schedul
    2    3155726     C      -      -      -      -      -      -    python         
    2    3156405     C     99     47      -      -      -      -    sglang::schedul
    2    3155726     C      -      -      -      -      -      -    python         
    2    3156405     C     99     36      -      -      -      -    sglang::schedul
    2    3155726     C      -      -      -      -      -      -    python         
    2    3156405     C     99     75      -      -      -      -    sglang::schedul
    2    3155726     C      -      -      -      -      -      -    python         
    2    3156405     C     99     95      -      -      -      -    sglang::schedul
    2    3155726     C      -      -      -      -      -      -    python         
    2    3156405     C     99     96      -      -      -      -    sglang::schedul
    2    3155726     C      -      -      -      -      -      -    python         
    2    3156405     C     99     96      -      -      -      -    sglang::schedul
    2    3155726     C      -      -      -      -      -      -    python         
    2    3156405     C     99     96      -      -      -      -    sglang::schedul
    2    3155726     C      -      -      -      -      -      -    python         
    2    3156405     C     99     96      -      -      -      -    sglang::schedul
    2    3155726     C      -      -      -      -      -      -    python         
    2    3156405     C     99     97      -      -      -      -    sglang::schedul
    2    3155726     C      -      -      -      -      -      -    python         
    2    3156405     C     99     88      -      -      -      -    sglang::schedul
    2    3155726     C      -      -      -      -      -      -    python         
    2    3156405     C     98     31      -      -      -      -    sglang::schedul
    2    3155726     C      -      -      -      -      -      -    python         
    2    3156405     C     98     38      -      -      -      -    sglang::schedul
    2    3155726     C      -      -      -      -      -      -    python         
    2    3156405     C     98     86      -      -      -      -    sglang::schedul
    2    3155726     C      -      -      -      -      -      -    python         
    2    3156405     C     98     95      -      -      -      -    sglang::schedul
    2    3155726     C      -      -      -      -      -      -    python         
    2    3156405     C     99     96      -      -      -      -    sglang::schedul
    2    3155726     C      -      -      -      -      -      -    python         
    2    3156405     C     99     96      -      -      -      -    sglang::schedul
    2    3155726     C      -      -      -      -      -      -    python         
    2    3156405     C     99     96      -      -      -      -    sglang::schedul
    2    3155726     C      -      -      -      -      -      -    python         
    2    3156405     C     99     96      -      -      -      -    sglang::schedul
# gpu         pid   type     sm    mem    enc    dec    jpg    ofa    command 
# Idx           #    C/G      %      %      %      %      %      %    name 
    2    3155726     C      -      -      -      -      -      -    python         
    2    3156405     C     99     97      -      -      -      -    sglang::schedul
    2    3155726     C      -      -      -      -      -      -    python         
    2    3156405     C     70     67      -      -      -      -    sglang::schedul
    2    3155726     C      -      -      -      -      -      -    python         
    2    3156405     C      0      0      -      -      -      -    sglang::schedul
    2    3155726     C      -      -      -      -      -      -    python         
    2    3156405     C      0      0      -      -      -      -    sglang::schedul
    2    3155726     C      -      -      -      -      -      -    python         
    2    3156405     C      0      0      -      -      -      -    sglang::schedul
    2    3155726     C      -      -      -      -      -      -    python         
    2    3156405     C      0      0      -      -      -      -    sglang::schedul
    2    3155726     C      -      -      -      -      -      -    python         
    2    3156405     C      0      0      -      -      -      -    sglang::schedul
    2    3155726     C      -      -      -      -      -      -    python         
    2    3156405     C      0      0      -      -      -      -    sglang::schedul
    2    3155726     C      -      -      -      -      -      -    python         
    2    3156405     C     24      4      -      -      -      -    sglang::schedul
    2    3155726     C      -      -      -      -      -      -    python         
    2    3156405     C     20      5      -      -      -      -    sglang::schedul
    2    3155726     C      -      -      -      -      -      -    python         
    2    3156405     C     92     25      -      -      -      -    sglang::schedul
    2    3155726     C      -      -      -      -      -      -    python         
    2    3156405     C     99     28      -      -      -      -    sglang::schedul
    2    3155726     C      -      -      -      -      -      -    python         
    2    3156405     C     99     30      -      -      -      -    sglang::schedul
    2    3155726     C      -      -      -      -      -      -    python         
    2    3156405     C     99     73      -      -      -      -    sglang::schedul
    2    3155726     C      -      -      -      -      -      -    python         
    2    3156405     C     99    100      -      -      -      -    sglang::schedul
    2    3155726     C      -      -      -      -      -      -    python         
    2    3156405     C     99    100      -      -      -      -    sglang::schedul
    2    3155726     C      -      -      -      -      -      -    python         
    2    3156405     C     99    100      -      -      -      -    sglang::schedul
    2    3155726     C      -      -      -      -      -      -    python         
    2    3156405     C     99    100      -      -      -      -    sglang::schedul
    2    3155726     C      -      -      -      -      -      -    python         
    2    3156405     C     99    100      -      -      -      -    sglang::schedul
    2    3155726     C      -      -      -      -      -      -    python         
    2    3156405     C     98    100      -      -      -      -    sglang::schedul
    2    3155726     C      -      -      -      -      -      -    python         
    2    3156405     C     99    100      -      -      -      -    sglang::schedul
    2    3155726     C      -      -      -      -      -      -    python         
    2    3156405     C     99    100      -      -      -      -    sglang::schedul
# gpu         pid   type     sm    mem    enc    dec    jpg    ofa    command 
# Idx           #    C/G      %      %      %      %      %      %    name 
    2    3155726     C      -      -      -      -      -      -    python         
    2    3156405     C     99    100      -      -      -      -    sglang::schedul
    2    3155726     C      -      -      -      -      -      -    python         
    2    3156405     C     99    100      -      -      -      -    sglang::schedul
    2    3155726     C      -      -      -      -      -      -    python         
    2    3156405     C     99    100      -      -      -      -    sglang::schedul
    2    3155726     C      -      -      -      -      -      -    python         
    2    3156405     C     99    100      -      -      -      -    sglang::schedul
    2    3155726     C      -      -      -      -      -      -    python         
    2    3156405     C     99     73      -      -      -      -    sglang::schedul
    2    3155726     C      -      -      -      -      -      -    python         
    2    3156405     C     99     33      -      -      -      -    sglang::schedul
    2    3155726     C      -      -      -      -      -      -    python         
    2    3156405     C     99     33      -      -      -      -    sglang::schedul
    2    3155726     C      -      -      -      -      -      -    python         
    2    3156405     C     98     33      -      -      -      -    sglang::schedul
    2    3155726     C      -      -      -      -      -      -    python         
    2    3156405     C     98     44      -      -      -      -    sglang::schedul
    2    3155726     C      -      -      -      -      -      -    python         
    2    3156405     C     98     92      -      -      -      -    sglang::schedul
    2    3155726     C      -      -      -      -      -      -    python         
    2    3156405     C     99    100      -      -      -      -    sglang::schedul
    2    3155726     C      -      -      -      -      -      -    python         
    2    3156405     C     99    100      -      -      -      -    sglang::schedul
    2    3155726     C      -      -      -      -      -      -    python         
    2    3156405     C     99    100      -      -      -      -    sglang::schedul
    2    3155726     C      -      -      -      -      -      -    python         
    2    3156405     C     99    100      -      -      -      -    sglang::schedul
    2    3155726     C      -      -      -      -      -      -    python         
    2    3156405     C     99    100      -      -      -      -    sglang::schedul
    2    3155726     C      -      -      -      -      -      -    python         
    2    3156405     C     99    100      -      -      -      -    sglang::schedul
    2    3155726     C      -      -      -      -      -      -    python         
    2    3156405     C     99    100      -      -      -      -    sglang::schedul
    2    3155726     C      -      -      -      -      -      -    python         
    2    3156405     C     99    100      -      -      -      -    sglang::schedul
    2    3155726     C      -      -      -      -      -      -    python         
    2    3156405     C     99    100      -      -      -      -    sglang::schedul
    2    3155726     C      -      -      -      -      -      -    python         
    2    3156405     C     99    100      -      -      -      -    sglang::schedul
    2    3155726     C      -      -      -      -      -      -    python         
    2    3156405     C     99    100      -      -      -      -    sglang::schedul
    2    3155726     C      -      -      -      -      -      -    python         
    2    3156405     C     99    100      -      -      -      -    sglang::schedul
# gpu         pid   type     sm    mem    enc    dec    jpg    ofa    command 
# Idx           #    C/G      %      %      %      %      %      %    name 
    2    3155726     C      -      -      -      -      -      -    python         
    2    3156405     C     99     58      -      -      -      -    sglang::schedul
    2    3155726     C      -      -      -      -      -      -    python         
    2    3156405     C     99     33      -      -      -      -    sglang::schedul
    2    3155726     C      -      -      -      -      -      -    python         
    2    3156405     C     99     32      -      -      -      -    sglang::schedul
    2    3155726     C      -      -      -      -      -      -    python         
    2    3156405     C     98     32      -      -      -      -    sglang::schedul
    2    3155726     C      -      -      -      -      -      -    python         
    2    3156405     C     98     55      -      -      -      -    sglang::schedul
    2    3155726     C      -      -      -      -      -      -    python         
    2    3156405     C     98    100      -      -      -      -    sglang::schedul
    2    3155726     C      -      -      -      -      -      -    python         
    2    3156405     C     98    100      -      -      -      -    sglang::schedul
    2    3155726     C      -      -      -      -      -      -    python         
    2    3156405     C     98    100      -      -      -      -    sglang::schedul
    2    3155726     C      -      -      -      -      -      -    python         
    2    3156405     C     99    100      -      -      -      -    sglang::schedul
    2    3155726     C      -      -      -      -      -      -    python         
    2    3156405     C     99    100      -      -      -      -    sglang::schedul
    2    3155726     C      -      -      -      -      -      -    python         
    2    3156405     C     99    100      -      -      -      -    sglang::schedul
    2    3155726     C      -      -      -      -      -      -    python         
    2    3156405     C     99    100      -      -      -      -    sglang::schedul
    2    3155726     C      -      -      -      -      -      -    python         
    2    3156405     C     99    100      -      -      -      -    sglang::schedul
    2    3155726     C      -      -      -      -      -      -    python         
    2    3156405     C     99    100      -      -      -      -    sglang::schedul
    2    3155726     C      -      -      -      -      -      -    python         
    2    3156405     C     99    100      -      -      -      -    sglang::schedul
    2    3155726     C      -      -      -      -      -      -    python         
    2    3156405     C     99    100      -      -      -      -    sglang::schedul
    2    3155726     C      -      -      -      -      -      -    python         
    2    3156405     C     99    100      -      -      -      -    sglang::schedul
    2    3155726     C      -      -      -      -      -      -    python         
    2    3156405     C     99    100      -      -      -      -    sglang::schedul
    2    3155726     C      -      -      -      -      -      -    python         
    2    3156405     C     99     51      -      -      -      -    sglang::schedul
    2    3155726     C      -      -      -      -      -      -    python         
    2    3156405     C     99     33      -      -      -      -    sglang::schedul
    2    3155726     C      -      -      -      -      -      -    python         
    2    3156405     C     99     33      -      -      -      -    sglang::schedul
    2    3155726     C      -      -      -      -      -      -    python         
    2    3156405     C     99     32      -      -      -      -    sglang::schedul
# gpu         pid   type     sm    mem    enc    dec    jpg    ofa    command 
# Idx           #    C/G      %      %      %      %      %      %    name 
    2    3155726     C      -      -      -      -      -      -    python         
    2    3156405     C     99     58      -      -      -      -    sglang::schedul
    2    3155726     C      -      -      -      -      -      -    python         
    2    3156405     C     98    100      -      -      -      -    sglang::schedul
    2    3155726     C      -      -      -      -      -      -    python         
    2    3156405     C     98    100      -      -      -      -    sglang::schedul
    2    3155726     C      -      -      -      -      -      -    python         
    2    3156405     C     98    100      -      -      -      -    sglang::schedul
    2    3155726     C      -      -      -      -      -      -    python         
    2    3156405     C     98    100      -      -      -      -    sglang::schedul
    2    3155726     C      -      -      -      -      -      -    python         
    2    3156405     C     98    100      -      -      -      -    sglang::schedul
    2    3155726     C      -      -      -      -      -      -    python         
    2    3156405     C     99    100      -      -      -      -    sglang::schedul
    2    3155726     C      -      -      -      -      -      -    python         
    2    3156405     C     99    100      -      -      -      -    sglang::schedul
    2    3155726     C      -      -      -      -      -      -    python         
    2    3156405     C     99    100      -      -      -      -    sglang::schedul
    2    3155726     C      -      -      -      -      -      -    python         
    2    3156405     C     99    100      -      -      -      -    sglang::schedul
    2    3155726     C      -      -      -      -      -      -    python         
    2    3156405     C     99    100      -      -      -      -    sglang::schedul
    2    3155726     C      -      -      -      -      -      -    python         
    2    3156405     C     99    100      -      -      -      -    sglang::schedul
    2    3155726     C      -      -      -      -      -      -    python         
    2    3156405     C     99    100      -      -      -      -    sglang::schedul
    2    3155726     C      -      -      -      -      -      -    python         
    2    3156405     C     99    100      -      -      -      -    sglang::schedul
    2    3155726     C      -      -      -      -      -      -    python         
    2    3156405     C     99     73      -      -      -      -    sglang::schedul
    2    3155726     C      -      -      -      -      -      -    python         
    2    3156405     C     99     36      -      -      -      -    sglang::schedul
    2    3155726     C      -      -      -      -      -      -    python         
    2    3156405     C     99     32      -      -      -      -    sglang::schedul
    2    3155726     C      -      -      -      -      -      -    python         
    2    3156405     C     99     32      -      -      -      -    sglang::schedul
    2    3155726     C      -      -      -      -      -      -    python         
    2    3156405     C     99     63      -      -      -      -    sglang::schedul
    2    3155726     C      -      -      -      -      -      -    python         
    2    3156405     C     99    100      -      -      -      -    sglang::schedul
    2    3155726     C      -      -      -      -      -      -    python         
    2    3156405     C     99    100      -      -      -      -    sglang::schedul
    2    3155726     C      -      -      -      -      -      -    python         
    2    3156405     C     99    100      -      -      -      -    sglang::schedul
# gpu         pid   type     sm    mem    enc    dec    jpg    ofa    command 
# Idx           #    C/G      %      %      %      %      %      %    name 
    2    3155726     C      -      -      -      -      -      -    python         
    2    3156405     C     98    100      -      -      -      -    sglang::schedul
    2    3155726     C      -      -      -      -      -      -    python         
    2    3156405     C     98    100      -      -      -      -    sglang::schedul
    2    3155726     C      -      -      -      -      -      -    python         
    2    3156405     C     98    100      -      -      -      -    sglang::schedul
    2    3155726     C      -      -      -      -      -      -    python         
    2    3156405     C     98    100      -      -      -      -    sglang::schedul
    2    3155726     C      -      -      -      -      -      -    python         
    2    3156405     C     98    100      -      -      -      -    sglang::schedul
    2    3155726     C      -      -      -      -      -      -    python         
    2    3156405     C     99    100      -      -      -      -    sglang::schedul
    2    3155726     C      -      -      -      -      -      -    python         
    2    3156405     C     99    100      -      -      -      -    sglang::schedul
    2    3155726     C      -      -      -      -      -      -    python         
    2    3156405     C     99    100      -      -      -      -    sglang::schedul
    2    3155726     C      -      -      -      -      -      -    python         
    2    3156405     C     99    100      -      -      -      -    sglang::schedul
    2    3155726     C      -      -      -      -      -      -    python         
    2    3156405     C     99    100      -      -      -      -    sglang::schedul
    2    3155726     C      -      -      -      -      -      -    python         
    2    3156405     C     71     71      -      -      -      -    sglang::schedul
    2    3155726     C      -      -      -      -      -      -    python         
    2    3156405     C      8      7      -      -      -      -    sglang::schedul
    2    3155726     C      -      -      -      -      -      -    python         
    2    3156405     C      0      0      -      -      -      -    sglang::schedul
    2    3155726     C      -      -      -      -      -      -    python         
    2    3156405     C      0      0      -      -      -      -    sglang::schedul
    2    3155726     C      -      -      -      -      -      -    python         
    2    3156405     C      0      0      -      -      -      -    sglang::schedul
    2    3155726     C      -      -      -      -      -      -    python         
    2    3156405     C      0      0      -      -      -      -    sglang::schedul
    2    3155726     C      -      -      -      -      -      -    python         
    2    3156405     C      0      0      -      -      -      -    sglang::schedul
    2    3155726     C      -      -      -      -      -      -    python         
    2    3156405     C      0      0      -      -      -      -    sglang::schedul
    2    3155726     C      -      -      -      -      -      -    python         
    2    3156405     C     65     10      -      -      -      -    sglang::schedul
    2    3155726     C      -      -      -      -      -      -    python         
    2    3156405     C      0      0      -      -      -      -    sglang::schedul
    2    3155726     C      -      -      -      -      -      -    python         
    2    3156405     C     92     24      -      -      -      -    sglang::schedul
    2    3155726     C      -      -      -      -      -      -    python         
    2    3156405     C     99     28      -      -      -      -    sglang::schedul
# gpu         pid   type     sm    mem    enc    dec    jpg    ofa    command 
# Idx           #    C/G      %      %      %      %      %      %    name 
    2    3155726     C      -      -      -      -      -      -    python         
    2    3156405     C     99     29      -      -      -      -    sglang::schedul
    2    3155726     C      -      -      -      -      -      -    python         
    2    3156405     C     99     31      -      -      -      -    sglang::schedul
    2    3155726     C      -      -      -      -      -      -    python         
    2    3156405     C     99     33      -      -      -      -    sglang::schedul
    2    3155726     C      -      -      -      -      -      -    python         
    2    3156405     C     99     34      -      -      -      -    sglang::schedul
    2    3155726     C      -      -      -      -      -      -    python         
    2    3156405     C     99     36      -      -      -      -    sglang::schedul
    2    3155726     C      -      -      -      -      -      -    python         
    2    3156405     C     98     37      -      -      -      -    sglang::schedul
    2    3155726     C      -      -      -      -      -      -    python         
    2    3156405     C     98     58      -      -      -      -    sglang::schedul
    2    3155726     C      -      -      -      -      -      -    python         
    2    3156405     C     98    100      -      -      -      -    sglang::schedul
    2    3155726     C      -      -      -      -      -      -    python         
    2    3156405     C     99    100      -      -      -      -    sglang::schedul
    2    3155726     C      -      -      -      -      -      -    python         
    2    3156405     C     99    100      -      -      -      -    sglang::schedul
    2    3155726     C      -      -      -      -      -      -    python         
    2    3156405     C     99    100      -      -      -      -    sglang::schedul
    2    3155726     C      -      -      -      -      -      -    python         
    2    3156405     C     99    100      -      -      -      -    sglang::schedul
    2    3155726     C      -      -      -      -      -      -    python         
    2    3156405     C     99    100      -      -      -      -    sglang::schedul
    2    3155726     C      -      -      -      -      -      -    python         
    2    3156405     C     99    100      -      -      -      -    sglang::schedul
    2    3155726     C      -      -      -      -      -      -    python         
    2    3156405     C     99    100      -      -      -      -    sglang::schedul
    2    3155726     C      -      -      -      -      -      -    python         
    2    3156405     C     99    100      -      -      -      -    sglang::schedul
    2    3155726     C      -      -      -      -      -      -    python         
    2    3156405     C     99    100      -      -      -      -    sglang::schedul
    2    3155726     C      -      -      -      -      -      -    python         
    2    3156405     C     99    100      -      -      -      -    sglang::schedul
    2    3155726     C      -      -      -      -      -      -    python         
    2    3156405     C     99    100      -      -      -      -    sglang::schedul
    2    3155726     C      -      -      -      -      -      -    python         
    2    3156405     C     99    100      -      -      -      -    sglang::schedul
    2    3155726     C      -      -      -      -      -      -    python         
    2    3156405     C     99    100      -      -      -      -    sglang::schedul
    2    3155726     C      -      -      -      -      -      -    python         
    2    3156405     C     99    100      -      -      -      -    sglang::schedul
# gpu         pid   type     sm    mem    enc    dec    jpg    ofa    command 
# Idx           #    C/G      %      %      %      %      %      %    name 
    2    3155726     C      -      -      -      -      -      -    python         
    2    3156405     C     99    100      -      -      -      -    sglang::schedul
    2    3155726     C      -      -      -      -      -      -    python         
    2    3156405     C     99    100      -      -      -      -    sglang::schedul
    2    3155726     C      -      -      -      -      -      -    python         
    2    3156405     C     99    100      -      -      -      -    sglang::schedul
    2    3155726     C      -      -      -      -      -      -    python         
    2    3156405     C     99    100      -      -      -      -    sglang::schedul
    2    3155726     C      -      -      -      -      -      -    python         
    2    3156405     C     98    100      -      -      -      -    sglang::schedul
    2    3155726     C      -      -      -      -      -      -    python         
    2    3156405     C     98    100      -      -      -      -    sglang::schedul
    2    3155726     C      -      -      -      -      -      -    python         
    2    3156405     C     98    100      -      -      -      -    sglang::schedul
    2    3155726     C      -      -      -      -      -      -    python         
    2    3156405     C     98    100      -      -      -      -    sglang::schedul
    2    3155726     C      -      -      -      -      -      -    python         
    2    3156405     C     99     77      -      -      -      -    sglang::schedul
    2    3155726     C      -      -      -      -      -      -    python         
    2    3156405     C     99     41      -      -      -      -    sglang::schedul
    2    3155726     C      -      -      -      -      -      -    python         
    2    3156405     C     99     40      -      -      -      -    sglang::schedul
    2    3155726     C      -      -      -      -      -      -    python         
    2    3156405     C     99     40      -      -      -      -    sglang::schedul
    2    3155726     C      -      -      -      -      -      -    python         
    2    3156405     C     99     40      -      -      -      -    sglang::schedul
    2    3155726     C      -      -      -      -      -      -    python         
    2    3156405     C     99     40      -      -      -      -    sglang::schedul
    2    3155726     C      -      -      -      -      -      -    python         
    2    3156405     C     99     39      -      -      -      -    sglang::schedul
    2    3155726     C      -      -      -      -      -      -    python         
    2    3156405     C     99     39      -      -      -      -    sglang::schedul
    2    3155726     C      -      -      -      -      -      -    python         
    2    3156405     C     99     39      -      -      -      -    sglang::schedul
    2    3155726     C      -      -      -      -      -      -    python         
    2    3156405     C     99     50      -      -      -      -    sglang::schedul
    2    3155726     C      -      -      -      -      -      -    python         
    2    3156405     C     99    100      -      -      -      -    sglang::schedul
    2    3155726     C      -      -      -      -      -      -    python         
    2    3156405     C     99    100      -      -      -      -    sglang::schedul
    2    3155726     C      -      -      -      -      -      -    python         
    2    3156405     C     99    100      -      -      -      -    sglang::schedul
    2    3155726     C      -      -      -      -      -      -    python         
    2    3156405     C     99    100      -      -      -      -    sglang::schedul
# gpu         pid   type     sm    mem    enc    dec    jpg    ofa    command 
# Idx           #    C/G      %      %      %      %      %      %    name 
    2    3155726     C      -      -      -      -      -      -    python         
    2    3156405     C     99    100      -      -      -      -    sglang::schedul
    2    3155726     C      -      -      -      -      -      -    python         
    2    3156405     C     99    100      -      -      -      -    sglang::schedul
    2    3155726     C      -      -      -      -      -      -    python         
    2    3156405     C     99    100      -      -      -      -    sglang::schedul
    2    3155726     C      -      -      -      -      -      -    python         
    2    3156405     C     99    100      -      -      -      -    sglang::schedul
    2    3155726     C      -      -      -      -      -      -    python         
    2    3156405     C     99    100      -      -      -      -    sglang::schedul
    2    3155726     C      -      -      -      -      -      -    python         
    2    3156405     C     98    100      -      -      -      -    sglang::schedul
    2    3155726     C      -      -      -      -      -      -    python         
    2    3156405     C     98    100      -      -      -      -    sglang::schedul
    2    3155726     C      -      -      -      -      -      -    python         
    2    3156405     C     98    100      -      -      -      -    sglang::schedul
    2    3155726     C      -      -      -      -      -      -    python         
    2    3156405     C     98    100      -      -      -      -    sglang::schedul
    2    3155726     C      -      -      -      -      -      -    python         
    2    3156405     C     98    100      -      -      -      -    sglang::schedul
    2    3155726     C      -      -      -      -      -      -    python         
    2    3156405     C     98    100      -      -      -      -    sglang::schedul
    2    3155726     C      -      -      -      -      -      -    python         
    2    3156405     C     99    100      -      -      -      -    sglang::schedul
    2    3155726     C      -      -      -      -      -      -    python         
    2    3156405     C     99    100      -      -      -      -    sglang::schedul
    2    3155726     C      -      -      -      -      -      -    python         
    2    3156405     C     99    100      -      -      -      -    sglang::schedul
    2    3155726     C      -      -      -      -      -      -    python         
    2    3156405     C     99    100      -      -      -      -    sglang::schedul
    2    3155726     C      -      -      -      -      -      -    python         
    2    3156405     C     99    100      -      -      -      -    sglang::schedul
    2    3155726     C      -      -      -      -      -      -    python         
    2    3156405     C     99    100      -      -      -      -    sglang::schedul
    2    3155726     C      -      -      -      -      -      -    python         
    2    3156405     C     99    100      -      -      -      -    sglang::schedul
    2    3155726     C      -      -      -      -      -      -    python         
    2    3156405     C     99    100      -      -      -      -    sglang::schedul
    2    3155726     C      -      -      -      -      -      -    python         
    2    3156405     C     99     74      -      -      -      -    sglang::schedul
    2    3155726     C      -      -      -      -      -      -    python         
    2    3156405     C     99     41      -      -      -      -    sglang::schedul
    2    3155726     C      -      -      -      -      -      -    python         
    2    3156405     C     99     41      -      -      -      -    sglang::schedul
# gpu         pid   type     sm    mem    enc    dec    jpg    ofa    command 
# Idx           #    C/G      %      %      %      %      %      %    name 
    2    3155726     C      -      -      -      -      -      -    python         
    2    3156405     C     99     40      -      -      -      -    sglang::schedul
    2    3155726     C      -      -      -      -      -      -    python         
    2    3156405     C     99     40      -      -      -      -    sglang::schedul
    2    3155726     C      -      -      -      -      -      -    python         
    2    3156405     C     99     40      -      -      -      -    sglang::schedul
    2    3155726     C      -      -      -      -      -      -    python         
    2    3156405     C     98     39      -      -      -      -    sglang::schedul
    2    3155726     C      -      -      -      -      -      -    python         
    2    3156405     C     99     39      -      -      -      -    sglang::schedul
    2    3155726     C      -      -      -      -      -      -    python         
    2    3156405     C     99     40      -      -      -      -    sglang::schedul
    2    3155726     C      -      -      -      -      -      -    python         
    2    3156405     C     99     50      -      -      -      -    sglang::schedul
    2    3155726     C      -      -      -      -      -      -    python         
    2    3156405     C     99    100      -      -      -      -    sglang::schedul
    2    3155726     C      -      -      -      -      -      -    python         
    2    3156405     C     99    100      -      -      -      -    sglang::schedul
    2    3155726     C      -      -      -      -      -      -    python         
    2    3156405     C     99    100      -      -      -      -    sglang::schedul
    2    3155726     C      -      -      -      -      -      -    python         
    2    3156405     C     99    100      -      -      -      -    sglang::schedul
    2    3155726     C      -      -      -      -      -      -    python         
    2    3156405     C     99    100      -      -      -      -    sglang::schedul
    2    3155726     C      -      -      -      -      -      -    python         
    2    3156405     C     99    100      -      -      -      -    sglang::schedul
    2    3155726     C      -      -      -      -      -      -    python         
    2    3156405     C     99    100      -      -      -      -    sglang::schedul
    2    3155726     C      -      -      -      -      -      -    python         
    2    3156405     C     99    100      -      -      -      -    sglang::schedul
    2    3155726     C      -      -      -      -      -      -    python         
    2    3156405     C     99    100      -      -      -      -    sglang::schedul
    2    3155726     C      -      -      -      -      -      -    python         
    2    3156405     C     99    100      -      -      -      -    sglang::schedul
    2    3155726     C      -      -      -      -      -      -    python         
    2    3156405     C     98    100      -      -      -      -    sglang::schedul
    2    3155726     C      -      -      -      -      -      -    python         
    2    3156405     C     98    100      -      -      -      -    sglang::schedul
    2    3155726     C      -      -      -      -      -      -    python         
    2    3156405     C     98    100      -      -      -      -    sglang::schedul
    2    3155726     C      -      -      -      -      -      -    python         
    2    3156405     C     98    100      -      -      -      -    sglang::schedul
    2    3155726     C      -      -      -      -      -      -    python         
    2    3156405     C     98    100      -      -      -      -    sglang::schedul
# gpu         pid   type     sm    mem    enc    dec    jpg    ofa    command 
# Idx           #    C/G      %      %      %      %      %      %    name 
    2    3155726     C      -      -      -      -      -      -    python         
    2    3156405     C     98    100      -      -      -      -    sglang::schedul
    2    3155726     C      -      -      -      -      -      -    python         
    2    3156405     C     99    100      -      -      -      -    sglang::schedul
    2    3155726     C      -      -      -      -      -      -    python         
    2    3156405     C     99    100      -      -      -      -    sglang::schedul
    2    3155726     C      -      -      -      -      -      -    python         
    2    3156405     C     99    100      -      -      -      -    sglang::schedul
    2    3155726     C      -      -      -      -      -      -    python         
    2    3156405     C     99    100      -      -      -      -    sglang::schedul
    2    3155726     C      -      -      -      -      -      -    python         
    2    3156405     C     99    100      -      -      -      -    sglang::schedul
    2    3155726     C      -      -      -      -      -      -    python         
    2    3156405     C     99    100      -      -      -      -    sglang::schedul
    2    3155726     C      -      -      -      -      -      -    python         
    2    3156405     C     99     74      -      -      -      -    sglang::schedul
    2    3155726     C      -      -      -      -      -      -    python         
    2    3156405     C     99     41      -      -      -      -    sglang::schedul
    2    3155726     C      -      -      -      -      -      -    python         
    2    3156405     C     99     40      -      -      -      -    sglang::schedul
    2    3155726     C      -      -      -      -      -      -    python         
    2    3156405     C     99     40      -      -      -      -    sglang::schedul
    2    3155726     C      -      -      -      -      -      -    python         
    2    3156405     C     99     40      -      -      -      -    sglang::schedul
    2    3155726     C      -      -      -      -      -      -    python         
    2    3156405     C     99     39      -      -      -      -    sglang::schedul
    2    3155726     C      -      -      -      -      -      -    python         
    2    3156405     C     99     39      -      -      -      -    sglang::schedul
    2    3155726     C      -      -      -      -      -      -    python         
    2    3156405     C     99     39      -      -      -      -    sglang::schedul
    2    3155726     C      -      -      -      -      -      -    python         
    2    3156405     C     99     40      -      -      -      -    sglang::schedul
    2    3155726     C      -      -      -      -      -      -    python         
    2    3156405     C     99     78      -      -      -      -    sglang::schedul
    2    3155726     C      -      -      -      -      -      -    python         
    2    3156405     C     98    100      -      -      -      -    sglang::schedul
    2    3155726     C      -      -      -      -      -      -    python         
    2    3156405     C     98    100      -      -      -      -    sglang::schedul
    2    3155726     C      -      -      -      -      -      -    python         
    2    3156405     C     98    100      -      -      -      -    sglang::schedul
    2    3155726     C      -      -      -      -      -      -    python         
    2    3156405     C     98    100      -      -      -      -    sglang::schedul
    2    3155726     C      -      -      -      -      -      -    python         
    2    3156405     C     98    100      -      -      -      -    sglang::schedul
# gpu         pid   type     sm    mem    enc    dec    jpg    ofa    command 
# Idx           #    C/G      %      %      %      %      %      %    name 
    2    3155726     C      -      -      -      -      -      -    python         
    2    3156405     C     99    100      -      -      -      -    sglang::schedul
    2    3155726     C      -      -      -      -      -      -    python         
    2    3156405     C     99    100      -      -      -      -    sglang::schedul
    2    3155726     C      -      -      -      -      -      -    python         
    2    3156405     C     99    100      -      -      -      -    sglang::schedul
    2    3155726     C      -      -      -      -      -      -    python         
    2    3156405     C     99    100      -      -      -      -    sglang::schedul
    2    3155726     C      -      -      -      -      -      -    python         
    2    3156405     C     99    100      -      -      -      -    sglang::schedul
    2    3155726     C      -      -      -      -      -      -    python         
    2    3156405     C     99    100      -      -      -      -    sglang::schedul
    2    3155726     C      -      -      -      -      -      -    python         
    2    3156405     C     99    100      -      -      -      -    sglang::schedul
    2    3155726     C      -      -      -      -      -      -    python         
    2    3156405     C     99    100      -      -      -      -    sglang::schedul
    2    3155726     C      -      -      -      -      -      -    python         
    2    3156405     C     99    100      -      -      -      -    sglang::schedul
    2    3155726     C      -      -      -      -      -      -    python         
    2    3156405     C     99    100      -      -      -      -    sglang::schedul
    2    3155726     C      -      -      -      -      -      -    python         
    2    3156405     C     99    100      -      -      -      -    sglang::schedul
    2    3155726     C      -      -      -      -      -      -    python         
    2    3156405     C     99    100      -      -      -      -    sglang::schedul
    2    3155726     C      -      -      -      -      -      -    python         
    2    3156405     C     99    100      -      -      -      -    sglang::schedul
    2    3155726     C      -      -      -      -      -      -    python         
    2    3156405     C     99    100      -      -      -      -    sglang::schedul
    2    3155726     C      -      -      -      -      -      -    python         
    2    3156405     C     99    100      -      -      -      -    sglang::schedul
    2    3155726     C      -      -      -      -      -      -    python         
    2    3156405     C     99    100      -      -      -      -    sglang::schedul
    2    3155726     C      -      -      -      -      -      -    python         
    2    3156405     C     99    100      -      -      -      -    sglang::schedul
    2    3155726     C      -      -      -      -      -      -    python         
    2    3156405     C     99    100      -      -      -      -    sglang::schedul
    2    3155726     C      -      -      -      -      -      -    python         
    2    3156405     C     98     72      -      -      -      -    sglang::schedul
    2    3155726     C      -      -      -      -      -      -    python         
    2    3156405     C     99     40      -      -      -      -    sglang::schedul
    2    3155726     C      -      -      -      -      -      -    python         
    2    3156405     C     99     40      -      -      -      -    sglang::schedul
    2    3155726     C      -      -      -      -      -      -    python         
    2    3156405     C     98     40      -      -      -      -    sglang::schedul
# gpu         pid   type     sm    mem    enc    dec    jpg    ofa    command 
# Idx           #    C/G      %      %      %      %      %      %    name 
    2    3155726     C      -      -      -      -      -      -    python         
    2    3156405     C     98     39      -      -      -      -    sglang::schedul
    2    3155726     C      -      -      -      -      -      -    python         
    2    3156405     C     98     39      -      -      -      -    sglang::schedul
    2    3155726     C      -      -      -      -      -      -    python         
    2    3156405     C     98     39      -      -      -      -    sglang::schedul
    2    3155726     C      -      -      -      -      -      -    python         
    2    3156405     C     98     39      -      -      -      -    sglang::schedul
    2    3155726     C      -      -      -      -      -      -    python         
    2    3156405     C     99     39      -      -      -      -    sglang::schedul
    2    3155726     C      -      -      -      -      -      -    python         
    2    3156405     C     99     56      -      -      -      -    sglang::schedul
    2    3155726     C      -      -      -      -      -      -    python         
    2    3156405     C     99     94      -      -      -      -    sglang::schedul
    2    3155726     C      -      -      -      -      -      -    python         
    2    3156405     C     99    100      -      -      -      -    sglang::schedul
    2    3155726     C      -      -      -      -      -      -    python         
    2    3156405     C     99    100      -      -      -      -    sglang::schedul
    2    3155726     C      -      -      -      -      -      -    python         
    2    3156405     C     99    100      -      -      -      -    sglang::schedul
    2    3155726     C      -      -      -      -      -      -    python         
    2    3156405     C     99    100      -      -      -      -    sglang::schedul
    2    3155726     C      -      -      -      -      -      -    python         
    2    3156405     C     99    100      -      -      -      -    sglang::schedul
    2    3155726     C      -      -      -      -      -      -    python         
    2    3156405     C     99    100      -      -      -      -    sglang::schedul
    2    3155726     C      -      -      -      -      -      -    python         
    2    3156405     C     99    100      -      -      -      -    sglang::schedul
    2    3155726     C      -      -      -      -      -      -    python         
    2    3156405     C     99    100      -      -      -      -    sglang::schedul
    2    3155726     C      -      -      -      -      -      -    python         
    2    3156405     C     99    100      -      -      -      -    sglang::schedul
    2    3155726     C      -      -      -      -      -      -    python         
    2    3156405     C     99    100      -      -      -      -    sglang::schedul
    2    3155726     C      -      -      -      -      -      -    python         
    2    3156405     C     99    100      -      -      -      -    sglang::schedul
    2    3155726     C      -      -      -      -      -      -    python         
    2    3156405     C     99    100      -      -      -      -    sglang::schedul
    2    3155726     C      -      -      -      -      -      -    python         
    2    3156405     C     99    100      -      -      -      -    sglang::schedul
    2    3155726     C      -      -      -      -      -      -    python         
    2    3156405     C     99    100      -      -      -      -    sglang::schedul
    2    3155726     C      -      -      -      -      -      -    python         
    2    3156405     C     99    100      -      -      -      -    sglang::schedul
# gpu         pid   type     sm    mem    enc    dec    jpg    ofa    command 
# Idx           #    C/G      %      %      %      %      %      %    name 
    2    3155726     C      -      -      -      -      -      -    python         
    2    3156405     C     99    100      -      -      -      -    sglang::schedul
    2    3155726     C      -      -      -      -      -      -    python         
    2    3156405     C     98    100      -      -      -      -    sglang::schedul
    2    3155726     C      -      -      -      -      -      -    python         
    2    3156405     C     98    100      -      -      -      -    sglang::schedul
    2    3155726     C      -      -      -      -      -      -    python         
    2    3156405     C     98    100      -      -      -      -    sglang::schedul
    2    3155726     C      -      -      -      -      -      -    python         
    2    3156405     C     98    100      -      -      -      -    sglang::schedul
    2    3155726     C      -      -      -      -      -      -    python         
    2    3156405     C     98    100      -      -      -      -    sglang::schedul
    2    3155726     C      -      -      -      -      -      -    python         
    2    3156405     C     98    100      -      -      -      -    sglang::schedul
    2    3155726     C      -      -      -      -      -      -    python         
    2    3156405     C     99    100      -      -      -      -    sglang::schedul
    2    3155726     C      -      -      -      -      -      -    python         
    2    3156405     C     92     91      -      -      -      -    sglang::schedul
    2    3155726     C      -      -      -      -      -      -    python         
    2    3156405     C     30     29      -      -      -      -    sglang::schedul
    2    3155726     C      -      -      -      -      -      -    python         
    2    3156405     C      0      0      -      -      -      -    sglang::schedul
