# gpu         pid   type     sm    mem    enc    dec    jpg    ofa    command 
# Idx           #    C/G      %      %      %      %      %      %    name 
    0          -     -      -      -      -      -      -      -    -              
    0          -     -      -      -      -      -      -      -    -              
    0          -     -      -      -      -      -      -      -    -              
    0          -     -      -      -      -      -      -      -    -              
    0          -     -      -      -      -      -      -      -    -              
    0          -     -      -      -      -      -      -      -    -              
    0          -     -      -      -      -      -      -      -    -              
    0          -     -      -      -      -      -      -      -    -              
    0          -     -      -      -      -      -      -      -    -              
    0          -     -      -      -      -      -      -      -    -              
    0          -     -      -      -      -      -      -      -    -              
    0          -     -      -      -      -      -      -      -    -              
    0          -     -      -      -      -      -      -      -    -              
    0          -     -      -      -      -      -      -      -    -              
    0          -     -      -      -      -      -      -      -    -              
    0          -     -      -      -      -      -      -      -    -              
    0          -     -      -      -      -      -      -      -    -              
    0          -     -      -      -      -      -      -      -    -              
    0    3190645     C      -      -      -      -      -      -    sglang::schedul
    0    3190645     C      0      0      -      -      -      -    sglang::schedul
    0    3190645     C      0      0      -      -      -      -    sglang::schedul
    0    3190645     C      0      0      -      -      -      -    sglang::schedul
    0    3190645     C      0      0      -      -      -      -    sglang::schedul
    0    3190645     C      4      0      -      -      -      -    sglang::schedul
    0    3190645     C     10      0      -      -      -      -    sglang::schedul
    0    3190645     C      4      0      -      -      -      -    sglang::schedul
    0    3190645     C      0      0      -      -      -      -    sglang::schedul
    0    3190645     C      3      1      -      -      -      -    sglang::schedul
    0    3190645     C      3      1      -      -      -      -    sglang::schedul
    0    3190645     C      0      0      -      -      -      -    sglang::schedul
    0    3190645     C      6      1      -      -      -      -    sglang::schedul
    0    3190645     C     13      3      -      -      -      -    sglang::schedul
    0    3190645     C      9      2      -      -      -      -    sglang::schedul
    0    3190645     C      4      1      -      -      -      -    sglang::schedul
    0    3190645     C      3      0      -      -      -      -    sglang::schedul
    0    3190645     C      1      0      -      -      -      -    sglang::schedul
    0    3190645     C      0      0      -      -      -      -    sglang::schedul
    0    3188824     C      0      0      -      -      -      -    python         
    0    3190645     C      0      0      -      -      -      -    sglang::schedul
    0    3188824     C      -      -      -      -      -      -    python         
    0    3190645     C      1      0      -      -      -      -    sglang::schedul
    0    3188824     C      -      -      -      -      -      -    python         
    0    3190645     C      1      0      -      -      -      -    sglang::schedul
    0    3188824     C      -      -      -      -      -      -    python         
# gpu         pid   type     sm    mem    enc    dec    jpg    ofa    command 
# Idx           #    C/G      %      %      %      %      %      %    name 
    0    3190645     C      0      0      -      -      -      -    sglang::schedul
    0    3188824     C      -      -      -      -      -      -    python         
    0    3190645     C      -      -      -      -      -      -    sglang::schedul
    0    3188824     C      -      -      -      -      -      -    python         
    0    3190645     C     57     12      -      -      -      -    sglang::schedul
    0    3188824     C      -      -      -      -      -      -    python         
    0    3190645     C     18      9      -      -      -      -    sglang::schedul
    0    3188824     C      -      -      -      -      -      -    python         
    0    3190645     C     99     58      -      -      -      -    sglang::schedul
    0    3188824     C      -      -      -      -      -      -    python         
    0    3190645     C     98     59      -      -      -      -    sglang::schedul
    0    3188824     C      -      -      -      -      -      -    python         
    0    3190645     C     97     57      -      -      -      -    sglang::schedul
    0    3188824     C      -      -      -      -      -      -    python         
    0    3190645     C     98     60      -      -      -      -    sglang::schedul
    0    3188824     C      -      -      -      -      -      -    python         
    0    3190645     C     97     57      -      -      -      -    sglang::schedul
    0    3188824     C      -      -      -      -      -      -    python         
    0    3190645     C     97     57      -      -      -      -    sglang::schedul
    0    3188824     C      -      -      -      -      -      -    python         
    0    3190645     C     99     59      -      -      -      -    sglang::schedul
    0    3188824     C      -      -      -      -      -      -    python         
    0    3190645     C     98     58      -      -      -      -    sglang::schedul
    0    3188824     C      -      -      -      -      -      -    python         
    0    3190645     C     99     59      -      -      -      -    sglang::schedul
    0    3188824     C      -      -      -      -      -      -    python         
    0    3190645     C     99     59      -      -      -      -    sglang::schedul
    0    3188824     C      -      -      -      -      -      -    python         
    0    3190645     C     98     58      -      -      -      -    sglang::schedul
    0    3188824     C      -      -      -      -      -      -    python         
    0    3190645     C     99     59      -      -      -      -    sglang::schedul
    0    3188824     C      -      -      -      -      -      -    python         
    0    3190645     C     98     58      -      -      -      -    sglang::schedul
    0    3188824     C      -      -      -      -      -      -    python         
    0    3190645     C     98     57      -      -      -      -    sglang::schedul
    0    3188824     C      -      -      -      -      -      -    python         
    0    3190645     C     99     59      -      -      -      -    sglang::schedul
    0    3188824     C      -      -      -      -      -      -    python         
    0    3190645     C     98     57      -      -      -      -    sglang::schedul
    0    3188824     C      -      -      -      -      -      -    python         
    0    3190645     C     99     59      -      -      -      -    sglang::schedul
    0    3188824     C      -      -      -      -      -      -    python         
    0    3190645     C     97     57      -      -      -      -    sglang::schedul
    0    3188824     C      -      -      -      -      -      -    python         
# gpu         pid   type     sm    mem    enc    dec    jpg    ofa    command 
# Idx           #    C/G      %      %      %      %      %      %    name 
    0    3190645     C     99     59      -      -      -      -    sglang::schedul
    0    3188824     C      -      -      -      -      -      -    python         
    0    3190645     C     99     59      -      -      -      -    sglang::schedul
    0    3188824     C      -      -      -      -      -      -    python         
    0    3190645     C     97     57      -      -      -      -    sglang::schedul
    0    3188824     C      -      -      -      -      -      -    python         
    0    3190645     C     98     59      -      -      -      -    sglang::schedul
    0    3188824     C      -      -      -      -      -      -    python         
    0    3190645     C     97     57      -      -      -      -    sglang::schedul
    0    3188824     C      -      -      -      -      -      -    python         
    0    3190645     C     98     59      -      -      -      -    sglang::schedul
    0    3188824     C      -      -      -      -      -      -    python         
    0    3190645     C     99     60      -      -      -      -    sglang::schedul
    0    3188824     C      -      -      -      -      -      -    python         
    0    3190645     C     97     57      -      -      -      -    sglang::schedul
    0    3188824     C      -      -      -      -      -      -    python         
    0    3190645     C     99     59      -      -      -      -    sglang::schedul
    0    3188824     C      -      -      -      -      -      -    python         
    0    3190645     C     97     58      -      -      -      -    sglang::schedul
    0    3188824     C      -      -      -      -      -      -    python         
    0    3190645     C     97     58      -      -      -      -    sglang::schedul
    0    3188824     C      -      -      -      -      -      -    python         
    0    3190645     C     99     60      -      -      -      -    sglang::schedul
    0    3188824     C      -      -      -      -      -      -    python         
    0    3190645     C     98     58      -      -      -      -    sglang::schedul
    0    3188824     C      -      -      -      -      -      -    python         
    0    3190645     C     99     59      -      -      -      -    sglang::schedul
    0    3188824     C      -      -      -      -      -      -    python         
    0    3190645     C     97     58      -      -      -      -    sglang::schedul
    0    3188824     C      -      -      -      -      -      -    python         
    0    3190645     C     97     58      -      -      -      -    sglang::schedul
    0    3188824     C      -      -      -      -      -      -    python         
    0    3190645     C     99     60      -      -      -      -    sglang::schedul
    0    3188824     C      -      -      -      -      -      -    python         
    0    3190645     C     98     58      -      -      -      -    sglang::schedul
    0    3188824     C      -      -      -      -      -      -    python         
    0    3190645     C     98     58      -      -      -      -    sglang::schedul
    0    3188824     C      -      -      -      -      -      -    python         
    0    3190645     C     98     58      -      -      -      -    sglang::schedul
    0    3188824     C      -      -      -      -      -      -    python         
    0    3190645     C     98     58      -      -      -      -    sglang::schedul
    0    3188824     C      -      -      -      -      -      -    python         
    0    3190645     C     99     60      -      -      -      -    sglang::schedul
    0    3188824     C      -      -      -      -      -      -    python         
# gpu         pid   type     sm    mem    enc    dec    jpg    ofa    command 
# Idx           #    C/G      %      %      %      %      %      %    name 
    0    3190645     C     96     57      -      -      -      -    sglang::schedul
    0    3188824     C      -      -      -      -      -      -    python         
    0    3190645     C     98     59      -      -      -      -    sglang::schedul
    0    3188824     C      -      -      -      -      -      -    python         
    0    3190645     C     97     57      -      -      -      -    sglang::schedul
    0    3188824     C      -      -      -      -      -      -    python         
    0    3190645     C     97     57      -      -      -      -    sglang::schedul
    0    3188824     C      -      -      -      -      -      -    python         
    0    3190645     C     98     59      -      -      -      -    sglang::schedul
    0    3188824     C      -      -      -      -      -      -    python         
    0    3190645     C     97     57      -      -      -      -    sglang::schedul
    0    3188824     C      -      -      -      -      -      -    python         
    0    3190645     C     99     59      -      -      -      -    sglang::schedul
    0    3188824     C      -      -      -      -      -      -    python         
    0    3190645     C     98     58      -      -      -      -    sglang::schedul
    0    3188824     C      -      -      -      -      -      -    python         
    0    3190645     C     98     58      -      -      -      -    sglang::schedul
    0    3188824     C      -      -      -      -      -      -    python         
    0    3190645     C     99     60      -      -      -      -    sglang::schedul
    0    3188824     C      -      -      -      -      -      -    python         
    0    3190645     C     97     57      -      -      -      -    sglang::schedul
    0    3188824     C      -      -      -      -      -      -    python         
    0    3190645     C     97     57      -      -      -      -    sglang::schedul
    0    3188824     C      -      -      -      -      -      -    python         
    0    3190645     C     98     59      -      -      -      -    sglang::schedul
    0    3188824     C      -      -      -      -      -      -    python         
    0    3190645     C     95     56      -      -      -      -    sglang::schedul
    0    3188824     C      -      -      -      -      -      -    python         
    0    3190645     C     97     58      -      -      -      -    sglang::schedul
    0    3188824     C      -      -      -      -      -      -    python         
    0    3190645     C     96     57      -      -      -      -    sglang::schedul
    0    3188824     C      -      -      -      -      -      -    python         
    0    3190645     C     96     56      -      -      -      -    sglang::schedul
    0    3188824     C      -      -      -      -      -      -    python         
    0    3190645     C     96     58      -      -      -      -    sglang::schedul
    0    3188824     C      -      -      -      -      -      -    python         
    0    3190645     C     96     56      -      -      -      -    sglang::schedul
    0    3188824     C      -      -      -      -      -      -    python         
    0    3190645     C     99     60      -      -      -      -    sglang::schedul
    0    3188824     C      -      -      -      -      -      -    python         
    0    3190645     C     97     57      -      -      -      -    sglang::schedul
    0    3188824     C      -      -      -      -      -      -    python         
    0    3190645     C     97     56      -      -      -      -    sglang::schedul
    0    3188824     C      -      -      -      -      -      -    python         
# gpu         pid   type     sm    mem    enc    dec    jpg    ofa    command 
# Idx           #    C/G      %      %      %      %      %      %    name 
    0    3190645     C     99     59      -      -      -      -    sglang::schedul
    0    3188824     C      -      -      -      -      -      -    python         
    0    3190645     C     97     57      -      -      -      -    sglang::schedul
    0    3188824     C      -      -      -      -      -      -    python         
    0    3190645     C     99     59      -      -      -      -    sglang::schedul
    0    3188824     C      -      -      -      -      -      -    python         
    0    3190645     C     97     58      -      -      -      -    sglang::schedul
    0    3188824     C      -      -      -      -      -      -    python         
    0    3190645     C     97     57      -      -      -      -    sglang::schedul
    0    3188824     C      -      -      -      -      -      -    python         
    0    3190645     C     98     59      -      -      -      -    sglang::schedul
    0    3188824     C      -      -      -      -      -      -    python         
    0    3190645     C     97     58      -      -      -      -    sglang::schedul
    0    3188824     C      -      -      -      -      -      -    python         
    0    3190645     C     97     57      -      -      -      -    sglang::schedul
    0    3188824     C      -      -      -      -      -      -    python         
    0    3190645     C     99     60      -      -      -      -    sglang::schedul
    0    3188824     C      -      -      -      -      -      -    python         
    0    3190645     C     97     57      -      -      -      -    sglang::schedul
    0    3188824     C      -      -      -      -      -      -    python         
    0    3190645     C     99     59      -      -      -      -    sglang::schedul
    0    3188824     C      -      -      -      -      -      -    python         
    0    3190645     C     98     58      -      -      -      -    sglang::schedul
    0    3188824     C      -      -      -      -      -      -    python         
    0    3190645     C     98     58      -      -      -      -    sglang::schedul
    0    3188824     C      -      -      -      -      -      -    python         
    0    3190645     C     99     59      -      -      -      -    sglang::schedul
    0    3188824     C      -      -      -      -      -      -    python         
    0    3190645     C     54     33      -      -      -      -    sglang::schedul
    0    3188824     C      -      -      -      -      -      -    python         
    0    3190645     C      0      0      -      -      -      -    sglang::schedul
    0    3188824     C      -      -      -      -      -      -    python         
    0    3190645     C      0      0      -      -      -      -    sglang::schedul
    0    3188824     C      -      -      -      -      -      -    python         
    0    3190645     C      0      0      -      -      -      -    sglang::schedul
    0    3188824     C      -      -      -      -      -      -    python         
    0    3190645     C      0      0      -      -      -      -    sglang::schedul
    0    3188824     C      -      -      -      -      -      -    python         
    0    3190645     C     11      2      -      -      -      -    sglang::schedul
    0    3188824     C      -      -      -      -      -      -    python         
    0    3190645     C     14      2      -      -      -      -    sglang::schedul
    0    3188824     C      -      -      -      -      -      -    python         
    0    3190645     C     47     27      -      -      -      -    sglang::schedul
    0    3188824     C      -      -      -      -      -      -    python         
# gpu         pid   type     sm    mem    enc    dec    jpg    ofa    command 
# Idx           #    C/G      %      %      %      %      %      %    name 
    0    3190645     C     95     62      -      -      -      -    sglang::schedul
    0    3188824     C      -      -      -      -      -      -    python         
    0    3190645     C     99     71      -      -      -      -    sglang::schedul
    0    3188824     C      -      -      -      -      -      -    python         
    0    3190645     C     99     60      -      -      -      -    sglang::schedul
    0    3188824     C      -      -      -      -      -      -    python         
    0    3190645     C     99     71      -      -      -      -    sglang::schedul
    0    3188824     C      -      -      -      -      -      -    python         
    0    3190645     C     99     71      -      -      -      -    sglang::schedul
    0    3188824     C      -      -      -      -      -      -    python         
    0    3190645     C     99     61      -      -      -      -    sglang::schedul
    0    3188824     C      -      -      -      -      -      -    python         
    0    3190645     C     99     71      -      -      -      -    sglang::schedul
    0    3188824     C      -      -      -      -      -      -    python         
    0    3190645     C     99     71      -      -      -      -    sglang::schedul
    0    3188824     C      -      -      -      -      -      -    python         
    0    3190645     C     98     63      -      -      -      -    sglang::schedul
    0    3188824     C      -      -      -      -      -      -    python         
    0    3190645     C     98     62      -      -      -      -    sglang::schedul
    0    3188824     C      -      -      -      -      -      -    python         
    0    3190645     C     99     71      -      -      -      -    sglang::schedul
    0    3188824     C      -      -      -      -      -      -    python         
    0    3190645     C     99     64      -      -      -      -    sglang::schedul
    0    3188824     C      -      -      -      -      -      -    python         
    0    3190645     C     99     64      -      -      -      -    sglang::schedul
    0    3188824     C      -      -      -      -      -      -    python         
    0    3190645     C     99     71      -      -      -      -    sglang::schedul
    0    3188824     C      -      -      -      -      -      -    python         
    0    3190645     C     99     71      -      -      -      -    sglang::schedul
    0    3188824     C      -      -      -      -      -      -    python         
    0    3190645     C     99     65      -      -      -      -    sglang::schedul
    0    3188824     C      -      -      -      -      -      -    python         
    0    3190645     C     99     71      -      -      -      -    sglang::schedul
    0    3188824     C      -      -      -      -      -      -    python         
    0    3190645     C     99     71      -      -      -      -    sglang::schedul
    0    3188824     C      -      -      -      -      -      -    python         
    0    3190645     C     99     65      -      -      -      -    sglang::schedul
    0    3188824     C      -      -      -      -      -      -    python         
    0    3190645     C     99     65      -      -      -      -    sglang::schedul
    0    3188824     C      -      -      -      -      -      -    python         
    0    3190645     C     99     71      -      -      -      -    sglang::schedul
    0    3188824     C      -      -      -      -      -      -    python         
    0    3190645     C     99     65      -      -      -      -    sglang::schedul
    0    3188824     C      -      -      -      -      -      -    python         
# gpu         pid   type     sm    mem    enc    dec    jpg    ofa    command 
# Idx           #    C/G      %      %      %      %      %      %    name 
    0    3190645     C     99     65      -      -      -      -    sglang::schedul
    0    3188824     C      -      -      -      -      -      -    python         
    0    3190645     C     99     71      -      -      -      -    sglang::schedul
    0    3188824     C      -      -      -      -      -      -    python         
    0    3190645     C     98     65      -      -      -      -    sglang::schedul
    0    3188824     C      -      -      -      -      -      -    python         
    0    3190645     C     98     65      -      -      -      -    sglang::schedul
    0    3188824     C      -      -      -      -      -      -    python         
    0    3190645     C     99     72      -      -      -      -    sglang::schedul
    0    3188824     C      -      -      -      -      -      -    python         
    0    3190645     C     98     61      -      -      -      -    sglang::schedul
    0    3188824     C      -      -      -      -      -      -    python         
    0    3190645     C     99     65      -      -      -      -    sglang::schedul
    0    3188824     C      -      -      -      -      -      -    python         
    0    3190645     C     99     71      -      -      -      -    sglang::schedul
    0    3188824     C      -      -      -      -      -      -    python         
    0    3190645     C     98     70      -      -      -      -    sglang::schedul
    0    3188824     C      -      -      -      -      -      -    python         
    0    3190645     C     19     14      -      -      -      -    sglang::schedul
    0    3188824     C      -      -      -      -      -      -    python         
    0    3190645     C      0      0      -      -      -      -    sglang::schedul
    0    3188824     C      -      -      -      -      -      -    python         
    0    3190645     C      0      0      -      -      -      -    sglang::schedul
    0    3188824     C      -      -      -      -      -      -    python         
    0    3190645     C      0      0      -      -      -      -    sglang::schedul
    0    3188824     C      -      -      -      -      -      -    python         
    0    3190645     C      0      0      -      -      -      -    sglang::schedul
    0    3188824     C      -      -      -      -      -      -    python         
    0    3190645     C      0      0      -      -      -      -    sglang::schedul
    0    3188824     C      -      -      -      -      -      -    python         
    0    3190645     C     17      3      -      -      -      -    sglang::schedul
    0    3188824     C      -      -      -      -      -      -    python         
    0    3190645     C     50     23      -      -      -      -    sglang::schedul
    0    3188824     C      -      -      -      -      -      -    python         
    0    3190645     C     98     69      -      -      -      -    sglang::schedul
    0    3188824     C      -      -      -      -      -      -    python         
    0    3190645     C     99     79      -      -      -      -    sglang::schedul
    0    3188824     C      -      -      -      -      -      -    python         
    0    3190645     C     99     79      -      -      -      -    sglang::schedul
    0    3188824     C      -      -      -      -      -      -    python         
    0    3190645     C     98     64      -      -      -      -    sglang::schedul
    0    3188824     C      -      -      -      -      -      -    python         
    0    3190645     C     98     64      -      -      -      -    sglang::schedul
    0    3188824     C      -      -      -      -      -      -    python         
# gpu         pid   type     sm    mem    enc    dec    jpg    ofa    command 
# Idx           #    C/G      %      %      %      %      %      %    name 
    0    3190645     C     99     79      -      -      -      -    sglang::schedul
    0    3188824     C      -      -      -      -      -      -    python         
    0    3190645     C     99     79      -      -      -      -    sglang::schedul
    0    3188824     C      -      -      -      -      -      -    python         
    0    3190645     C     99     69      -      -      -      -    sglang::schedul
    0    3188824     C      -      -      -      -      -      -    python         
    0    3190645     C     99     65      -      -      -      -    sglang::schedul
    0    3188824     C      -      -      -      -      -      -    python         
    0    3190645     C     99     79      -      -      -      -    sglang::schedul
    0    3188824     C      -      -      -      -      -      -    python         
    0    3190645     C     99     80      -      -      -      -    sglang::schedul
    0    3188824     C      -      -      -      -      -      -    python         
    0    3190645     C     99     61      -      -      -      -    sglang::schedul
    0    3188824     C      -      -      -      -      -      -    python         
    0    3190645     C     99     65      -      -      -      -    sglang::schedul
    0    3188824     C      -      -      -      -      -      -    python         
    0    3190645     C     99     79      -      -      -      -    sglang::schedul
    0    3188824     C      -      -      -      -      -      -    python         
    0    3190645     C     99     79      -      -      -      -    sglang::schedul
    0    3188824     C      -      -      -      -      -      -    python         
    0    3190645     C     98     69      -      -      -      -    sglang::schedul
    0    3188824     C      -      -      -      -      -      -    python         
    0    3190645     C     98     59      -      -      -      -    sglang::schedul
    0    3188824     C      -      -      -      -      -      -    python         
    0    3190645     C     98     79      -      -      -      -    sglang::schedul
    0    3188824     C      -      -      -      -      -      -    python         
    0    3190645     C     98     79      -      -      -      -    sglang::schedul
    0    3188824     C      -      -      -      -      -      -    python         
    0    3190645     C     98     80      -      -      -      -    sglang::schedul
    0    3188824     C      -      -      -      -      -      -    python         
    0    3190645     C     98     60      -      -      -      -    sglang::schedul
    0    3188824     C      -      -      -      -      -      -    python         
    0    3190645     C     99     79      -      -      -      -    sglang::schedul
    0    3188824     C      -      -      -      -      -      -    python         
    0    3190645     C     99     79      -      -      -      -    sglang::schedul
    0    3188824     C      -      -      -      -      -      -    python         
    0    3190645     C     99     80      -      -      -      -    sglang::schedul
    0    3188824     C      -      -      -      -      -      -    python         
    0    3190645     C     98     62      -      -      -      -    sglang::schedul
    0    3188824     C      -      -      -      -      -      -    python         
    0    3190645     C     98     69      -      -      -      -    sglang::schedul
    0    3188824     C      -      -      -      -      -      -    python         
    0    3190645     C     99     79      -      -      -      -    sglang::schedul
    0    3188824     C      -      -      -      -      -      -    python         
# gpu         pid   type     sm    mem    enc    dec    jpg    ofa    command 
# Idx           #    C/G      %      %      %      %      %      %    name 
    0    3190645     C     99     79      -      -      -      -    sglang::schedul
    0    3188824     C      -      -      -      -      -      -    python         
    0    3190645     C     99     65      -      -      -      -    sglang::schedul
    0    3188824     C      -      -      -      -      -      -    python         
    0    3190645     C     99     64      -      -      -      -    sglang::schedul
    0    3188824     C      -      -      -      -      -      -    python         
    0    3190645     C     99     79      -      -      -      -    sglang::schedul
    0    3188824     C      -      -      -      -      -      -    python         
    0    3190645     C     99     79      -      -      -      -    sglang::schedul
    0    3188824     C      -      -      -      -      -      -    python         
    0    3190645     C     98     69      -      -      -      -    sglang::schedul
    0    3188824     C      -      -      -      -      -      -    python         
    0    3190645     C     98     65      -      -      -      -    sglang::schedul
    0    3188824     C      -      -      -      -      -      -    python         
    0    3190645     C     99     79      -      -      -      -    sglang::schedul
    0    3188824     C      -      -      -      -      -      -    python         
    0    3190645     C     99     79      -      -      -      -    sglang::schedul
    0    3188824     C      -      -      -      -      -      -    python         
    0    3190645     C     98     74      -      -      -      -    sglang::schedul
    0    3188824     C      -      -      -      -      -      -    python         
    0    3190645     C     99     63      -      -      -      -    sglang::schedul
    0    3188824     C      -      -      -      -      -      -    python         
    0    3190645     C     99     79      -      -      -      -    sglang::schedul
    0    3188824     C      -      -      -      -      -      -    python         
    0    3190645     C     99     79      -      -      -      -    sglang::schedul
    0    3188824     C      -      -      -      -      -      -    python         
    0    3190645     C     93     75      -      -      -      -    sglang::schedul
    0    3188824     C      -      -      -      -      -      -    python         
    0    3190645     C     11      9      -      -      -      -    sglang::schedul
    0    3188824     C      -      -      -      -      -      -    python         
    0    3190645     C      0      0      -      -      -      -    sglang::schedul
    0    3188824     C      -      -      -      -      -      -    python         
    0    3190645     C      0      0      -      -      -      -    sglang::schedul
    0    3188824     C      -      -      -      -      -      -    python         
    0    3190645     C      0      0      -      -      -      -    sglang::schedul
    0    3188824     C      -      -      -      -      -      -    python         
    0    3190645     C      0      0      -      -      -      -    sglang::schedul
    0    3188824     C      -      -      -      -      -      -    python         
    0    3190645     C     15      2      -      -      -      -    sglang::schedul
    0    3188824     C      -      -      -      -      -      -    python         
    0    3190645     C     20      3      -      -      -      -    sglang::schedul
    0    3188824     C      -      -      -      -      -      -    python         
    0    3190645     C     62     17      -      -      -      -    sglang::schedul
    0    3188824     C      -      -      -      -      -      -    python         
# gpu         pid   type     sm    mem    enc    dec    jpg    ofa    command 
# Idx           #    C/G      %      %      %      %      %      %    name 
    0    3190645     C     98     65      -      -      -      -    sglang::schedul
    0    3188824     C      -      -      -      -      -      -    python         
    0    3190645     C     99     88      -      -      -      -    sglang::schedul
    0    3188824     C      -      -      -      -      -      -    python         
    0    3190645     C     99     88      -      -      -      -    sglang::schedul
    0    3188824     C      -      -      -      -      -      -    python         
    0    3190645     C     99     88      -      -      -      -    sglang::schedul
    0    3188824     C      -      -      -      -      -      -    python         
    0    3190645     C     99     89      -      -      -      -    sglang::schedul
    0    3188824     C      -      -      -      -      -      -    python         
    0    3190645     C     99     62      -      -      -      -    sglang::schedul
    0    3188824     C      -      -      -      -      -      -    python         
    0    3190645     C     99     52      -      -      -      -    sglang::schedul
    0    3188824     C      -      -      -      -      -      -    python         
    0    3190645     C     99     87      -      -      -      -    sglang::schedul
    0    3188824     C      -      -      -      -      -      -    python         
    0    3190645     C     99     88      -      -      -      -    sglang::schedul
    0    3188824     C      -      -      -      -      -      -    python         
    0    3190645     C     99     88      -      -      -      -    sglang::schedul
    0    3188824     C      -      -      -      -      -      -    python         
    0    3190645     C     99     88      -      -      -      -    sglang::schedul
    0    3188824     C      -      -      -      -      -      -    python         
    0    3190645     C     99     72      -      -      -      -    sglang::schedul
    0    3188824     C      -      -      -      -      -      -    python         
    0    3190645     C     99     71      -      -      -      -    sglang::schedul
    0    3188824     C      -      -      -      -      -      -    python         
    0    3190645     C     99     88      -      -      -      -    sglang::schedul
    0    3188824     C      -      -      -      -      -      -    python         
    0    3190645     C     99     88      -      -      -      -    sglang::schedul
    0    3188824     C      -      -      -      -      -      -    python         
    0    3190645     C     99     88      -      -      -      -    sglang::schedul
    0    3188824     C      -      -      -      -      -      -    python         
    0    3190645     C     99     89      -      -      -      -    sglang::schedul
    0    3188824     C      -      -      -      -      -      -    python         
    0    3190645     C     99     63      -      -      -      -    sglang::schedul
    0    3188824     C      -      -      -      -      -      -    python         
    0    3190645     C     98     56      -      -      -      -    sglang::schedul
    0    3188824     C      -      -      -      -      -      -    python         
    0    3190645     C     98     88      -      -      -      -    sglang::schedul
    0    3188824     C      -      -      -      -      -      -    python         
    0    3190645     C     98     88      -      -      -      -    sglang::schedul
    0    3188824     C      -      -      -      -      -      -    python         
    0    3190645     C     98     88      -      -      -      -    sglang::schedul
    0    3188824     C      -      -      -      -      -      -    python         
# gpu         pid   type     sm    mem    enc    dec    jpg    ofa    command 
# Idx           #    C/G      %      %      %      %      %      %    name 
    0    3190645     C     98     88      -      -      -      -    sglang::schedul
    0    3188824     C      -      -      -      -      -      -    python         
    0    3190645     C     99     68      -      -      -      -    sglang::schedul
    0    3188824     C      -      -      -      -      -      -    python         
    0    3190645     C     99     48      -      -      -      -    sglang::schedul
    0    3188824     C      -      -      -      -      -      -    python         
    0    3190645     C     99     83      -      -      -      -    sglang::schedul
    0    3188824     C      -      -      -      -      -      -    python         
    0    3190645     C     99     88      -      -      -      -    sglang::schedul
    0    3188824     C      -      -      -      -      -      -    python         
    0    3190645     C     99     88      -      -      -      -    sglang::schedul
    0    3188824     C      -      -      -      -      -      -    python         
    0    3190645     C     99     88      -      -      -      -    sglang::schedul
    0    3188824     C      -      -      -      -      -      -    python         
    0    3190645     C     82     74      -      -      -      -    sglang::schedul
    0    3188824     C      -      -      -      -      -      -    python         
    0    3190645     C     27     24      -      -      -      -    sglang::schedul
    0    3188824     C      -      -      -      -      -      -    python         
    0    3190645     C      0      0      -      -      -      -    sglang::schedul
    0    3188824     C      -      -      -      -      -      -    python         
    0    3190645     C      0      0      -      -      -      -    sglang::schedul
    0    3188824     C      -      -      -      -      -      -    python         
    0    3190645     C      0      0      -      -      -      -    sglang::schedul
    0    3188824     C      -      -      -      -      -      -    python         
    0    3190645     C      0      0      -      -      -      -    sglang::schedul
    0    3188824     C      -      -      -      -      -      -    python         
    0    3190645     C      6      0      -      -      -      -    sglang::schedul
    0    3188824     C      -      -      -      -      -      -    python         
    0    3190645     C     13      3      -      -      -      -    sglang::schedul
    0    3188824     C      -      -      -      -      -      -    python         
    0    3190645     C     80     22      -      -      -      -    sglang::schedul
    0    3188824     C      -      -      -      -      -      -    python         
    0    3190645     C     99     28      -      -      -      -    sglang::schedul
    0    3188824     C      -      -      -      -      -      -    python         
    0    3190645     C     99     81      -      -      -      -    sglang::schedul
    0    3188824     C      -      -      -      -      -      -    python         
    0    3190645     C     99     97      -      -      -      -    sglang::schedul
    0    3188824     C      -      -      -      -      -      -    python         
    0    3190645     C     98     97      -      -      -      -    sglang::schedul
    0    3188824     C      -      -      -      -      -      -    python         
    0    3190645     C     98     97      -      -      -      -    sglang::schedul
    0    3188824     C      -      -      -      -      -      -    python         
    0    3190645     C     98     97      -      -      -      -    sglang::schedul
    0    3188824     C      -      -      -      -      -      -    python         
# gpu         pid   type     sm    mem    enc    dec    jpg    ofa    command 
# Idx           #    C/G      %      %      %      %      %      %    name 
    0    3190645     C     98     97      -      -      -      -    sglang::schedul
    0    3188824     C      -      -      -      -      -      -    python         
    0    3190645     C     98     97      -      -      -      -    sglang::schedul
    0    3188824     C      -      -      -      -      -      -    python         
    0    3190645     C     98     98      -      -      -      -    sglang::schedul
    0    3188824     C      -      -      -      -      -      -    python         
    0    3190645     C     99     56      -      -      -      -    sglang::schedul
    0    3188824     C      -      -      -      -      -      -    python         
    0    3190645     C     99     29      -      -      -      -    sglang::schedul
    0    3188824     C      -      -      -      -      -      -    python         
    0    3190645     C     99     66      -      -      -      -    sglang::schedul
    0    3188824     C      -      -      -      -      -      -    python         
    0    3190645     C     99     96      -      -      -      -    sglang::schedul
    0    3188824     C      -      -      -      -      -      -    python         
    0    3190645     C     99     97      -      -      -      -    sglang::schedul
    0    3188824     C      -      -      -      -      -      -    python         
    0    3190645     C     99     97      -      -      -      -    sglang::schedul
    0    3188824     C      -      -      -      -      -      -    python         
    0    3190645     C     99     97      -      -      -      -    sglang::schedul
    0    3188824     C      -      -      -      -      -      -    python         
    0    3190645     C     99     97      -      -      -      -    sglang::schedul
    0    3188824     C      -      -      -      -      -      -    python         
    0    3190645     C     99     97      -      -      -      -    sglang::schedul
    0    3188824     C      -      -      -      -      -      -    python         
    0    3190645     C     99     97      -      -      -      -    sglang::schedul
    0    3188824     C      -      -      -      -      -      -    python         
    0    3190645     C     99     65      -      -      -      -    sglang::schedul
    0    3188824     C      -      -      -      -      -      -    python         
    0    3190645     C     99     29      -      -      -      -    sglang::schedul
    0    3188824     C      -      -      -      -      -      -    python         
    0    3190645     C     99     88      -      -      -      -    sglang::schedul
    0    3188824     C      -      -      -      -      -      -    python         
    0    3190645     C     99     97      -      -      -      -    sglang::schedul
    0    3188824     C      -      -      -      -      -      -    python         
    0    3190645     C     99     97      -      -      -      -    sglang::schedul
    0    3188824     C      -      -      -      -      -      -    python         
    0    3190645     C     99     97      -      -      -      -    sglang::schedul
    0    3188824     C      -      -      -      -      -      -    python         
    0    3190645     C     99     97      -      -      -      -    sglang::schedul
    0    3188824     C      -      -      -      -      -      -    python         
    0    3190645     C     99     97      -      -      -      -    sglang::schedul
    0    3188824     C      -      -      -      -      -      -    python         
    0    3190645     C     98     98      -      -      -      -    sglang::schedul
    0    3188824     C      -      -      -      -      -      -    python         
# gpu         pid   type     sm    mem    enc    dec    jpg    ofa    command 
# Idx           #    C/G      %      %      %      %      %      %    name 
    0    3190645     C     98     98      -      -      -      -    sglang::schedul
    0    3188824     C      -      -      -      -      -      -    python         
    0    3190645     C     98     53      -      -      -      -    sglang::schedul
    0    3188824     C      -      -      -      -      -      -    python         
    0    3190645     C     98     29      -      -      -      -    sglang::schedul
    0    3188824     C      -      -      -      -      -      -    python         
    0    3190645     C     98     68      -      -      -      -    sglang::schedul
    0    3188824     C      -      -      -      -      -      -    python         
    0    3190645     C     99     97      -      -      -      -    sglang::schedul
    0    3188824     C      -      -      -      -      -      -    python         
    0    3190645     C     99     97      -      -      -      -    sglang::schedul
    0    3188824     C      -      -      -      -      -      -    python         
    0    3190645     C     99     97      -      -      -      -    sglang::schedul
    0    3188824     C      -      -      -      -      -      -    python         
    0    3190645     C     99     97      -      -      -      -    sglang::schedul
    0    3188824     C      -      -      -      -      -      -    python         
    0    3190645     C     99     97      -      -      -      -    sglang::schedul
    0    3188824     C      -      -      -      -      -      -    python         
    0    3190645     C     99     97      -      -      -      -    sglang::schedul
    0    3188824     C      -      -      -      -      -      -    python         
    0    3190645     C     99     97      -      -      -      -    sglang::schedul
    0    3188824     C      -      -      -      -      -      -    python         
    0    3190645     C     99     64      -      -      -      -    sglang::schedul
    0    3188824     C      -      -      -      -      -      -    python         
    0    3190645     C     99     29      -      -      -      -    sglang::schedul
    0    3188824     C      -      -      -      -      -      -    python         
    0    3190645     C     99     62      -      -      -      -    sglang::schedul
    0    3188824     C      -      -      -      -      -      -    python         
    0    3190645     C     99     96      -      -      -      -    sglang::schedul
    0    3188824     C      -      -      -      -      -      -    python         
    0    3190645     C     99     97      -      -      -      -    sglang::schedul
    0    3188824     C      -      -      -      -      -      -    python         
    0    3190645     C     99     97      -      -      -      -    sglang::schedul
    0    3188824     C      -      -      -      -      -      -    python         
    0    3190645     C     99     97      -      -      -      -    sglang::schedul
    0    3188824     C      -      -      -      -      -      -    python         
    0    3190645     C     99     97      -      -      -      -    sglang::schedul
    0    3188824     C      -      -      -      -      -      -    python         
    0    3190645     C     99     97      -      -      -      -    sglang::schedul
    0    3188824     C      -      -      -      -      -      -    python         
    0    3190645     C     88     87      -      -      -      -    sglang::schedul
    0    3188824     C      -      -      -      -      -      -    python         
    0    3190645     C     26     26      -      -      -      -    sglang::schedul
    0    3188824     C      -      -      -      -      -      -    python         
# gpu         pid   type     sm    mem    enc    dec    jpg    ofa    command 
# Idx           #    C/G      %      %      %      %      %      %    name 
    0    3190645     C      0      0      -      -      -      -    sglang::schedul
    0    3188824     C      -      -      -      -      -      -    python         
    0    3190645     C      0      0      -      -      -      -    sglang::schedul
    0    3188824     C      -      -      -      -      -      -    python         
    0    3190645     C      0      0      -      -      -      -    sglang::schedul
    0    3188824     C      -      -      -      -      -      -    python         
    0    3190645     C      0      0      -      -      -      -    sglang::schedul
    0    3188824     C      -      -      -      -      -      -    python         
    0    3190645     C      0      0      -      -      -      -    sglang::schedul
    0    3188824     C      -      -      -      -      -      -    python         
    0    3190645     C     15      2      -      -      -      -    sglang::schedul
    0    3188824     C      -      -      -      -      -      -    python         
    0    3190645     C     21      4      -      -      -      -    sglang::schedul
    0    3188824     C      -      -      -      -      -      -    python         
    0    3190645     C     56     15      -      -      -      -    sglang::schedul
    0    3188824     C      -      -      -      -      -      -    python         
    0    3190645     C     99     29      -      -      -      -    sglang::schedul
    0    3188824     C      -      -      -      -      -      -    python         
    0    3190645     C     99     31      -      -      -      -    sglang::schedul
    0    3188824     C      -      -      -      -      -      -    python         
    0    3190645     C     99     41      -      -      -      -    sglang::schedul
    0    3188824     C      -      -      -      -      -      -    python         
    0    3190645     C     99     97      -      -      -      -    sglang::schedul
    0    3188824     C      -      -      -      -      -      -    python         
    0    3190645     C     99    100      -      -      -      -    sglang::schedul
    0    3188824     C      -      -      -      -      -      -    python         
    0    3190645     C     99    100      -      -      -      -    sglang::schedul
    0    3188824     C      -      -      -      -      -      -    python         
    0    3190645     C     98    100      -      -      -      -    sglang::schedul
    0    3188824     C      -      -      -      -      -      -    python         
    0    3190645     C     98    100      -      -      -      -    sglang::schedul
    0    3188824     C      -      -      -      -      -      -    python         
    0    3190645     C     98    100      -      -      -      -    sglang::schedul
    0    3188824     C      -      -      -      -      -      -    python         
    0    3190645     C     98    100      -      -      -      -    sglang::schedul
    0    3188824     C      -      -      -      -      -      -    python         
    0    3190645     C     98    100      -      -      -      -    sglang::schedul
    0    3188824     C      -      -      -      -      -      -    python         
    0    3190645     C     98    100      -      -      -      -    sglang::schedul
    0    3188824     C      -      -      -      -      -      -    python         
    0    3190645     C     99    100      -      -      -      -    sglang::schedul
    0    3188824     C      -      -      -      -      -      -    python         
    0    3190645     C     99    100      -      -      -      -    sglang::schedul
    0    3188824     C      -      -      -      -      -      -    python         
# gpu         pid   type     sm    mem    enc    dec    jpg    ofa    command 
# Idx           #    C/G      %      %      %      %      %      %    name 
    0    3190645     C     99    100      -      -      -      -    sglang::schedul
    0    3188824     C      -      -      -      -      -      -    python         
    0    3190645     C     99    100      -      -      -      -    sglang::schedul
    0    3188824     C      -      -      -      -      -      -    python         
    0    3190645     C     99     79      -      -      -      -    sglang::schedul
    0    3188824     C      -      -      -      -      -      -    python         
    0    3190645     C     99     42      -      -      -      -    sglang::schedul
    0    3188824     C      -      -      -      -      -      -    python         
    0    3190645     C     99     33      -      -      -      -    sglang::schedul
    0    3188824     C      -      -      -      -      -      -    python         
    0    3190645     C     99     33      -      -      -      -    sglang::schedul
    0    3188824     C      -      -      -      -      -      -    python         
    0    3190645     C     99     46      -      -      -      -    sglang::schedul
    0    3188824     C      -      -      -      -      -      -    python         
    0    3190645     C     99     79      -      -      -      -    sglang::schedul
    0    3188824     C      -      -      -      -      -      -    python         
    0    3190645     C     99    100      -      -      -      -    sglang::schedul
    0    3188824     C      -      -      -      -      -      -    python         
    0    3190645     C     99    100      -      -      -      -    sglang::schedul
    0    3188824     C      -      -      -      -      -      -    python         
    0    3190645     C     99    100      -      -      -      -    sglang::schedul
    0    3188824     C      -      -      -      -      -      -    python         
    0    3190645     C     99    100      -      -      -      -    sglang::schedul
    0    3188824     C      -      -      -      -      -      -    python         
    0    3190645     C     99    100      -      -      -      -    sglang::schedul
    0    3188824     C      -      -      -      -      -      -    python         
    0    3190645     C     99    100      -      -      -      -    sglang::schedul
    0    3188824     C      -      -      -      -      -      -    python         
    0    3190645     C     99    100      -      -      -      -    sglang::schedul
    0    3188824     C      -      -      -      -      -      -    python         
    0    3190645     C     98    100      -      -      -      -    sglang::schedul
    0    3188824     C      -      -      -      -      -      -    python         
    0    3190645     C     98    100      -      -      -      -    sglang::schedul
    0    3188824     C      -      -      -      -      -      -    python         
    0    3190645     C     98    100      -      -      -      -    sglang::schedul
    0    3188824     C      -      -      -      -      -      -    python         
    0    3190645     C     98    100      -      -      -      -    sglang::schedul
    0    3188824     C      -      -      -      -      -      -    python         
    0    3190645     C     99    100      -      -      -      -    sglang::schedul
    0    3188824     C      -      -      -      -      -      -    python         
    0    3190645     C     99     66      -      -      -      -    sglang::schedul
    0    3188824     C      -      -      -      -      -      -    python         
    0    3190645     C     99     33      -      -      -      -    sglang::schedul
    0    3188824     C      -      -      -      -      -      -    python         
# gpu         pid   type     sm    mem    enc    dec    jpg    ofa    command 
# Idx           #    C/G      %      %      %      %      %      %    name 
    0    3190645     C     99     33      -      -      -      -    sglang::schedul
    0    3188824     C      -      -      -      -      -      -    python         
    0    3190645     C     99     33      -      -      -      -    sglang::schedul
    0    3188824     C      -      -      -      -      -      -    python         
    0    3190645     C     99     56      -      -      -      -    sglang::schedul
    0    3188824     C      -      -      -      -      -      -    python         
    0    3190645     C     99     94      -      -      -      -    sglang::schedul
    0    3188824     C      -      -      -      -      -      -    python         
    0    3190645     C     99    100      -      -      -      -    sglang::schedul
    0    3188824     C      -      -      -      -      -      -    python         
    0    3190645     C     99    100      -      -      -      -    sglang::schedul
    0    3188824     C      -      -      -      -      -      -    python         
    0    3190645     C     99    100      -      -      -      -    sglang::schedul
    0    3188824     C      -      -      -      -      -      -    python         
    0    3190645     C     99    100      -      -      -      -    sglang::schedul
    0    3188824     C      -      -      -      -      -      -    python         
    0    3190645     C     99    100      -      -      -      -    sglang::schedul
    0    3188824     C      -      -      -      -      -      -    python         
    0    3190645     C     99    100      -      -      -      -    sglang::schedul
    0    3188824     C      -      -      -      -      -      -    python         
    0    3190645     C     99    100      -      -      -      -    sglang::schedul
    0    3188824     C      -      -      -      -      -      -    python         
    0    3190645     C     99    100      -      -      -      -    sglang::schedul
    0    3188824     C      -      -      -      -      -      -    python         
    0    3190645     C     99    100      -      -      -      -    sglang::schedul
    0    3188824     C      -      -      -      -      -      -    python         
    0    3190645     C     99    100      -      -      -      -    sglang::schedul
    0    3188824     C      -      -      -      -      -      -    python         
    0    3190645     C     99    100      -      -      -      -    sglang::schedul
    0    3188824     C      -      -      -      -      -      -    python         
    0    3190645     C     99    100      -      -      -      -    sglang::schedul
    0    3188824     C      -      -      -      -      -      -    python         
    0    3190645     C     99     54      -      -      -      -    sglang::schedul
    0    3188824     C      -      -      -      -      -      -    python         
    0    3190645     C     98     33      -      -      -      -    sglang::schedul
    0    3188824     C      -      -      -      -      -      -    python         
    0    3190645     C     98     33      -      -      -      -    sglang::schedul
    0    3188824     C      -      -      -      -      -      -    python         
    0    3190645     C     98     33      -      -      -      -    sglang::schedul
    0    3188824     C      -      -      -      -      -      -    python         
    0    3190645     C     98     63      -      -      -      -    sglang::schedul
    0    3188824     C      -      -      -      -      -      -    python         
    0    3190645     C     98    100      -      -      -      -    sglang::schedul
    0    3188824     C      -      -      -      -      -      -    python         
# gpu         pid   type     sm    mem    enc    dec    jpg    ofa    command 
# Idx           #    C/G      %      %      %      %      %      %    name 
    0    3190645     C     99    100      -      -      -      -    sglang::schedul
    0    3188824     C      -      -      -      -      -      -    python         
    0    3190645     C     99    100      -      -      -      -    sglang::schedul
    0    3188824     C      -      -      -      -      -      -    python         
    0    3190645     C     99    100      -      -      -      -    sglang::schedul
    0    3188824     C      -      -      -      -      -      -    python         
    0    3190645     C     99    100      -      -      -      -    sglang::schedul
    0    3188824     C      -      -      -      -      -      -    python         
    0    3190645     C     99    100      -      -      -      -    sglang::schedul
    0    3188824     C      -      -      -      -      -      -    python         
    0    3190645     C     99    100      -      -      -      -    sglang::schedul
    0    3188824     C      -      -      -      -      -      -    python         
    0    3190645     C     99    100      -      -      -      -    sglang::schedul
    0    3188824     C      -      -      -      -      -      -    python         
    0    3190645     C     99    100      -      -      -      -    sglang::schedul
    0    3188824     C      -      -      -      -      -      -    python         
    0    3190645     C     99    100      -      -      -      -    sglang::schedul
    0    3188824     C      -      -      -      -      -      -    python         
    0    3190645     C     99    100      -      -      -      -    sglang::schedul
    0    3188824     C      -      -      -      -      -      -    python         
    0    3190645     C     99    100      -      -      -      -    sglang::schedul
    0    3188824     C      -      -      -      -      -      -    python         
    0    3190645     C     99     99      -      -      -      -    sglang::schedul
    0    3188824     C      -      -      -      -      -      -    python         
    0    3190645     C     99     66      -      -      -      -    sglang::schedul
    0    3188824     C      -      -      -      -      -      -    python         
    0    3190645     C     99     33      -      -      -      -    sglang::schedul
    0    3188824     C      -      -      -      -      -      -    python         
    0    3190645     C     99     33      -      -      -      -    sglang::schedul
    0    3188824     C      -      -      -      -      -      -    python         
    0    3190645     C     99     33      -      -      -      -    sglang::schedul
    0    3188824     C      -      -      -      -      -      -    python         
    0    3190645     C     98     83      -      -      -      -    sglang::schedul
    0    3188824     C      -      -      -      -      -      -    python         
    0    3190645     C     98    100      -      -      -      -    sglang::schedul
    0    3188824     C      -      -      -      -      -      -    python         
    0    3190645     C     98    100      -      -      -      -    sglang::schedul
    0    3188824     C      -      -      -      -      -      -    python         
    0    3190645     C     98    100      -      -      -      -    sglang::schedul
    0    3188824     C      -      -      -      -      -      -    python         
    0    3190645     C     98    100      -      -      -      -    sglang::schedul
    0    3188824     C      -      -      -      -      -      -    python         
    0    3190645     C     98    100      -      -      -      -    sglang::schedul
    0    3188824     C      -      -      -      -      -      -    python         
# gpu         pid   type     sm    mem    enc    dec    jpg    ofa    command 
# Idx           #    C/G      %      %      %      %      %      %    name 
    0    3190645     C     99    100      -      -      -      -    sglang::schedul
    0    3188824     C      -      -      -      -      -      -    python         
    0    3190645     C     99    100      -      -      -      -    sglang::schedul
    0    3188824     C      -      -      -      -      -      -    python         
    0    3190645     C     99    100      -      -      -      -    sglang::schedul
    0    3188824     C      -      -      -      -      -      -    python         
    0    3190645     C     99    100      -      -      -      -    sglang::schedul
    0    3188824     C      -      -      -      -      -      -    python         
    0    3190645     C     99    100      -      -      -      -    sglang::schedul
    0    3188824     C      -      -      -      -      -      -    python         
    0    3190645     C     99    100      -      -      -      -    sglang::schedul
    0    3188824     C      -      -      -      -      -      -    python         
    0    3190645     C     99    100      -      -      -      -    sglang::schedul
    0    3188824     C      -      -      -      -      -      -    python         
    0    3190645     C     99     99      -      -      -      -    sglang::schedul
    0    3188824     C      -      -      -      -      -      -    python         
    0    3190645     C     46     46      -      -      -      -    sglang::schedul
    0    3188824     C      -      -      -      -      -      -    python         
    0    3190645     C      0      0      -      -      -      -    sglang::schedul
    0    3188824     C      -      -      -      -      -      -    python         
    0    3190645     C      0      0      -      -      -      -    sglang::schedul
    0    3188824     C      -      -      -      -      -      -    python         
    0    3190645     C      0      0      -      -      -      -    sglang::schedul
    0    3188824     C      -      -      -      -      -      -    python         
    0    3190645     C      0      0      -      -      -      -    sglang::schedul
    0    3188824     C      -      -      -      -      -      -    python         
    0    3190645     C      0      0      -      -      -      -    sglang::schedul
    0    3188824     C      -      -      -      -      -      -    python         
    0    3190645     C      0      0      -      -      -      -    sglang::schedul
    0    3188824     C      -      -      -      -      -      -    python         
    0    3190645     C     17      4      -      -      -      -    sglang::schedul
    0    3188824     C      -      -      -      -      -      -    python         
    0    3190645     C     39      4      -      -      -      -    sglang::schedul
    0    3188824     C      -      -      -      -      -      -    python         
    0    3190645     C     51     13      -      -      -      -    sglang::schedul
    0    3188824     C      -      -      -      -      -      -    python         
    0    3190645     C     99     28      -      -      -      -    sglang::schedul
    0    3188824     C      -      -      -      -      -      -    python         
    0    3190645     C     99     29      -      -      -      -    sglang::schedul
    0    3188824     C      -      -      -      -      -      -    python         
    0    3190645     C     99     31      -      -      -      -    sglang::schedul
    0    3188824     C      -      -      -      -      -      -    python         
    0    3190645     C     98     33      -      -      -      -    sglang::schedul
    0    3188824     C      -      -      -      -      -      -    python         
# gpu         pid   type     sm    mem    enc    dec    jpg    ofa    command 
# Idx           #    C/G      %      %      %      %      %      %    name 
    0    3190645     C     98     35      -      -      -      -    sglang::schedul
    0    3188824     C      -      -      -      -      -      -    python         
    0    3190645     C     98     36      -      -      -      -    sglang::schedul
    0    3188824     C      -      -      -      -      -      -    python         
    0    3190645     C     98     37      -      -      -      -    sglang::schedul
    0    3188824     C      -      -      -      -      -      -    python         
    0    3190645     C     98     44      -      -      -      -    sglang::schedul
    0    3188824     C      -      -      -      -      -      -    python         
    0    3190645     C     99     89      -      -      -      -    sglang::schedul
    0    3188824     C      -      -      -      -      -      -    python         
    0    3190645     C     99    100      -      -      -      -    sglang::schedul
    0    3188824     C      -      -      -      -      -      -    python         
    0    3190645     C     99    100      -      -      -      -    sglang::schedul
    0    3188824     C      -      -      -      -      -      -    python         
    0    3190645     C     99    100      -      -      -      -    sglang::schedul
    0    3188824     C      -      -      -      -      -      -    python         
    0    3190645     C     99    100      -      -      -      -    sglang::schedul
    0    3188824     C      -      -      -      -      -      -    python         
    0    3190645     C     99    100      -      -      -      -    sglang::schedul
    0    3188824     C      -      -      -      -      -      -    python         
    0    3190645     C     99    100      -      -      -      -    sglang::schedul
    0    3188824     C      -      -      -      -      -      -    python         
    0    3190645     C     99    100      -      -      -      -    sglang::schedul
    0    3188824     C      -      -      -      -      -      -    python         
    0    3190645     C     99    100      -      -      -      -    sglang::schedul
    0    3188824     C      -      -      -      -      -      -    python         
    0    3190645     C     99    100      -      -      -      -    sglang::schedul
    0    3188824     C      -      -      -      -      -      -    python         
    0    3190645     C     98    100      -      -      -      -    sglang::schedul
    0    3188824     C      -      -      -      -      -      -    python         
    0    3190645     C     98    100      -      -      -      -    sglang::schedul
    0    3188824     C      -      -      -      -      -      -    python         
    0    3190645     C     98    100      -      -      -      -    sglang::schedul
    0    3188824     C      -      -      -      -      -      -    python         
    0    3190645     C     98    100      -      -      -      -    sglang::schedul
    0    3188824     C      -      -      -      -      -      -    python         
    0    3190645     C     99    100      -      -      -      -    sglang::schedul
    0    3188824     C      -      -      -      -      -      -    python         
    0    3190645     C     99    100      -      -      -      -    sglang::schedul
    0    3188824     C      -      -      -      -      -      -    python         
    0    3190645     C     99    100      -      -      -      -    sglang::schedul
    0    3188824     C      -      -      -      -      -      -    python         
    0    3190645     C     99    100      -      -      -      -    sglang::schedul
    0    3188824     C      -      -      -      -      -      -    python         
# gpu         pid   type     sm    mem    enc    dec    jpg    ofa    command 
# Idx           #    C/G      %      %      %      %      %      %    name 
    0    3190645     C     99    100      -      -      -      -    sglang::schedul
    0    3188824     C      -      -      -      -      -      -    python         
    0    3190645     C     99    100      -      -      -      -    sglang::schedul
    0    3188824     C      -      -      -      -      -      -    python         
    0    3190645     C     99    100      -      -      -      -    sglang::schedul
    0    3188824     C      -      -      -      -      -      -    python         
    0    3190645     C     99    100      -      -      -      -    sglang::schedul
    0    3188824     C      -      -      -      -      -      -    python         
    0    3190645     C     99    100      -      -      -      -    sglang::schedul
    0    3188824     C      -      -      -      -      -      -    python         
    0    3190645     C     99     77      -      -      -      -    sglang::schedul
    0    3188824     C      -      -      -      -      -      -    python         
    0    3190645     C     99     48      -      -      -      -    sglang::schedul
    0    3188824     C      -      -      -      -      -      -    python         
    0    3190645     C     99     41      -      -      -      -    sglang::schedul
    0    3188824     C      -      -      -      -      -      -    python         
    0    3190645     C     99     41      -      -      -      -    sglang::schedul
    0    3188824     C      -      -      -      -      -      -    python         
    0    3190645     C     99     41      -      -      -      -    sglang::schedul
    0    3188824     C      -      -      -      -      -      -    python         
    0    3190645     C     99     41      -      -      -      -    sglang::schedul
    0    3188824     C      -      -      -      -      -      -    python         
    0    3190645     C     99     40      -      -      -      -    sglang::schedul
    0    3188824     C      -      -      -      -      -      -    python         
    0    3190645     C     99     40      -      -      -      -    sglang::schedul
    0    3188824     C      -      -      -      -      -      -    python         
    0    3190645     C     99     40      -      -      -      -    sglang::schedul
    0    3188824     C      -      -      -      -      -      -    python         
    0    3190645     C     98     74      -      -      -      -    sglang::schedul
    0    3188824     C      -      -      -      -      -      -    python         
    0    3190645     C     98    100      -      -      -      -    sglang::schedul
    0    3188824     C      -      -      -      -      -      -    python         
    0    3190645     C     98    100      -      -      -      -    sglang::schedul
    0    3188824     C      -      -      -      -      -      -    python         
    0    3190645     C     98    100      -      -      -      -    sglang::schedul
    0    3188824     C      -      -      -      -      -      -    python         
    0    3190645     C     98    100      -      -      -      -    sglang::schedul
    0    3188824     C      -      -      -      -      -      -    python         
    0    3190645     C     99    100      -      -      -      -    sglang::schedul
    0    3188824     C      -      -      -      -      -      -    python         
    0    3190645     C     99    100      -      -      -      -    sglang::schedul
    0    3188824     C      -      -      -      -      -      -    python         
    0    3190645     C     99    100      -      -      -      -    sglang::schedul
    0    3188824     C      -      -      -      -      -      -    python         
# gpu         pid   type     sm    mem    enc    dec    jpg    ofa    command 
# Idx           #    C/G      %      %      %      %      %      %    name 
    0    3190645     C     99    100      -      -      -      -    sglang::schedul
    0    3188824     C      -      -      -      -      -      -    python         
    0    3190645     C     99    100      -      -      -      -    sglang::schedul
    0    3188824     C      -      -      -      -      -      -    python         
    0    3190645     C     99    100      -      -      -      -    sglang::schedul
    0    3188824     C      -      -      -      -      -      -    python         
    0    3190645     C     99    100      -      -      -      -    sglang::schedul
    0    3188824     C      -      -      -      -      -      -    python         
    0    3190645     C     99    100      -      -      -      -    sglang::schedul
    0    3188824     C      -      -      -      -      -      -    python         
    0    3190645     C     99    100      -      -      -      -    sglang::schedul
    0    3188824     C      -      -      -      -      -      -    python         
    0    3190645     C     99    100      -      -      -      -    sglang::schedul
    0    3188824     C      -      -      -      -      -      -    python         
    0    3190645     C     99    100      -      -      -      -    sglang::schedul
    0    3188824     C      -      -      -      -      -      -    python         
    0    3190645     C     99    100      -      -      -      -    sglang::schedul
    0    3188824     C      -      -      -      -      -      -    python         
    0    3190645     C     99    100      -      -      -      -    sglang::schedul
    0    3188824     C      -      -      -      -      -      -    python         
    0    3190645     C     99    100      -      -      -      -    sglang::schedul
    0    3188824     C      -      -      -      -      -      -    python         
    0    3190645     C     99    100      -      -      -      -    sglang::schedul
    0    3188824     C      -      -      -      -      -      -    python         
    0    3190645     C     99    100      -      -      -      -    sglang::schedul
    0    3188824     C      -      -      -      -      -      -    python         
    0    3190645     C     99    100      -      -      -      -    sglang::schedul
    0    3188824     C      -      -      -      -      -      -    python         
    0    3190645     C     98    100      -      -      -      -    sglang::schedul
    0    3188824     C      -      -      -      -      -      -    python         
    0    3190645     C     98    100      -      -      -      -    sglang::schedul
    0    3188824     C      -      -      -      -      -      -    python         
    0    3190645     C     98     67      -      -      -      -    sglang::schedul
    0    3188824     C      -      -      -      -      -      -    python         
    0    3190645     C     98     40      -      -      -      -    sglang::schedul
    0    3188824     C      -      -      -      -      -      -    python         
    0    3190645     C     98     40      -      -      -      -    sglang::schedul
    0    3188824     C      -      -      -      -      -      -    python         
    0    3190645     C     99     41      -      -      -      -    sglang::schedul
    0    3188824     C      -      -      -      -      -      -    python         
    0    3190645     C     99     41      -      -      -      -    sglang::schedul
    0    3188824     C      -      -      -      -      -      -    python         
    0    3190645     C     99     40      -      -      -      -    sglang::schedul
    0    3188824     C      -      -      -      -      -      -    python         
# gpu         pid   type     sm    mem    enc    dec    jpg    ofa    command 
# Idx           #    C/G      %      %      %      %      %      %    name 
    0    3190645     C     99     40      -      -      -      -    sglang::schedul
    0    3188824     C      -      -      -      -      -      -    python         
    0    3190645     C     99     40      -      -      -      -    sglang::schedul
    0    3188824     C      -      -      -      -      -      -    python         
    0    3190645     C     99     40      -      -      -      -    sglang::schedul
    0    3188824     C      -      -      -      -      -      -    python         
    0    3190645     C     99     71      -      -      -      -    sglang::schedul
    0    3188824     C      -      -      -      -      -      -    python         
    0    3190645     C     99    100      -      -      -      -    sglang::schedul
    0    3188824     C      -      -      -      -      -      -    python         
    0    3190645     C     99    100      -      -      -      -    sglang::schedul
    0    3188824     C      -      -      -      -      -      -    python         
    0    3190645     C     99    100      -      -      -      -    sglang::schedul
    0    3188824     C      -      -      -      -      -      -    python         
    0    3190645     C     99    100      -      -      -      -    sglang::schedul
    0    3188824     C      -      -      -      -      -      -    python         
    0    3190645     C     99    100      -      -      -      -    sglang::schedul
    0    3188824     C      -      -      -      -      -      -    python         
    0    3190645     C     99    100      -      -      -      -    sglang::schedul
    0    3188824     C      -      -      -      -      -      -    python         
    0    3190645     C     99    100      -      -      -      -    sglang::schedul
    0    3188824     C      -      -      -      -      -      -    python         
    0    3190645     C     99    100      -      -      -      -    sglang::schedul
    0    3188824     C      -      -      -      -      -      -    python         
    0    3190645     C     99    100      -      -      -      -    sglang::schedul
    0    3188824     C      -      -      -      -      -      -    python         
    0    3190645     C     99    100      -      -      -      -    sglang::schedul
    0    3188824     C      -      -      -      -      -      -    python         
    0    3190645     C     99    100      -      -      -      -    sglang::schedul
    0    3188824     C      -      -      -      -      -      -    python         
    0    3190645     C     99    100      -      -      -      -    sglang::schedul
    0    3188824     C      -      -      -      -      -      -    python         
    0    3190645     C     99    100      -      -      -      -    sglang::schedul
    0    3188824     C      -      -      -      -      -      -    python         
    0    3190645     C     99    100      -      -      -      -    sglang::schedul
    0    3188824     C      -      -      -      -      -      -    python         
    0    3190645     C     99    100      -      -      -      -    sglang::schedul
    0    3188824     C      -      -      -      -      -      -    python         
    0    3190645     C     98    100      -      -      -      -    sglang::schedul
    0    3188824     C      -      -      -      -      -      -    python         
    0    3190645     C     98    100      -      -      -      -    sglang::schedul
    0    3188824     C      -      -      -      -      -      -    python         
    0    3190645     C     98    100      -      -      -      -    sglang::schedul
    0    3188824     C      -      -      -      -      -      -    python         
# gpu         pid   type     sm    mem    enc    dec    jpg    ofa    command 
# Idx           #    C/G      %      %      %      %      %      %    name 
    0    3190645     C     98    100      -      -      -      -    sglang::schedul
    0    3188824     C      -      -      -      -      -      -    python         
    0    3190645     C     98    100      -      -      -      -    sglang::schedul
    0    3188824     C      -      -      -      -      -      -    python         
    0    3190645     C     98    100      -      -      -      -    sglang::schedul
    0    3188824     C      -      -      -      -      -      -    python         
    0    3190645     C     99    100      -      -      -      -    sglang::schedul
    0    3188824     C      -      -      -      -      -      -    python         
    0    3190645     C     99    100      -      -      -      -    sglang::schedul
    0    3188824     C      -      -      -      -      -      -    python         
    0    3190645     C     99     72      -      -      -      -    sglang::schedul
    0    3188824     C      -      -      -      -      -      -    python         
    0    3190645     C     99     41      -      -      -      -    sglang::schedul
    0    3188824     C      -      -      -      -      -      -    python         
    0    3190645     C     99     41      -      -      -      -    sglang::schedul
    0    3188824     C      -      -      -      -      -      -    python         
    0    3190645     C     99     41      -      -      -      -    sglang::schedul
    0    3188824     C      -      -      -      -      -      -    python         
    0    3190645     C     99     40      -      -      -      -    sglang::schedul
    0    3188824     C      -      -      -      -      -      -    python         
    0    3190645     C     99     40      -      -      -      -    sglang::schedul
    0    3188824     C      -      -      -      -      -      -    python         
    0    3190645     C     99     40      -      -      -      -    sglang::schedul
    0    3188824     C      -      -      -      -      -      -    python         
    0    3190645     C     99     39      -      -      -      -    sglang::schedul
    0    3188824     C      -      -      -      -      -      -    python         
    0    3190645     C     99     39      -      -      -      -    sglang::schedul
    0    3188824     C      -      -      -      -      -      -    python         
    0    3190645     C     99     67      -      -      -      -    sglang::schedul
    0    3188824     C      -      -      -      -      -      -    python         
    0    3190645     C     99     97      -      -      -      -    sglang::schedul
    0    3188824     C      -      -      -      -      -      -    python         
    0    3190645     C     99    100      -      -      -      -    sglang::schedul
    0    3188824     C      -      -      -      -      -      -    python         
    0    3190645     C     99    100      -      -      -      -    sglang::schedul
    0    3188824     C      -      -      -      -      -      -    python         
    0    3190645     C     99    100      -      -      -      -    sglang::schedul
    0    3188824     C      -      -      -      -      -      -    python         
    0    3190645     C     99    100      -      -      -      -    sglang::schedul
    0    3188824     C      -      -      -      -      -      -    python         
    0    3190645     C     99    100      -      -      -      -    sglang::schedul
    0    3188824     C      -      -      -      -      -      -    python         
    0    3190645     C     98    100      -      -      -      -    sglang::schedul
    0    3188824     C      -      -      -      -      -      -    python         
# gpu         pid   type     sm    mem    enc    dec    jpg    ofa    command 
# Idx           #    C/G      %      %      %      %      %      %    name 
    0    3190645     C     98    100      -      -      -      -    sglang::schedul
    0    3188824     C      -      -      -      -      -      -    python         
    0    3190645     C     98    100      -      -      -      -    sglang::schedul
    0    3188824     C      -      -      -      -      -      -    python         
    0    3190645     C     99    100      -      -      -      -    sglang::schedul
    0    3188824     C      -      -      -      -      -      -    python         
    0    3190645     C     99    100      -      -      -      -    sglang::schedul
    0    3188824     C      -      -      -      -      -      -    python         
    0    3190645     C     99    100      -      -      -      -    sglang::schedul
    0    3188824     C      -      -      -      -      -      -    python         
    0    3190645     C     99    100      -      -      -      -    sglang::schedul
    0    3188824     C      -      -      -      -      -      -    python         
    0    3190645     C     99    100      -      -      -      -    sglang::schedul
    0    3188824     C      -      -      -      -      -      -    python         
    0    3190645     C     99    100      -      -      -      -    sglang::schedul
    0    3188824     C      -      -      -      -      -      -    python         
    0    3190645     C     99    100      -      -      -      -    sglang::schedul
    0    3188824     C      -      -      -      -      -      -    python         
    0    3190645     C     99    100      -      -      -      -    sglang::schedul
    0    3188824     C      -      -      -      -      -      -    python         
    0    3190645     C     99    100      -      -      -      -    sglang::schedul
    0    3188824     C      -      -      -      -      -      -    python         
    0    3190645     C     99    100      -      -      -      -    sglang::schedul
    0    3188824     C      -      -      -      -      -      -    python         
    0    3190645     C     99    100      -      -      -      -    sglang::schedul
    0    3188824     C      -      -      -      -      -      -    python         
    0    3190645     C     99    100      -      -      -      -    sglang::schedul
    0    3188824     C      -      -      -      -      -      -    python         
    0    3190645     C     99    100      -      -      -      -    sglang::schedul
    0    3188824     C      -      -      -      -      -      -    python         
    0    3190645     C     99    100      -      -      -      -    sglang::schedul
    0    3188824     C      -      -      -      -      -      -    python         
    0    3190645     C     99     52      -      -      -      -    sglang::schedul
    0    3188824     C      -      -      -      -      -      -    python         
    0    3190645     C     99     41      -      -      -      -    sglang::schedul
    0    3188824     C      -      -      -      -      -      -    python         
    0    3190645     C     98     40      -      -      -      -    sglang::schedul
    0    3188824     C      -      -      -      -      -      -    python         
    0    3190645     C     98     40      -      -      -      -    sglang::schedul
    0    3188824     C      -      -      -      -      -      -    python         
    0    3190645     C     99     40      -      -      -      -    sglang::schedul
    0    3188824     C      -      -      -      -      -      -    python         
    0    3190645     C     99     40      -      -      -      -    sglang::schedul
    0    3188824     C      -      -      -      -      -      -    python         
# gpu         pid   type     sm    mem    enc    dec    jpg    ofa    command 
# Idx           #    C/G      %      %      %      %      %      %    name 
    0    3190645     C     99     40      -      -      -      -    sglang::schedul
    0    3188824     C      -      -      -      -      -      -    python         
    0    3190645     C     99     40      -      -      -      -    sglang::schedul
    0    3188824     C      -      -      -      -      -      -    python         
    0    3190645     C     99     41      -      -      -      -    sglang::schedul
    0    3188824     C      -      -      -      -      -      -    python         
    0    3190645     C     99     80      -      -      -      -    sglang::schedul
    0    3188824     C      -      -      -      -      -      -    python         
    0    3190645     C     99    100      -      -      -      -    sglang::schedul
    0    3188824     C      -      -      -      -      -      -    python         
    0    3190645     C     99    100      -      -      -      -    sglang::schedul
    0    3188824     C      -      -      -      -      -      -    python         
    0    3190645     C     99    100      -      -      -      -    sglang::schedul
    0    3188824     C      -      -      -      -      -      -    python         
    0    3190645     C     99    100      -      -      -      -    sglang::schedul
    0    3188824     C      -      -      -      -      -      -    python         
    0    3190645     C     99    100      -      -      -      -    sglang::schedul
    0    3188824     C      -      -      -      -      -      -    python         
    0    3190645     C     99    100      -      -      -      -    sglang::schedul
    0    3188824     C      -      -      -      -      -      -    python         
    0    3190645     C     99    100      -      -      -      -    sglang::schedul
    0    3188824     C      -      -      -      -      -      -    python         
    0    3190645     C     99    100      -      -      -      -    sglang::schedul
    0    3188824     C      -      -      -      -      -      -    python         
    0    3190645     C     99    100      -      -      -      -    sglang::schedul
    0    3188824     C      -      -      -      -      -      -    python         
    0    3190645     C     99    100      -      -      -      -    sglang::schedul
    0    3188824     C      -      -      -      -      -      -    python         
    0    3190645     C     98    100      -      -      -      -    sglang::schedul
    0    3188824     C      -      -      -      -      -      -    python         
    0    3190645     C     98    100      -      -      -      -    sglang::schedul
    0    3188824     C      -      -      -      -      -      -    python         
    0    3190645     C     98    100      -      -      -      -    sglang::schedul
    0    3188824     C      -      -      -      -      -      -    python         
    0    3190645     C     98    100      -      -      -      -    sglang::schedul
    0    3188824     C      -      -      -      -      -      -    python         
    0    3190645     C     98    100      -      -      -      -    sglang::schedul
    0    3188824     C      -      -      -      -      -      -    python         
    0    3190645     C     99    100      -      -      -      -    sglang::schedul
    0    3188824     C      -      -      -      -      -      -    python         
    0    3190645     C     99    100      -      -      -      -    sglang::schedul
    0    3188824     C      -      -      -      -      -      -    python         
    0    3190645     C     99    100      -      -      -      -    sglang::schedul
    0    3188824     C      -      -      -      -      -      -    python         
# gpu         pid   type     sm    mem    enc    dec    jpg    ofa    command 
# Idx           #    C/G      %      %      %      %      %      %    name 
    0    3190645     C     99    100      -      -      -      -    sglang::schedul
    0    3188824     C      -      -      -      -      -      -    python         
    0    3190645     C     99    100      -      -      -      -    sglang::schedul
    0    3188824     C      -      -      -      -      -      -    python         
    0    3190645     C     99    100      -      -      -      -    sglang::schedul
    0    3188824     C      -      -      -      -      -      -    python         
    0    3190645     C     99    100      -      -      -      -    sglang::schedul
    0    3188824     C      -      -      -      -      -      -    python         
    0    3190645     C     99    100      -      -      -      -    sglang::schedul
    0    3188824     C      -      -      -      -      -      -    python         
    0    3190645     C     93     93      -      -      -      -    sglang::schedul
    0    3188824     C      -      -      -      -      -      -    python         
    0    3190645     C     43     43      -      -      -      -    sglang::schedul
    0    3188824     C      -      -      -      -      -      -    python         
    0    3190645     C      0      0      -      -      -      -    sglang::schedul
