# gpu         pid   type     sm    mem    enc    dec    jpg    ofa    command 
# Idx           #    C/G      %      %      %      %      %      %    name 
    1          -     -      -      -      -      -      -      -    -              
    1          -     -      -      -      -      -      -      -    -              
    1          -     -      -      -      -      -      -      -    -              
    1          -     -      -      -      -      -      -      -    -              
    1          -     -      -      -      -      -      -      -    -              
    1          -     -      -      -      -      -      -      -    -              
    1          -     -      -      -      -      -      -      -    -              
    1          -     -      -      -      -      -      -      -    -              
    1          -     -      -      -      -      -      -      -    -              
    1          -     -      -      -      -      -      -      -    -              
    1          -     -      -      -      -      -      -      -    -              
    1          -     -      -      -      -      -      -      -    -              
    1          -     -      -      -      -      -      -      -    -              
    1          -     -      -      -      -      -      -      -    -              
    1          -     -      -      -      -      -      -      -    -              
    1          -     -      -      -      -      -      -      -    -              
    1          -     -      -      -      -      -      -      -    -              
    1    3194666     C      -      -      -      -      -      -    sglang::schedul
    1    3194666     C      0      0      -      -      -      -    sglang::schedul
    1    3194666     C      0      0      -      -      -      -    sglang::schedul
    1    3194666     C      0      0      -      -      -      -    sglang::schedul
    1    3194666     C      0      0      -      -      -      -    sglang::schedul
    1    3194666     C      2      0      -      -      -      -    sglang::schedul
    1    3194666     C     10      0      -      -      -      -    sglang::schedul
    1    3194666     C      6      0      -      -      -      -    sglang::schedul
    1    3194666     C      0      0      -      -      -      -    sglang::schedul
    1    3194666     C      0      0      -      -      -      -    sglang::schedul
    1    3194666     C      3      2      -      -      -      -    sglang::schedul
    1    3194666     C      0      0      -      -      -      -    sglang::schedul
    1    3194666     C      3      0      -      -      -      -    sglang::schedul
    1    3194666     C     13      3      -      -      -      -    sglang::schedul
    1    3194666     C     13      3      -      -      -      -    sglang::schedul
    1    3194666     C      7      2      -      -      -      -    sglang::schedul
    1    3194666     C      4      1      -      -      -      -    sglang::schedul
    1    3194666     C      2      1      -      -      -      -    sglang::schedul
    1    3194666     C      1      0      -      -      -      -    sglang::schedul
    1    3194501     C      0      0      -      -      -      -    python         
    1    3194666     C      0      0      -      -      -      -    sglang::schedul
    1    3194501     C      0      0      -      -      -      -    python         
    1    3194666     C      0      0      -      -      -      -    sglang::schedul
    1    3194501     C      -      -      -      -      -      -    python         
    1    3194666     C      2      1      -      -      -      -    sglang::schedul
    1    3194501     C      -      -      -      -      -      -    python         
    1    3194666     C      0      0      -      -      -      -    sglang::schedul
# gpu         pid   type     sm    mem    enc    dec    jpg    ofa    command 
# Idx           #    C/G      %      %      %      %      %      %    name 
    1    3194501     C      -      -      -      -      -      -    python         
    1    3194666     C      0      0      -      -      -      -    sglang::schedul
    1    3194501     C      -      -      -      -      -      -    python         
    1    3194666     C     38      8      -      -      -      -    sglang::schedul
    1    3194501     C      -      -      -      -      -      -    python         
    1    3194666     C     33     18      -      -      -      -    sglang::schedul
    1    3194501     C      -      -      -      -      -      -    python         
    1    3194666     C     99     59      -      -      -      -    sglang::schedul
    1    3194501     C      -      -      -      -      -      -    python         
    1    3194666     C     99     59      -      -      -      -    sglang::schedul
    1    3194501     C      -      -      -      -      -      -    python         
    1    3194666     C     97     57      -      -      -      -    sglang::schedul
    1    3194501     C      -      -      -      -      -      -    python         
    1    3194666     C     98     59      -      -      -      -    sglang::schedul
    1    3194501     C      -      -      -      -      -      -    python         
    1    3194666     C     97     57      -      -      -      -    sglang::schedul
    1    3194501     C      -      -      -      -      -      -    python         
    1    3194666     C     97     57      -      -      -      -    sglang::schedul
    1    3194501     C      -      -      -      -      -      -    python         
    1    3194666     C     98     59      -      -      -      -    sglang::schedul
    1    3194501     C      -      -      -      -      -      -    python         
    1    3194666     C     97     57      -      -      -      -    sglang::schedul
    1    3194501     C      -      -      -      -      -      -    python         
    1    3194666     C     99     59      -      -      -      -    sglang::schedul
    1    3194501     C      -      -      -      -      -      -    python         
    1    3194666     C     97     57      -      -      -      -    sglang::schedul
    1    3194501     C      -      -      -      -      -      -    python         
    1    3194666     C     97     57      -      -      -      -    sglang::schedul
    1    3194501     C      -      -      -      -      -      -    python         
    1    3194666     C     98     59      -      -      -      -    sglang::schedul
    1    3194501     C      -      -      -      -      -      -    python         
    1    3194666     C     98     58      -      -      -      -    sglang::schedul
    1    3194501     C      -      -      -      -      -      -    python         
    1    3194666     C     98     57      -      -      -      -    sglang::schedul
    1    3194501     C      -      -      -      -      -      -    python         
    1    3194666     C     99     59      -      -      -      -    sglang::schedul
    1    3194501     C      -      -      -      -      -      -    python         
    1    3194666     C     98     58      -      -      -      -    sglang::schedul
    1    3194501     C      -      -      -      -      -      -    python         
    1    3194666     C     99     59      -      -      -      -    sglang::schedul
    1    3194501     C      -      -      -      -      -      -    python         
    1    3194666     C     98     58      -      -      -      -    sglang::schedul
    1    3194501     C      -      -      -      -      -      -    python         
    1    3194666     C     98     57      -      -      -      -    sglang::schedul
# gpu         pid   type     sm    mem    enc    dec    jpg    ofa    command 
# Idx           #    C/G      %      %      %      %      %      %    name 
    1    3194501     C      -      -      -      -      -      -    python         
    1    3194666     C     99     59      -      -      -      -    sglang::schedul
    1    3194501     C      -      -      -      -      -      -    python         
    1    3194666     C     98     57      -      -      -      -    sglang::schedul
    1    3194501     C      -      -      -      -      -      -    python         
    1    3194666     C     99     59      -      -      -      -    sglang::schedul
    1    3194501     C      -      -      -      -      -      -    python         
    1    3194666     C     97     56      -      -      -      -    sglang::schedul
    1    3194501     C      -      -      -      -      -      -    python         
    1    3194666     C     99     59      -      -      -      -    sglang::schedul
    1    3194501     C      -      -      -      -      -      -    python         
    1    3194666     C     99     59      -      -      -      -    sglang::schedul
    1    3194501     C      -      -      -      -      -      -    python         
    1    3194666     C     97     57      -      -      -      -    sglang::schedul
    1    3194501     C      -      -      -      -      -      -    python         
    1    3194666     C     99     59      -      -      -      -    sglang::schedul
    1    3194501     C      -      -      -      -      -      -    python         
    1    3194666     C     97     58      -      -      -      -    sglang::schedul
    1    3194501     C      -      -      -      -      -      -    python         
    1    3194666     C     97     56      -      -      -      -    sglang::schedul
    1    3194501     C      -      -      -      -      -      -    python         
    1    3194666     C     98     59      -      -      -      -    sglang::schedul
    1    3194501     C      -      -      -      -      -      -    python         
    1    3194666     C     98     57      -      -      -      -    sglang::schedul
    1    3194501     C      -      -      -      -      -      -    python         
    1    3194666     C     98     59      -      -      -      -    sglang::schedul
    1    3194501     C      -      -      -      -      -      -    python         
    1    3194666     C     98     59      -      -      -      -    sglang::schedul
    1    3194501     C      -      -      -      -      -      -    python         
    1    3194666     C     97     57      -      -      -      -    sglang::schedul
    1    3194501     C      -      -      -      -      -      -    python         
    1    3194666     C     98     59      -      -      -      -    sglang::schedul
    1    3194501     C      -      -      -      -      -      -    python         
    1    3194666     C     98     58      -      -      -      -    sglang::schedul
    1    3194501     C      -      -      -      -      -      -    python         
    1    3194666     C     98     57      -      -      -      -    sglang::schedul
    1    3194501     C      -      -      -      -      -      -    python         
    1    3194666     C     99     59      -      -      -      -    sglang::schedul
    1    3194501     C      -      -      -      -      -      -    python         
    1    3194666     C     98     57      -      -      -      -    sglang::schedul
    1    3194501     C      -      -      -      -      -      -    python         
    1    3194666     C     99     59      -      -      -      -    sglang::schedul
    1    3194501     C      -      -      -      -      -      -    python         
    1    3194666     C     98     57      -      -      -      -    sglang::schedul
# gpu         pid   type     sm    mem    enc    dec    jpg    ofa    command 
# Idx           #    C/G      %      %      %      %      %      %    name 
    1    3194501     C      -      -      -      -      -      -    python         
    1    3194666     C     98     57      -      -      -      -    sglang::schedul
    1    3194501     C      -      -      -      -      -      -    python         
    1    3194666     C     99     59      -      -      -      -    sglang::schedul
    1    3194501     C      -      -      -      -      -      -    python         
    1    3194666     C     97     58      -      -      -      -    sglang::schedul
    1    3194501     C      -      -      -      -      -      -    python         
    1    3194666     C     99     59      -      -      -      -    sglang::schedul
    1    3194501     C      -      -      -      -      -      -    python         
    1    3194666     C     97     57      -      -      -      -    sglang::schedul
    1    3194501     C      -      -      -      -      -      -    python         
    1    3194666     C     99     59      -      -      -      -    sglang::schedul
    1    3194501     C      -      -      -      -      -      -    python         
    1    3194666     C     99     59      -      -      -      -    sglang::schedul
    1    3194501     C      -      -      -      -      -      -    python         
    1    3194666     C     97     57      -      -      -      -    sglang::schedul
    1    3194501     C      -      -      -      -      -      -    python         
    1    3194666     C     99     59      -      -      -      -    sglang::schedul
    1    3194501     C      -      -      -      -      -      -    python         
    1    3194666     C     97     58      -      -      -      -    sglang::schedul
    1    3194501     C      -      -      -      -      -      -    python         
    1    3194666     C     97     57      -      -      -      -    sglang::schedul
    1    3194501     C      -      -      -      -      -      -    python         
    1    3194666     C     98     59      -      -      -      -    sglang::schedul
    1    3194501     C      -      -      -      -      -      -    python         
    1    3194666     C     97     57      -      -      -      -    sglang::schedul
    1    3194501     C      -      -      -      -      -      -    python         
    1    3194666     C     98     59      -      -      -      -    sglang::schedul
    1    3194501     C      -      -      -      -      -      -    python         
    1    3194666     C     98     59      -      -      -      -    sglang::schedul
    1    3194501     C      -      -      -      -      -      -    python         
    1    3194666     C     97     57      -      -      -      -    sglang::schedul
    1    3194501     C      -      -      -      -      -      -    python         
    1    3194666     C     98     59      -      -      -      -    sglang::schedul
    1    3194501     C      -      -      -      -      -      -    python         
    1    3194666     C     97     57      -      -      -      -    sglang::schedul
    1    3194501     C      -      -      -      -      -      -    python         
    1    3194666     C     97     57      -      -      -      -    sglang::schedul
    1    3194501     C      -      -      -      -      -      -    python         
    1    3194666     C     99     59      -      -      -      -    sglang::schedul
    1    3194501     C      -      -      -      -      -      -    python         
    1    3194666     C     97     57      -      -      -      -    sglang::schedul
    1    3194501     C      -      -      -      -      -      -    python         
    1    3194666     C     99     60      -      -      -      -    sglang::schedul
# gpu         pid   type     sm    mem    enc    dec    jpg    ofa    command 
# Idx           #    C/G      %      %      %      %      %      %    name 
    1    3194501     C      -      -      -      -      -      -    python         
    1    3194666     C     97     56      -      -      -      -    sglang::schedul
    1    3194501     C      -      -      -      -      -      -    python         
    1    3194666     C     99     59      -      -      -      -    sglang::schedul
    1    3194501     C      -      -      -      -      -      -    python         
    1    3194666     C     98     59      -      -      -      -    sglang::schedul
    1    3194501     C      -      -      -      -      -      -    python         
    1    3194666     C     97     56      -      -      -      -    sglang::schedul
    1    3194501     C      -      -      -      -      -      -    python         
    1    3194666     C     99     59      -      -      -      -    sglang::schedul
    1    3194501     C      -      -      -      -      -      -    python         
    1    3194666     C     97     57      -      -      -      -    sglang::schedul
    1    3194501     C      -      -      -      -      -      -    python         
    1    3194666     C     98     59      -      -      -      -    sglang::schedul
    1    3194501     C      -      -      -      -      -      -    python         
    1    3194666     C     97     58      -      -      -      -    sglang::schedul
    1    3194501     C      -      -      -      -      -      -    python         
    1    3194666     C     97     57      -      -      -      -    sglang::schedul
    1    3194501     C      -      -      -      -      -      -    python         
    1    3194666     C     99     59      -      -      -      -    sglang::schedul
    1    3194501     C      -      -      -      -      -      -    python         
    1    3194666     C     98     58      -      -      -      -    sglang::schedul
    1    3194501     C      -      -      -      -      -      -    python         
    1    3194666     C     97     57      -      -      -      -    sglang::schedul
    1    3194501     C      -      -      -      -      -      -    python         
    1    3194666     C     99     59      -      -      -      -    sglang::schedul
    1    3194501     C      -      -      -      -      -      -    python         
    1    3194666     C     48     29      -      -      -      -    sglang::schedul
    1    3194501     C      -      -      -      -      -      -    python         
    1    3194666     C      0      0      -      -      -      -    sglang::schedul
    1    3194501     C      -      -      -      -      -      -    python         
    1    3194666     C      0      0      -      -      -      -    sglang::schedul
    1    3194501     C      -      -      -      -      -      -    python         
    1    3194666     C      0      0      -      -      -      -    sglang::schedul
    1    3194501     C      -      -      -      -      -      -    python         
    1    3194666     C      0      0      -      -      -      -    sglang::schedul
    1    3194501     C      -      -      -      -      -      -    python         
    1    3194666     C      5      0      -      -      -      -    sglang::schedul
    1    3194501     C      -      -      -      -      -      -    python         
    1    3194666     C     14      2      -      -      -      -    sglang::schedul
    1    3194501     C      -      -      -      -      -      -    python         
    1    3194666     C     48     29      -      -      -      -    sglang::schedul
    1    3194501     C      -      -      -      -      -      -    python         
    1    3194666     C     97     64      -      -      -      -    sglang::schedul
# gpu         pid   type     sm    mem    enc    dec    jpg    ofa    command 
# Idx           #    C/G      %      %      %      %      %      %    name 
    1    3194501     C      -      -      -      -      -      -    python         
    1    3194666     C     99     71      -      -      -      -    sglang::schedul
    1    3194501     C      -      -      -      -      -      -    python         
    1    3194666     C     98     60      -      -      -      -    sglang::schedul
    1    3194501     C      -      -      -      -      -      -    python         
    1    3194666     C     99     71      -      -      -      -    sglang::schedul
    1    3194501     C      -      -      -      -      -      -    python         
    1    3194666     C     99     71      -      -      -      -    sglang::schedul
    1    3194501     C      -      -      -      -      -      -    python         
    1    3194666     C     98     62      -      -      -      -    sglang::schedul
    1    3194501     C      -      -      -      -      -      -    python         
    1    3194666     C     98     70      -      -      -      -    sglang::schedul
    1    3194501     C      -      -      -      -      -      -    python         
    1    3194666     C     98     71      -      -      -      -    sglang::schedul
    1    3194501     C      -      -      -      -      -      -    python         
    1    3194666     C     98     63      -      -      -      -    sglang::schedul
    1    3194501     C      -      -      -      -      -      -    python         
    1    3194666     C     98     63      -      -      -      -    sglang::schedul
    1    3194501     C      -      -      -      -      -      -    python         
    1    3194666     C     98     71      -      -      -      -    sglang::schedul
    1    3194501     C      -      -      -      -      -      -    python         
    1    3194666     C     98     64      -      -      -      -    sglang::schedul
    1    3194501     C      -      -      -      -      -      -    python         
    1    3194666     C     98     63      -      -      -      -    sglang::schedul
    1    3194501     C      -      -      -      -      -      -    python         
    1    3194666     C     99     71      -      -      -      -    sglang::schedul
    1    3194501     C      -      -      -      -      -      -    python         
    1    3194666     C     99     71      -      -      -      -    sglang::schedul
    1    3194501     C      -      -      -      -      -      -    python         
    1    3194666     C     98     63      -      -      -      -    sglang::schedul
    1    3194501     C      -      -      -      -      -      -    python         
    1    3194666     C     99     70      -      -      -      -    sglang::schedul
    1    3194501     C      -      -      -      -      -      -    python         
    1    3194666     C     99     71      -      -      -      -    sglang::schedul
    1    3194501     C      -      -      -      -      -      -    python         
    1    3194666     C     98     64      -      -      -      -    sglang::schedul
    1    3194501     C      -      -      -      -      -      -    python         
    1    3194666     C     99     66      -      -      -      -    sglang::schedul
    1    3194501     C      -      -      -      -      -      -    python         
    1    3194666     C     99     71      -      -      -      -    sglang::schedul
    1    3194501     C      -      -      -      -      -      -    python         
    1    3194666     C     98     65      -      -      -      -    sglang::schedul
    1    3194501     C      -      -      -      -      -      -    python         
    1    3194666     C     98     70      -      -      -      -    sglang::schedul
# gpu         pid   type     sm    mem    enc    dec    jpg    ofa    command 
# Idx           #    C/G      %      %      %      %      %      %    name 
    1    3194501     C      -      -      -      -      -      -    python         
    1    3194666     C     99     71      -      -      -      -    sglang::schedul
    1    3194501     C      -      -      -      -      -      -    python         
    1    3194666     C     97     58      -      -      -      -    sglang::schedul
    1    3194501     C      -      -      -      -      -      -    python         
    1    3194666     C     99     71      -      -      -      -    sglang::schedul
    1    3194501     C      -      -      -      -      -      -    python         
    1    3194666     C     99     71      -      -      -      -    sglang::schedul
    1    3194501     C      -      -      -      -      -      -    python         
    1    3194666     C     97     62      -      -      -      -    sglang::schedul
    1    3194501     C      -      -      -      -      -      -    python         
    1    3194666     C     99     62      -      -      -      -    sglang::schedul
    1    3194501     C      -      -      -      -      -      -    python         
    1    3194666     C     99     71      -      -      -      -    sglang::schedul
    1    3194501     C      -      -      -      -      -      -    python         
    1    3194666     C     99     71      -      -      -      -    sglang::schedul
    1    3194501     C      -      -      -      -      -      -    python         
    1    3194666     C     21     15      -      -      -      -    sglang::schedul
    1    3194501     C      -      -      -      -      -      -    python         
    1    3194666     C      0      0      -      -      -      -    sglang::schedul
    1    3194501     C      -      -      -      -      -      -    python         
    1    3194666     C      0      0      -      -      -      -    sglang::schedul
    1    3194501     C      -      -      -      -      -      -    python         
    1    3194666     C      0      0      -      -      -      -    sglang::schedul
    1    3194501     C      -      -      -      -      -      -    python         
    1    3194666     C      0      0      -      -      -      -    sglang::schedul
    1    3194501     C      -      -      -      -      -      -    python         
    1    3194666     C      7      1      -      -      -      -    sglang::schedul
    1    3194501     C      -      -      -      -      -      -    python         
    1    3194666     C     17      3      -      -      -      -    sglang::schedul
    1    3194501     C      -      -      -      -      -      -    python         
    1    3194666     C     60     31      -      -      -      -    sglang::schedul
    1    3194501     C      -      -      -      -      -      -    python         
    1    3194666     C     99     74      -      -      -      -    sglang::schedul
    1    3194501     C      -      -      -      -      -      -    python         
    1    3194666     C     99     79      -      -      -      -    sglang::schedul
    1    3194501     C      -      -      -      -      -      -    python         
    1    3194666     C     99     80      -      -      -      -    sglang::schedul
    1    3194501     C      -      -      -      -      -      -    python         
    1    3194666     C     98     62      -      -      -      -    sglang::schedul
    1    3194501     C      -      -      -      -      -      -    python         
    1    3194666     C     98     65      -      -      -      -    sglang::schedul
    1    3194501     C      -      -      -      -      -      -    python         
    1    3194666     C     99     79      -      -      -      -    sglang::schedul
# gpu         pid   type     sm    mem    enc    dec    jpg    ofa    command 
# Idx           #    C/G      %      %      %      %      %      %    name 
    1    3194501     C      -      -      -      -      -      -    python         
    1    3194666     C     99     79      -      -      -      -    sglang::schedul
    1    3194501     C      -      -      -      -      -      -    python         
    1    3194666     C     98     65      -      -      -      -    sglang::schedul
    1    3194501     C      -      -      -      -      -      -    python         
    1    3194666     C     98     64      -      -      -      -    sglang::schedul
    1    3194501     C      -      -      -      -      -      -    python         
    1    3194666     C     98     79      -      -      -      -    sglang::schedul
    1    3194501     C      -      -      -      -      -      -    python         
    1    3194666     C     98     79      -      -      -      -    sglang::schedul
    1    3194501     C      -      -      -      -      -      -    python         
    1    3194666     C     98     70      -      -      -      -    sglang::schedul
    1    3194501     C      -      -      -      -      -      -    python         
    1    3194666     C     99     70      -      -      -      -    sglang::schedul
    1    3194501     C      -      -      -      -      -      -    python         
    1    3194666     C     99     79      -      -      -      -    sglang::schedul
    1    3194501     C      -      -      -      -      -      -    python         
    1    3194666     C     99     79      -      -      -      -    sglang::schedul
    1    3194501     C      -      -      -      -      -      -    python         
    1    3194666     C     98     70      -      -      -      -    sglang::schedul
    1    3194501     C      -      -      -      -      -      -    python         
    1    3194666     C     99     57      -      -      -      -    sglang::schedul
    1    3194501     C      -      -      -      -      -      -    python         
    1    3194666     C     99     79      -      -      -      -    sglang::schedul
    1    3194501     C      -      -      -      -      -      -    python         
    1    3194666     C     99     80      -      -      -      -    sglang::schedul
    1    3194501     C      -      -      -      -      -      -    python         
    1    3194666     C     99     80      -      -      -      -    sglang::schedul
    1    3194501     C      -      -      -      -      -      -    python         
    1    3194666     C     97     59      -      -      -      -    sglang::schedul
    1    3194501     C      -      -      -      -      -      -    python         
    1    3194666     C     98     79      -      -      -      -    sglang::schedul
    1    3194501     C      -      -      -      -      -      -    python         
    1    3194666     C     98     79      -      -      -      -    sglang::schedul
    1    3194501     C      -      -      -      -      -      -    python         
    1    3194666     C     98     79      -      -      -      -    sglang::schedul
    1    3194501     C      -      -      -      -      -      -    python         
    1    3194666     C     97     59      -      -      -      -    sglang::schedul
    1    3194501     C      -      -      -      -      -      -    python         
    1    3194666     C     99     73      -      -      -      -    sglang::schedul
    1    3194501     C      -      -      -      -      -      -    python         
    1    3194666     C     99     80      -      -      -      -    sglang::schedul
    1    3194501     C      -      -      -      -      -      -    python         
    1    3194666     C     99     80      -      -      -      -    sglang::schedul
# gpu         pid   type     sm    mem    enc    dec    jpg    ofa    command 
# Idx           #    C/G      %      %      %      %      %      %    name 
    1    3194501     C      -      -      -      -      -      -    python         
    1    3194666     C     97     63      -      -      -      -    sglang::schedul
    1    3194501     C      -      -      -      -      -      -    python         
    1    3194666     C     98     64      -      -      -      -    sglang::schedul
    1    3194501     C      -      -      -      -      -      -    python         
    1    3194666     C     99     79      -      -      -      -    sglang::schedul
    1    3194501     C      -      -      -      -      -      -    python         
    1    3194666     C     99     79      -      -      -      -    sglang::schedul
    1    3194501     C      -      -      -      -      -      -    python         
    1    3194666     C     97     65      -      -      -      -    sglang::schedul
    1    3194501     C      -      -      -      -      -      -    python         
    1    3194666     C     97     65      -      -      -      -    sglang::schedul
    1    3194501     C      -      -      -      -      -      -    python         
    1    3194666     C     99     79      -      -      -      -    sglang::schedul
    1    3194501     C      -      -      -      -      -      -    python         
    1    3194666     C     99     80      -      -      -      -    sglang::schedul
    1    3194501     C      -      -      -      -      -      -    python         
    1    3194666     C     97     62      -      -      -      -    sglang::schedul
    1    3194501     C      -      -      -      -      -      -    python         
    1    3194666     C     99     68      -      -      -      -    sglang::schedul
    1    3194501     C      -      -      -      -      -      -    python         
    1    3194666     C     99     80      -      -      -      -    sglang::schedul
    1    3194501     C      -      -      -      -      -      -    python         
    1    3194666     C     99     80      -      -      -      -    sglang::schedul
    1    3194501     C      -      -      -      -      -      -    python         
    1    3194666     C     84     68      -      -      -      -    sglang::schedul
    1    3194501     C      -      -      -      -      -      -    python         
    1    3194666     C      2      1      -      -      -      -    sglang::schedul
    1    3194501     C      -      -      -      -      -      -    python         
    1    3194666     C      0      0      -      -      -      -    sglang::schedul
    1    3194501     C      -      -      -      -      -      -    python         
    1    3194666     C      0      0      -      -      -      -    sglang::schedul
    1    3194501     C      -      -      -      -      -      -    python         
    1    3194666     C      0      0      -      -      -      -    sglang::schedul
    1    3194501     C      -      -      -      -      -      -    python         
    1    3194666     C      0      0      -      -      -      -    sglang::schedul
    1    3194501     C      -      -      -      -      -      -    python         
    1    3194666     C     20      3      -      -      -      -    sglang::schedul
    1    3194501     C      -      -      -      -      -      -    python         
    1    3194666     C     24      5      -      -      -      -    sglang::schedul
    1    3194501     C      -      -      -      -      -      -    python         
    1    3194666     C     76     23      -      -      -      -    sglang::schedul
    1    3194501     C      -      -      -      -      -      -    python         
    1    3194666     C     98     73      -      -      -      -    sglang::schedul
# gpu         pid   type     sm    mem    enc    dec    jpg    ofa    command 
# Idx           #    C/G      %      %      %      %      %      %    name 
    1    3194501     C      -      -      -      -      -      -    python         
    1    3194666     C     99     88      -      -      -      -    sglang::schedul
    1    3194501     C      -      -      -      -      -      -    python         
    1    3194666     C     99     88      -      -      -      -    sglang::schedul
    1    3194501     C      -      -      -      -      -      -    python         
    1    3194666     C     99     88      -      -      -      -    sglang::schedul
    1    3194501     C      -      -      -      -      -      -    python         
    1    3194666     C     99     89      -      -      -      -    sglang::schedul
    1    3194501     C      -      -      -      -      -      -    python         
    1    3194666     C     98     54      -      -      -      -    sglang::schedul
    1    3194501     C      -      -      -      -      -      -    python         
    1    3194666     C     99     61      -      -      -      -    sglang::schedul
    1    3194501     C      -      -      -      -      -      -    python         
    1    3194666     C     99     87      -      -      -      -    sglang::schedul
    1    3194501     C      -      -      -      -      -      -    python         
    1    3194666     C     99     88      -      -      -      -    sglang::schedul
    1    3194501     C      -      -      -      -      -      -    python         
    1    3194666     C     99     88      -      -      -      -    sglang::schedul
    1    3194501     C      -      -      -      -      -      -    python         
    1    3194666     C     99     88      -      -      -      -    sglang::schedul
    1    3194501     C      -      -      -      -      -      -    python         
    1    3194666     C     98     66      -      -      -      -    sglang::schedul
    1    3194501     C      -      -      -      -      -      -    python         
    1    3194666     C     98     56      -      -      -      -    sglang::schedul
    1    3194501     C      -      -      -      -      -      -    python         
    1    3194666     C     99     82      -      -      -      -    sglang::schedul
    1    3194501     C      -      -      -      -      -      -    python         
    1    3194666     C     99     88      -      -      -      -    sglang::schedul
    1    3194501     C      -      -      -      -      -      -    python         
    1    3194666     C     99     88      -      -      -      -    sglang::schedul
    1    3194501     C      -      -      -      -      -      -    python         
    1    3194666     C     99     89      -      -      -      -    sglang::schedul
    1    3194501     C      -      -      -      -      -      -    python         
    1    3194666     C     97     62      -      -      -      -    sglang::schedul
    1    3194501     C      -      -      -      -      -      -    python         
    1    3194666     C     99     56      -      -      -      -    sglang::schedul
    1    3194501     C      -      -      -      -      -      -    python         
    1    3194666     C     99     87      -      -      -      -    sglang::schedul
    1    3194501     C      -      -      -      -      -      -    python         
    1    3194666     C     99     88      -      -      -      -    sglang::schedul
    1    3194501     C      -      -      -      -      -      -    python         
    1    3194666     C     99     88      -      -      -      -    sglang::schedul
    1    3194501     C      -      -      -      -      -      -    python         
    1    3194666     C     99     89      -      -      -      -    sglang::schedul
# gpu         pid   type     sm    mem    enc    dec    jpg    ofa    command 
# Idx           #    C/G      %      %      %      %      %      %    name 
    1    3194501     C      -      -      -      -      -      -    python         
    1    3194666     C     98     71      -      -      -      -    sglang::schedul
    1    3194501     C      -      -      -      -      -      -    python         
    1    3194666     C     98     47      -      -      -      -    sglang::schedul
    1    3194501     C      -      -      -      -      -      -    python         
    1    3194666     C     99     86      -      -      -      -    sglang::schedul
    1    3194501     C      -      -      -      -      -      -    python         
    1    3194666     C     99     88      -      -      -      -    sglang::schedul
    1    3194501     C      -      -      -      -      -      -    python         
    1    3194666     C     99     88      -      -      -      -    sglang::schedul
    1    3194501     C      -      -      -      -      -      -    python         
    1    3194666     C     99     88      -      -      -      -    sglang::schedul
    1    3194501     C      -      -      -      -      -      -    python         
    1    3194666     C     98     89      -      -      -      -    sglang::schedul
    1    3194501     C      -      -      -      -      -      -    python         
    1    3194666     C     99     89      -      -      -      -    sglang::schedul
    1    3194501     C      -      -      -      -      -      -    python         
    1    3194666     C      -      -      -      -      -      -    sglang::schedul
    1    3194501     C      -      -      -      -      -      -    python         
    1    3194666     C      -      -      -      -      -      -    sglang::schedul
    1    3194501     C      -      -      -      -      -      -    python         
    1    3194666     C      -      -      -      -      -      -    sglang::schedul
    1    3194501     C      -      -      -      -      -      -    python         
    1    3194666     C      -      -      -      -      -      -    sglang::schedul
    1    3194501     C      -      -      -      -      -      -    python         
    1    3194666     C     65     12      -      -      -      -    sglang::schedul
    1    3194501     C      -      -      -      -      -      -    python         
    1    3194666     C     12      3      -      -      -      -    sglang::schedul
    1    3194501     C      -      -      -      -      -      -    python         
    1    3194666     C     92     24      -      -      -      -    sglang::schedul
    1    3194501     C      -      -      -      -      -      -    python         
    1    3194666     C     99     31      -      -      -      -    sglang::schedul
    1    3194501     C      -      -      -      -      -      -    python         
    1    3194666     C     99     90      -      -      -      -    sglang::schedul
    1    3194501     C      -      -      -      -      -      -    python         
    1    3194666     C     99     97      -      -      -      -    sglang::schedul
    1    3194501     C      -      -      -      -      -      -    python         
    1    3194666     C     99     97      -      -      -      -    sglang::schedul
    1    3194501     C      -      -      -      -      -      -    python         
    1    3194666     C     98     97      -      -      -      -    sglang::schedul
    1    3194501     C      -      -      -      -      -      -    python         
    1    3194666     C     98     97      -      -      -      -    sglang::schedul
    1    3194501     C      -      -      -      -      -      -    python         
    1    3194666     C     98     97      -      -      -      -    sglang::schedul
# gpu         pid   type     sm    mem    enc    dec    jpg    ofa    command 
# Idx           #    C/G      %      %      %      %      %      %    name 
    1    3194501     C      -      -      -      -      -      -    python         
    1    3194666     C     98     98      -      -      -      -    sglang::schedul
    1    3194501     C      -      -      -      -      -      -    python         
    1    3194666     C     97     95      -      -      -      -    sglang::schedul
    1    3194501     C      -      -      -      -      -      -    python         
    1    3194666     C     97     51      -      -      -      -    sglang::schedul
    1    3194501     C      -      -      -      -      -      -    python         
    1    3194666     C     99     25      -      -      -      -    sglang::schedul
    1    3194501     C      -      -      -      -      -      -    python         
    1    3194666     C     99     69      -      -      -      -    sglang::schedul
    1    3194501     C      -      -      -      -      -      -    python         
    1    3194666     C     99     96      -      -      -      -    sglang::schedul
    1    3194501     C      -      -      -      -      -      -    python         
    1    3194666     C     99     97      -      -      -      -    sglang::schedul
    1    3194501     C      -      -      -      -      -      -    python         
    1    3194666     C     99     97      -      -      -      -    sglang::schedul
    1    3194501     C      -      -      -      -      -      -    python         
    1    3194666     C     99     97      -      -      -      -    sglang::schedul
    1    3194501     C      -      -      -      -      -      -    python         
    1    3194666     C     99     97      -      -      -      -    sglang::schedul
    1    3194501     C      -      -      -      -      -      -    python         
    1    3194666     C     99     97      -      -      -      -    sglang::schedul
    1    3194501     C      -      -      -      -      -      -    python         
    1    3194666     C     99     97      -      -      -      -    sglang::schedul
    1    3194501     C      -      -      -      -      -      -    python         
    1    3194666     C     98     63      -      -      -      -    sglang::schedul
    1    3194501     C      -      -      -      -      -      -    python         
    1    3194666     C     98     27      -      -      -      -    sglang::schedul
    1    3194501     C      -      -      -      -      -      -    python         
    1    3194666     C     99     89      -      -      -      -    sglang::schedul
    1    3194501     C      -      -      -      -      -      -    python         
    1    3194666     C     99     97      -      -      -      -    sglang::schedul
    1    3194501     C      -      -      -      -      -      -    python         
    1    3194666     C     99     97      -      -      -      -    sglang::schedul
    1    3194501     C      -      -      -      -      -      -    python         
    1    3194666     C     99     97      -      -      -      -    sglang::schedul
    1    3194501     C      -      -      -      -      -      -    python         
    1    3194666     C     98     97      -      -      -      -    sglang::schedul
    1    3194501     C      -      -      -      -      -      -    python         
    1    3194666     C     98     98      -      -      -      -    sglang::schedul
    1    3194501     C      -      -      -      -      -      -    python         
    1    3194666     C     98     98      -      -      -      -    sglang::schedul
    1    3194501     C      -      -      -      -      -      -    python         
    1    3194666     C     98     98      -      -      -      -    sglang::schedul
# gpu         pid   type     sm    mem    enc    dec    jpg    ofa    command 
# Idx           #    C/G      %      %      %      %      %      %    name 
    1    3194501     C      -      -      -      -      -      -    python         
    1    3194666     C     96     52      -      -      -      -    sglang::schedul
    1    3194501     C      -      -      -      -      -      -    python         
    1    3194666     C     98     26      -      -      -      -    sglang::schedul
    1    3194501     C      -      -      -      -      -      -    python         
    1    3194666     C     99     70      -      -      -      -    sglang::schedul
    1    3194501     C      -      -      -      -      -      -    python         
    1    3194666     C     99     97      -      -      -      -    sglang::schedul
    1    3194501     C      -      -      -      -      -      -    python         
    1    3194666     C     99     97      -      -      -      -    sglang::schedul
    1    3194501     C      -      -      -      -      -      -    python         
    1    3194666     C     97     95      -      -      -      -    sglang::schedul
    1    3194501     C      -      -      -      -      -      -    python         
    1    3194666     C     99     97      -      -      -      -    sglang::schedul
    1    3194501     C      -      -      -      -      -      -    python         
    1    3194666     C     99     97      -      -      -      -    sglang::schedul
    1    3194501     C      -      -      -      -      -      -    python         
    1    3194666     C     99     97      -      -      -      -    sglang::schedul
    1    3194501     C      -      -      -      -      -      -    python         
    1    3194666     C     99     97      -      -      -      -    sglang::schedul
    1    3194501     C      -      -      -      -      -      -    python         
    1    3194666     C     96     67      -      -      -      -    sglang::schedul
    1    3194501     C      -      -      -      -      -      -    python         
    1    3194666     C     97     27      -      -      -      -    sglang::schedul
    1    3194501     C      -      -      -      -      -      -    python         
    1    3194666     C     99     56      -      -      -      -    sglang::schedul
    1    3194501     C      -      -      -      -      -      -    python         
    1    3194666     C     99     97      -      -      -      -    sglang::schedul
    1    3194501     C      -      -      -      -      -      -    python         
    1    3194666     C     99     97      -      -      -      -    sglang::schedul
    1    3194501     C      -      -      -      -      -      -    python         
    1    3194666     C     99     97      -      -      -      -    sglang::schedul
    1    3194501     C      -      -      -      -      -      -    python         
    1    3194666     C     99     97      -      -      -      -    sglang::schedul
    1    3194501     C      -      -      -      -      -      -    python         
    1    3194666     C     99     98      -      -      -      -    sglang::schedul
    1    3194501     C      -      -      -      -      -      -    python         
    1    3194666     C     99     97      -      -      -      -    sglang::schedul
    1    3194501     C      -      -      -      -      -      -    python         
    1    3194666     C     99     97      -      -      -      -    sglang::schedul
    1    3194501     C      -      -      -      -      -      -    python         
    1    3194666     C     46     45      -      -      -      -    sglang::schedul
    1    3194501     C      -      -      -      -      -      -    python         
    1    3194666     C      0      0      -      -      -      -    sglang::schedul
# gpu         pid   type     sm    mem    enc    dec    jpg    ofa    command 
# Idx           #    C/G      %      %      %      %      %      %    name 
    1    3194501     C      -      -      -      -      -      -    python         
    1    3194666     C      0      0      -      -      -      -    sglang::schedul
    1    3194501     C      -      -      -      -      -      -    python         
    1    3194666     C      0      0      -      -      -      -    sglang::schedul
    1    3194501     C      -      -      -      -      -      -    python         
    1    3194666     C      0      0      -      -      -      -    sglang::schedul
    1    3194501     C      -      -      -      -      -      -    python         
    1    3194666     C      0      0      -      -      -      -    sglang::schedul
    1    3194501     C      -      -      -      -      -      -    python         
    1    3194666     C      5      0      -      -      -      -    sglang::schedul
    1    3194501     C      -      -      -      -      -      -    python         
    1    3194666     C     17      3      -      -      -      -    sglang::schedul
    1    3194501     C      -      -      -      -      -      -    python         
    1    3194666     C     46     12      -      -      -      -    sglang::schedul
    1    3194501     C      -      -      -      -      -      -    python         
    1    3194666     C     99     26      -      -      -      -    sglang::schedul
    1    3194501     C      -      -      -      -      -      -    python         
    1    3194666     C     99     26      -      -      -      -    sglang::schedul
    1    3194501     C      -      -      -      -      -      -    python         
    1    3194666     C     99     26      -      -      -      -    sglang::schedul
    1    3194501     C      -      -      -      -      -      -    python         
    1    3194666     C     99     62      -      -      -      -    sglang::schedul
    1    3194501     C      -      -      -      -      -      -    python         
    1    3194666     C     99    100      -      -      -      -    sglang::schedul
    1    3194501     C      -      -      -      -      -      -    python         
    1    3194666     C     99    100      -      -      -      -    sglang::schedul
    1    3194501     C      -      -      -      -      -      -    python         
    1    3194666     C     99    100      -      -      -      -    sglang::schedul
    1    3194501     C      -      -      -      -      -      -    python         
    1    3194666     C     99    100      -      -      -      -    sglang::schedul
    1    3194501     C      -      -      -      -      -      -    python         
    1    3194666     C     99    100      -      -      -      -    sglang::schedul
    1    3194501     C      -      -      -      -      -      -    python         
    1    3194666     C     99    100      -      -      -      -    sglang::schedul
    1    3194501     C      -      -      -      -      -      -    python         
    1    3194666     C     99    100      -      -      -      -    sglang::schedul
    1    3194501     C      -      -      -      -      -      -    python         
    1    3194666     C     99    100      -      -      -      -    sglang::schedul
    1    3194501     C      -      -      -      -      -      -    python         
    1    3194666     C     99    100      -      -      -      -    sglang::schedul
    1    3194501     C      -      -      -      -      -      -    python         
    1    3194666     C     99    100      -      -      -      -    sglang::schedul
    1    3194501     C      -      -      -      -      -      -    python         
    1    3194666     C     99    100      -      -      -      -    sglang::schedul
# gpu         pid   type     sm    mem    enc    dec    jpg    ofa    command 
# Idx           #    C/G      %      %      %      %      %      %    name 
    1    3194501     C      -      -      -      -      -      -    python         
    1    3194666     C     99    100      -      -      -      -    sglang::schedul
    1    3194501     C      -      -      -      -      -      -    python         
    1    3194666     C     99    100      -      -      -      -    sglang::schedul
    1    3194501     C      -      -      -      -      -      -    python         
    1    3194666     C     94     54      -      -      -      -    sglang::schedul
    1    3194501     C      -      -      -      -      -      -    python         
    1    3194666     C     98     26      -      -      -      -    sglang::schedul
    1    3194501     C      -      -      -      -      -      -    python         
    1    3194666     C     98     26      -      -      -      -    sglang::schedul
    1    3194501     C      -      -      -      -      -      -    python         
    1    3194666     C     98     26      -      -      -      -    sglang::schedul
    1    3194501     C      -      -      -      -      -      -    python         
    1    3194666     C     99     68      -      -      -      -    sglang::schedul
    1    3194501     C      -      -      -      -      -      -    python         
    1    3194666     C     99    100      -      -      -      -    sglang::schedul
    1    3194501     C      -      -      -      -      -      -    python         
    1    3194666     C     99    100      -      -      -      -    sglang::schedul
    1    3194501     C      -      -      -      -      -      -    python         
    1    3194666     C     99    100      -      -      -      -    sglang::schedul
    1    3194501     C      -      -      -      -      -      -    python         
    1    3194666     C     99    100      -      -      -      -    sglang::schedul
    1    3194501     C      -      -      -      -      -      -    python         
    1    3194666     C     99    100      -      -      -      -    sglang::schedul
    1    3194501     C      -      -      -      -      -      -    python         
    1    3194666     C     99    100      -      -      -      -    sglang::schedul
    1    3194501     C      -      -      -      -      -      -    python         
    1    3194666     C     99    100      -      -      -      -    sglang::schedul
    1    3194501     C      -      -      -      -      -      -    python         
    1    3194666     C     99    100      -      -      -      -    sglang::schedul
    1    3194501     C      -      -      -      -      -      -    python         
    1    3194666     C     99    100      -      -      -      -    sglang::schedul
    1    3194501     C      -      -      -      -      -      -    python         
    1    3194666     C     99    100      -      -      -      -    sglang::schedul
    1    3194501     C      -      -      -      -      -      -    python         
    1    3194666     C     99    100      -      -      -      -    sglang::schedul
    1    3194501     C      -      -      -      -      -      -    python         
    1    3194666     C     99    100      -      -      -      -    sglang::schedul
    1    3194501     C      -      -      -      -      -      -    python         
    1    3194666     C     99    100      -      -      -      -    sglang::schedul
    1    3194501     C      -      -      -      -      -      -    python         
    1    3194666     C     94     43      -      -      -      -    sglang::schedul
    1    3194501     C      -      -      -      -      -      -    python         
    1    3194666     C     99     25      -      -      -      -    sglang::schedul
# gpu         pid   type     sm    mem    enc    dec    jpg    ofa    command 
# Idx           #    C/G      %      %      %      %      %      %    name 
    1    3194501     C      -      -      -      -      -      -    python         
    1    3194666     C     99     25      -      -      -      -    sglang::schedul
    1    3194501     C      -      -      -      -      -      -    python         
    1    3194666     C     99     25      -      -      -      -    sglang::schedul
    1    3194501     C      -      -      -      -      -      -    python         
    1    3194666     C     98     76      -      -      -      -    sglang::schedul
    1    3194501     C      -      -      -      -      -      -    python         
    1    3194666     C     98    100      -      -      -      -    sglang::schedul
    1    3194501     C      -      -      -      -      -      -    python         
    1    3194666     C     98    100      -      -      -      -    sglang::schedul
    1    3194501     C      -      -      -      -      -      -    python         
    1    3194666     C     98    100      -      -      -      -    sglang::schedul
    1    3194501     C      -      -      -      -      -      -    python         
    1    3194666     C     98    100      -      -      -      -    sglang::schedul
    1    3194501     C      -      -      -      -      -      -    python         
    1    3194666     C     99    100      -      -      -      -    sglang::schedul
    1    3194501     C      -      -      -      -      -      -    python         
    1    3194666     C     99    100      -      -      -      -    sglang::schedul
    1    3194501     C      -      -      -      -      -      -    python         
    1    3194666     C     99    100      -      -      -      -    sglang::schedul
    1    3194501     C      -      -      -      -      -      -    python         
    1    3194666     C     99    100      -      -      -      -    sglang::schedul
    1    3194501     C      -      -      -      -      -      -    python         
    1    3194666     C     99    100      -      -      -      -    sglang::schedul
    1    3194501     C      -      -      -      -      -      -    python         
    1    3194666     C     99    100      -      -      -      -    sglang::schedul
    1    3194501     C      -      -      -      -      -      -    python         
    1    3194666     C     96     97      -      -      -      -    sglang::schedul
    1    3194501     C      -      -      -      -      -      -    python         
    1    3194666     C     96     97      -      -      -      -    sglang::schedul
    1    3194501     C      -      -      -      -      -      -    python         
    1    3194666     C     99    100      -      -      -      -    sglang::schedul
    1    3194501     C      -      -      -      -      -      -    python         
    1    3194666     C     96     68      -      -      -      -    sglang::schedul
    1    3194501     C      -      -      -      -      -      -    python         
    1    3194666     C     96     31      -      -      -      -    sglang::schedul
    1    3194501     C      -      -      -      -      -      -    python         
    1    3194666     C     99     26      -      -      -      -    sglang::schedul
    1    3194501     C      -      -      -      -      -      -    python         
    1    3194666     C     99     26      -      -      -      -    sglang::schedul
    1    3194501     C      -      -      -      -      -      -    python         
    1    3194666     C     99     78      -      -      -      -    sglang::schedul
    1    3194501     C      -      -      -      -      -      -    python         
    1    3194666     C     99    100      -      -      -      -    sglang::schedul
# gpu         pid   type     sm    mem    enc    dec    jpg    ofa    command 
# Idx           #    C/G      %      %      %      %      %      %    name 
    1    3194501     C      -      -      -      -      -      -    python         
    1    3194666     C     99    100      -      -      -      -    sglang::schedul
    1    3194501     C      -      -      -      -      -      -    python         
    1    3194666     C     99    100      -      -      -      -    sglang::schedul
    1    3194501     C      -      -      -      -      -      -    python         
    1    3194666     C     98    100      -      -      -      -    sglang::schedul
    1    3194501     C      -      -      -      -      -      -    python         
    1    3194666     C     98    100      -      -      -      -    sglang::schedul
    1    3194501     C      -      -      -      -      -      -    python         
    1    3194666     C     98    100      -      -      -      -    sglang::schedul
    1    3194501     C      -      -      -      -      -      -    python         
    1    3194666     C     98    100      -      -      -      -    sglang::schedul
    1    3194501     C      -      -      -      -      -      -    python         
    1    3194666     C     99    100      -      -      -      -    sglang::schedul
    1    3194501     C      -      -      -      -      -      -    python         
    1    3194666     C     99    100      -      -      -      -    sglang::schedul
    1    3194501     C      -      -      -      -      -      -    python         
    1    3194666     C     99    100      -      -      -      -    sglang::schedul
    1    3194501     C      -      -      -      -      -      -    python         
    1    3194666     C     99    100      -      -      -      -    sglang::schedul
    1    3194501     C      -      -      -      -      -      -    python         
    1    3194666     C     99    100      -      -      -      -    sglang::schedul
    1    3194501     C      -      -      -      -      -      -    python         
    1    3194666     C     99    100      -      -      -      -    sglang::schedul
    1    3194501     C      -      -      -      -      -      -    python         
    1    3194666     C     96     65      -      -      -      -    sglang::schedul
    1    3194501     C      -      -      -      -      -      -    python         
    1    3194666     C     97     25      -      -      -      -    sglang::schedul
    1    3194501     C      -      -      -      -      -      -    python         
    1    3194666     C     99     26      -      -      -      -    sglang::schedul
    1    3194501     C      -      -      -      -      -      -    python         
    1    3194666     C     99     26      -      -      -      -    sglang::schedul
    1    3194501     C      -      -      -      -      -      -    python         
    1    3194666     C     99     60      -      -      -      -    sglang::schedul
    1    3194501     C      -      -      -      -      -      -    python         
    1    3194666     C     99     97      -      -      -      -    sglang::schedul
    1    3194501     C      -      -      -      -      -      -    python         
    1    3194666     C     99    100      -      -      -      -    sglang::schedul
    1    3194501     C      -      -      -      -      -      -    python         
    1    3194666     C     99    100      -      -      -      -    sglang::schedul
    1    3194501     C      -      -      -      -      -      -    python         
    1    3194666     C     99    100      -      -      -      -    sglang::schedul
    1    3194501     C      -      -      -      -      -      -    python         
    1    3194666     C     99    100      -      -      -      -    sglang::schedul
# gpu         pid   type     sm    mem    enc    dec    jpg    ofa    command 
# Idx           #    C/G      %      %      %      %      %      %    name 
    1    3194501     C      -      -      -      -      -      -    python         
    1    3194666     C     99    100      -      -      -      -    sglang::schedul
    1    3194501     C      -      -      -      -      -      -    python         
    1    3194666     C     99    100      -      -      -      -    sglang::schedul
    1    3194501     C      -      -      -      -      -      -    python         
    1    3194666     C     99    100      -      -      -      -    sglang::schedul
    1    3194501     C      -      -      -      -      -      -    python         
    1    3194666     C     98    100      -      -      -      -    sglang::schedul
    1    3194501     C      -      -      -      -      -      -    python         
    1    3194666     C     98    100      -      -      -      -    sglang::schedul
    1    3194501     C      -      -      -      -      -      -    python         
    1    3194666     C     98    100      -      -      -      -    sglang::schedul
    1    3194501     C      -      -      -      -      -      -    python         
    1    3194666     C     98    100      -      -      -      -    sglang::schedul
    1    3194501     C      -      -      -      -      -      -    python         
    1    3194666     C     98    100      -      -      -      -    sglang::schedul
    1    3194501     C      -      -      -      -      -      -    python         
    1    3194666     C     45     45      -      -      -      -    sglang::schedul
    1    3194501     C      -      -      -      -      -      -    python         
    1    3194666     C      0      0      -      -      -      -    sglang::schedul
    1    3194501     C      -      -      -      -      -      -    python         
    1    3194666     C      0      0      -      -      -      -    sglang::schedul
    1    3194501     C      -      -      -      -      -      -    python         
    1    3194666     C      0      0      -      -      -      -    sglang::schedul
    1    3194501     C      -      -      -      -      -      -    python         
    1    3194666     C      0      0      -      -      -      -    sglang::schedul
    1    3194501     C      -      -      -      -      -      -    python         
    1    3194666     C      0      0      -      -      -      -    sglang::schedul
    1    3194501     C      -      -      -      -      -      -    python         
    1    3194666     C      0      0      -      -      -      -    sglang::schedul
    1    3194501     C      -      -      -      -      -      -    python         
    1    3194666     C      0      0      -      -      -      -    sglang::schedul
    1    3194501     C      -      -      -      -      -      -    python         
    1    3194666     C     35      5      -      -      -      -    sglang::schedul
    1    3194501     C      -      -      -      -      -      -    python         
    1    3194666     C     37      6      -      -      -      -    sglang::schedul
    1    3194501     C      -      -      -      -      -      -    python         
    1    3194666     C     67     17      -      -      -      -    sglang::schedul
    1    3194501     C      -      -      -      -      -      -    python         
    1    3194666     C     99     26      -      -      -      -    sglang::schedul
    1    3194501     C      -      -      -      -      -      -    python         
    1    3194666     C     99     26      -      -      -      -    sglang::schedul
    1    3194501     C      -      -      -      -      -      -    python         
    1    3194666     C     99     25      -      -      -      -    sglang::schedul
# gpu         pid   type     sm    mem    enc    dec    jpg    ofa    command 
# Idx           #    C/G      %      %      %      %      %      %    name 
    1    3194501     C      -      -      -      -      -      -    python         
    1    3194666     C     99     25      -      -      -      -    sglang::schedul
    1    3194501     C      -      -      -      -      -      -    python         
    1    3194666     C     99     25      -      -      -      -    sglang::schedul
    1    3194501     C      -      -      -      -      -      -    python         
    1    3194666     C     99     25      -      -      -      -    sglang::schedul
    1    3194501     C      -      -      -      -      -      -    python         
    1    3194666     C     98     60      -      -      -      -    sglang::schedul
    1    3194501     C      -      -      -      -      -      -    python         
    1    3194666     C     98    100      -      -      -      -    sglang::schedul
    1    3194501     C      -      -      -      -      -      -    python         
    1    3194666     C     98    100      -      -      -      -    sglang::schedul
    1    3194501     C      -      -      -      -      -      -    python         
    1    3194666     C     98    100      -      -      -      -    sglang::schedul
    1    3194501     C      -      -      -      -      -      -    python         
    1    3194666     C     98    100      -      -      -      -    sglang::schedul
    1    3194501     C      -      -      -      -      -      -    python         
    1    3194666     C     99    100      -      -      -      -    sglang::schedul
    1    3194501     C      -      -      -      -      -      -    python         
    1    3194666     C     99    100      -      -      -      -    sglang::schedul
    1    3194501     C      -      -      -      -      -      -    python         
    1    3194666     C     99    100      -      -      -      -    sglang::schedul
    1    3194501     C      -      -      -      -      -      -    python         
    1    3194666     C     99    100      -      -      -      -    sglang::schedul
    1    3194501     C      -      -      -      -      -      -    python         
    1    3194666     C     99    100      -      -      -      -    sglang::schedul
    1    3194501     C      -      -      -      -      -      -    python         
    1    3194666     C     99    100      -      -      -      -    sglang::schedul
    1    3194501     C      -      -      -      -      -      -    python         
    1    3194666     C     99    100      -      -      -      -    sglang::schedul
    1    3194501     C      -      -      -      -      -      -    python         
    1    3194666     C     99    100      -      -      -      -    sglang::schedul
    1    3194501     C      -      -      -      -      -      -    python         
    1    3194666     C     99    100      -      -      -      -    sglang::schedul
    1    3194501     C      -      -      -      -      -      -    python         
    1    3194666     C     99    100      -      -      -      -    sglang::schedul
    1    3194501     C      -      -      -      -      -      -    python         
    1    3194666     C     99    100      -      -      -      -    sglang::schedul
    1    3194501     C      -      -      -      -      -      -    python         
    1    3194666     C     99    100      -      -      -      -    sglang::schedul
    1    3194501     C      -      -      -      -      -      -    python         
    1    3194666     C     99    100      -      -      -      -    sglang::schedul
    1    3194501     C      -      -      -      -      -      -    python         
    1    3194666     C     99    100      -      -      -      -    sglang::schedul
# gpu         pid   type     sm    mem    enc    dec    jpg    ofa    command 
# Idx           #    C/G      %      %      %      %      %      %    name 
    1    3194501     C      -      -      -      -      -      -    python         
    1    3194666     C     99    100      -      -      -      -    sglang::schedul
    1    3194501     C      -      -      -      -      -      -    python         
    1    3194666     C     99    100      -      -      -      -    sglang::schedul
    1    3194501     C      -      -      -      -      -      -    python         
    1    3194666     C     99    100      -      -      -      -    sglang::schedul
    1    3194501     C      -      -      -      -      -      -    python         
    1    3194666     C     99    100      -      -      -      -    sglang::schedul
    1    3194501     C      -      -      -      -      -      -    python         
    1    3194666     C     99    100      -      -      -      -    sglang::schedul
    1    3194501     C      -      -      -      -      -      -    python         
    1    3194666     C     99    100      -      -      -      -    sglang::schedul
    1    3194501     C      -      -      -      -      -      -    python         
    1    3194666     C     99    100      -      -      -      -    sglang::schedul
    1    3194501     C      -      -      -      -      -      -    python         
    1    3194666     C     92     41      -      -      -      -    sglang::schedul
    1    3194501     C      -      -      -      -      -      -    python         
    1    3194666     C     98     26      -      -      -      -    sglang::schedul
    1    3194501     C      -      -      -      -      -      -    python         
    1    3194666     C     98     26      -      -      -      -    sglang::schedul
    1    3194501     C      -      -      -      -      -      -    python         
    1    3194666     C     98     26      -      -      -      -    sglang::schedul
    1    3194501     C      -      -      -      -      -      -    python         
    1    3194666     C     98     26      -      -      -      -    sglang::schedul
    1    3194501     C      -      -      -      -      -      -    python         
    1    3194666     C     98     26      -      -      -      -    sglang::schedul
    1    3194501     C      -      -      -      -      -      -    python         
    1    3194666     C     98     26      -      -      -      -    sglang::schedul
    1    3194501     C      -      -      -      -      -      -    python         
    1    3194666     C     99     30      -      -      -      -    sglang::schedul
    1    3194501     C      -      -      -      -      -      -    python         
    1    3194666     C     99     77      -      -      -      -    sglang::schedul
    1    3194501     C      -      -      -      -      -      -    python         
    1    3194666     C     99    100      -      -      -      -    sglang::schedul
    1    3194501     C      -      -      -      -      -      -    python         
    1    3194666     C     99    100      -      -      -      -    sglang::schedul
    1    3194501     C      -      -      -      -      -      -    python         
    1    3194666     C     99    100      -      -      -      -    sglang::schedul
    1    3194501     C      -      -      -      -      -      -    python         
    1    3194666     C     99    100      -      -      -      -    sglang::schedul
    1    3194501     C      -      -      -      -      -      -    python         
    1    3194666     C     99    100      -      -      -      -    sglang::schedul
    1    3194501     C      -      -      -      -      -      -    python         
    1    3194666     C     99    100      -      -      -      -    sglang::schedul
# gpu         pid   type     sm    mem    enc    dec    jpg    ofa    command 
# Idx           #    C/G      %      %      %      %      %      %    name 
    1    3194501     C      -      -      -      -      -      -    python         
    1    3194666     C     99    100      -      -      -      -    sglang::schedul
    1    3194501     C      -      -      -      -      -      -    python         
    1    3194666     C     99    100      -      -      -      -    sglang::schedul
    1    3194501     C      -      -      -      -      -      -    python         
    1    3194666     C     99    100      -      -      -      -    sglang::schedul
    1    3194501     C      -      -      -      -      -      -    python         
    1    3194666     C     99    100      -      -      -      -    sglang::schedul
    1    3194501     C      -      -      -      -      -      -    python         
    1    3194666     C     99    100      -      -      -      -    sglang::schedul
    1    3194501     C      -      -      -      -      -      -    python         
    1    3194666     C     99    100      -      -      -      -    sglang::schedul
    1    3194501     C      -      -      -      -      -      -    python         
    1    3194666     C     99    100      -      -      -      -    sglang::schedul
    1    3194501     C      -      -      -      -      -      -    python         
    1    3194666     C     99    100      -      -      -      -    sglang::schedul
    1    3194501     C      -      -      -      -      -      -    python         
    1    3194666     C     98    100      -      -      -      -    sglang::schedul
    1    3194501     C      -      -      -      -      -      -    python         
    1    3194666     C     98    100      -      -      -      -    sglang::schedul
    1    3194501     C      -      -      -      -      -      -    python         
    1    3194666     C     98    100      -      -      -      -    sglang::schedul
    1    3194501     C      -      -      -      -      -      -    python         
    1    3194666     C     98    100      -      -      -      -    sglang::schedul
    1    3194501     C      -      -      -      -      -      -    python         
    1    3194666     C     99    100      -      -      -      -    sglang::schedul
    1    3194501     C      -      -      -      -      -      -    python         
    1    3194666     C     99    100      -      -      -      -    sglang::schedul
    1    3194501     C      -      -      -      -      -      -    python         
    1    3194666     C     99    100      -      -      -      -    sglang::schedul
    1    3194501     C      -      -      -      -      -      -    python         
    1    3194666     C     99    100      -      -      -      -    sglang::schedul
    1    3194501     C      -      -      -      -      -      -    python         
    1    3194666     C     99    100      -      -      -      -    sglang::schedul
    1    3194501     C      -      -      -      -      -      -    python         
    1    3194666     C     99    100      -      -      -      -    sglang::schedul
    1    3194501     C      -      -      -      -      -      -    python         
    1    3194666     C     94     70      -      -      -      -    sglang::schedul
    1    3194501     C      -      -      -      -      -      -    python         
    1    3194666     C     95     29      -      -      -      -    sglang::schedul
    1    3194501     C      -      -      -      -      -      -    python         
    1    3194666     C     99     26      -      -      -      -    sglang::schedul
    1    3194501     C      -      -      -      -      -      -    python         
    1    3194666     C     99     26      -      -      -      -    sglang::schedul
# gpu         pid   type     sm    mem    enc    dec    jpg    ofa    command 
# Idx           #    C/G      %      %      %      %      %      %    name 
    1    3194501     C      -      -      -      -      -      -    python         
    1    3194666     C     99     26      -      -      -      -    sglang::schedul
    1    3194501     C      -      -      -      -      -      -    python         
    1    3194666     C     99     26      -      -      -      -    sglang::schedul
    1    3194501     C      -      -      -      -      -      -    python         
    1    3194666     C     99     26      -      -      -      -    sglang::schedul
    1    3194501     C      -      -      -      -      -      -    python         
    1    3194666     C     99     26      -      -      -      -    sglang::schedul
    1    3194501     C      -      -      -      -      -      -    python         
    1    3194666     C     99     87      -      -      -      -    sglang::schedul
    1    3194501     C      -      -      -      -      -      -    python         
    1    3194666     C     99    100      -      -      -      -    sglang::schedul
    1    3194501     C      -      -      -      -      -      -    python         
    1    3194666     C     98    100      -      -      -      -    sglang::schedul
    1    3194501     C      -      -      -      -      -      -    python         
    1    3194666     C     98    100      -      -      -      -    sglang::schedul
    1    3194501     C      -      -      -      -      -      -    python         
    1    3194666     C     99    100      -      -      -      -    sglang::schedul
    1    3194501     C      -      -      -      -      -      -    python         
    1    3194666     C     99    100      -      -      -      -    sglang::schedul
    1    3194501     C      -      -      -      -      -      -    python         
    1    3194666     C     99    100      -      -      -      -    sglang::schedul
    1    3194501     C      -      -      -      -      -      -    python         
    1    3194666     C     99    100      -      -      -      -    sglang::schedul
    1    3194501     C      -      -      -      -      -      -    python         
    1    3194666     C     99    100      -      -      -      -    sglang::schedul
    1    3194501     C      -      -      -      -      -      -    python         
    1    3194666     C     99    100      -      -      -      -    sglang::schedul
    1    3194501     C      -      -      -      -      -      -    python         
    1    3194666     C     99    100      -      -      -      -    sglang::schedul
    1    3194501     C      -      -      -      -      -      -    python         
    1    3194666     C     99    100      -      -      -      -    sglang::schedul
    1    3194501     C      -      -      -      -      -      -    python         
    1    3194666     C     99    100      -      -      -      -    sglang::schedul
    1    3194501     C      -      -      -      -      -      -    python         
    1    3194666     C     99    100      -      -      -      -    sglang::schedul
    1    3194501     C      -      -      -      -      -      -    python         
    1    3194666     C     99    100      -      -      -      -    sglang::schedul
    1    3194501     C      -      -      -      -      -      -    python         
    1    3194666     C     99    100      -      -      -      -    sglang::schedul
    1    3194501     C      -      -      -      -      -      -    python         
    1    3194666     C     99    100      -      -      -      -    sglang::schedul
    1    3194501     C      -      -      -      -      -      -    python         
    1    3194666     C     99    100      -      -      -      -    sglang::schedul
# gpu         pid   type     sm    mem    enc    dec    jpg    ofa    command 
# Idx           #    C/G      %      %      %      %      %      %    name 
    1    3194501     C      -      -      -      -      -      -    python         
    1    3194666     C     99    100      -      -      -      -    sglang::schedul
    1    3194501     C      -      -      -      -      -      -    python         
    1    3194666     C     99    100      -      -      -      -    sglang::schedul
    1    3194501     C      -      -      -      -      -      -    python         
    1    3194666     C     99    100      -      -      -      -    sglang::schedul
    1    3194501     C      -      -      -      -      -      -    python         
    1    3194666     C     98    100      -      -      -      -    sglang::schedul
    1    3194501     C      -      -      -      -      -      -    python         
    1    3194666     C     98    100      -      -      -      -    sglang::schedul
    1    3194501     C      -      -      -      -      -      -    python         
    1    3194666     C     98    100      -      -      -      -    sglang::schedul
    1    3194501     C      -      -      -      -      -      -    python         
    1    3194666     C     98    100      -      -      -      -    sglang::schedul
    1    3194501     C      -      -      -      -      -      -    python         
    1    3194666     C     93     59      -      -      -      -    sglang::schedul
    1    3194501     C      -      -      -      -      -      -    python         
    1    3194666     C     99     26      -      -      -      -    sglang::schedul
    1    3194501     C      -      -      -      -      -      -    python         
    1    3194666     C     99     26      -      -      -      -    sglang::schedul
    1    3194501     C      -      -      -      -      -      -    python         
    1    3194666     C     99     26      -      -      -      -    sglang::schedul
    1    3194501     C      -      -      -      -      -      -    python         
    1    3194666     C     99     26      -      -      -      -    sglang::schedul
    1    3194501     C      -      -      -      -      -      -    python         
    1    3194666     C     99     26      -      -      -      -    sglang::schedul
    1    3194501     C      -      -      -      -      -      -    python         
    1    3194666     C     99     26      -      -      -      -    sglang::schedul
    1    3194501     C      -      -      -      -      -      -    python         
    1    3194666     C     99     26      -      -      -      -    sglang::schedul
    1    3194501     C      -      -      -      -      -      -    python         
    1    3194666     C     99     64      -      -      -      -    sglang::schedul
    1    3194501     C      -      -      -      -      -      -    python         
    1    3194666     C     99    100      -      -      -      -    sglang::schedul
    1    3194501     C      -      -      -      -      -      -    python         
    1    3194666     C     99    100      -      -      -      -    sglang::schedul
    1    3194501     C      -      -      -      -      -      -    python         
    1    3194666     C     99    100      -      -      -      -    sglang::schedul
    1    3194501     C      -      -      -      -      -      -    python         
    1    3194666     C     99    100      -      -      -      -    sglang::schedul
    1    3194501     C      -      -      -      -      -      -    python         
    1    3194666     C     98    100      -      -      -      -    sglang::schedul
    1    3194501     C      -      -      -      -      -      -    python         
    1    3194666     C     98    100      -      -      -      -    sglang::schedul
# gpu         pid   type     sm    mem    enc    dec    jpg    ofa    command 
# Idx           #    C/G      %      %      %      %      %      %    name 
    1    3194501     C      -      -      -      -      -      -    python         
    1    3194666     C     98    100      -      -      -      -    sglang::schedul
    1    3194501     C      -      -      -      -      -      -    python         
    1    3194666     C     98    100      -      -      -      -    sglang::schedul
    1    3194501     C      -      -      -      -      -      -    python         
    1    3194666     C     98    100      -      -      -      -    sglang::schedul
    1    3194501     C      -      -      -      -      -      -    python         
    1    3194666     C     99    100      -      -      -      -    sglang::schedul
    1    3194501     C      -      -      -      -      -      -    python         
    1    3194666     C     99    100      -      -      -      -    sglang::schedul
    1    3194501     C      -      -      -      -      -      -    python         
    1    3194666     C     99    100      -      -      -      -    sglang::schedul
    1    3194501     C      -      -      -      -      -      -    python         
    1    3194666     C     99    100      -      -      -      -    sglang::schedul
    1    3194501     C      -      -      -      -      -      -    python         
    1    3194666     C     99    100      -      -      -      -    sglang::schedul
    1    3194501     C      -      -      -      -      -      -    python         
    1    3194666     C     99    100      -      -      -      -    sglang::schedul
    1    3194501     C      -      -      -      -      -      -    python         
    1    3194666     C     99    100      -      -      -      -    sglang::schedul
    1    3194501     C      -      -      -      -      -      -    python         
    1    3194666     C     99    100      -      -      -      -    sglang::schedul
    1    3194501     C      -      -      -      -      -      -    python         
    1    3194666     C     99    100      -      -      -      -    sglang::schedul
    1    3194501     C      -      -      -      -      -      -    python         
    1    3194666     C     99    100      -      -      -      -    sglang::schedul
    1    3194501     C      -      -      -      -      -      -    python         
    1    3194666     C     99    100      -      -      -      -    sglang::schedul
    1    3194501     C      -      -      -      -      -      -    python         
    1    3194666     C     99    100      -      -      -      -    sglang::schedul
    1    3194501     C      -      -      -      -      -      -    python         
    1    3194666     C     99    100      -      -      -      -    sglang::schedul
    1    3194501     C      -      -      -      -      -      -    python         
    1    3194666     C     99    100      -      -      -      -    sglang::schedul
    1    3194501     C      -      -      -      -      -      -    python         
    1    3194666     C     99    100      -      -      -      -    sglang::schedul
    1    3194501     C      -      -      -      -      -      -    python         
    1    3194666     C     91     68      -      -      -      -    sglang::schedul
    1    3194501     C      -      -      -      -      -      -    python         
    1    3194666     C     99     26      -      -      -      -    sglang::schedul
    1    3194501     C      -      -      -      -      -      -    python         
    1    3194666     C     99     25      -      -      -      -    sglang::schedul
    1    3194501     C      -      -      -      -      -      -    python         
    1    3194666     C     99     25      -      -      -      -    sglang::schedul
# gpu         pid   type     sm    mem    enc    dec    jpg    ofa    command 
# Idx           #    C/G      %      %      %      %      %      %    name 
    1    3194501     C      -      -      -      -      -      -    python         
    1    3194666     C     99     25      -      -      -      -    sglang::schedul
    1    3194501     C      -      -      -      -      -      -    python         
    1    3194666     C     99     25      -      -      -      -    sglang::schedul
    1    3194501     C      -      -      -      -      -      -    python         
    1    3194666     C     99     25      -      -      -      -    sglang::schedul
    1    3194501     C      -      -      -      -      -      -    python         
    1    3194666     C     99     26      -      -      -      -    sglang::schedul
    1    3194501     C      -      -      -      -      -      -    python         
    1    3194666     C     98     57      -      -      -      -    sglang::schedul
    1    3194501     C      -      -      -      -      -      -    python         
    1    3194666     C     98    100      -      -      -      -    sglang::schedul
    1    3194501     C      -      -      -      -      -      -    python         
    1    3194666     C     98    100      -      -      -      -    sglang::schedul
    1    3194501     C      -      -      -      -      -      -    python         
    1    3194666     C     98    100      -      -      -      -    sglang::schedul
    1    3194501     C      -      -      -      -      -      -    python         
    1    3194666     C     98    100      -      -      -      -    sglang::schedul
    1    3194501     C      -      -      -      -      -      -    python         
    1    3194666     C     98    100      -      -      -      -    sglang::schedul
    1    3194501     C      -      -      -      -      -      -    python         
    1    3194666     C     99    100      -      -      -      -    sglang::schedul
    1    3194501     C      -      -      -      -      -      -    python         
    1    3194666     C     99    100      -      -      -      -    sglang::schedul
    1    3194501     C      -      -      -      -      -      -    python         
    1    3194666     C     99    100      -      -      -      -    sglang::schedul
    1    3194501     C      -      -      -      -      -      -    python         
    1    3194666     C     99    100      -      -      -      -    sglang::schedul
    1    3194501     C      -      -      -      -      -      -    python         
    1    3194666     C     99    100      -      -      -      -    sglang::schedul
    1    3194501     C      -      -      -      -      -      -    python         
    1    3194666     C     99    100      -      -      -      -    sglang::schedul
    1    3194501     C      -      -      -      -      -      -    python         
    1    3194666     C     99    100      -      -      -      -    sglang::schedul
    1    3194501     C      -      -      -      -      -      -    python         
    1    3194666     C     99    100      -      -      -      -    sglang::schedul
    1    3194501     C      -      -      -      -      -      -    python         
    1    3194666     C     99    100      -      -      -      -    sglang::schedul
    1    3194501     C      -      -      -      -      -      -    python         
    1    3194666     C     99    100      -      -      -      -    sglang::schedul
    1    3194501     C      -      -      -      -      -      -    python         
    1    3194666     C     99    100      -      -      -      -    sglang::schedul
    1    3194501     C      -      -      -      -      -      -    python         
    1    3194666     C     99    100      -      -      -      -    sglang::schedul
# gpu         pid   type     sm    mem    enc    dec    jpg    ofa    command 
# Idx           #    C/G      %      %      %      %      %      %    name 
    1    3194501     C      -      -      -      -      -      -    python         
    1    3194666     C     99    100      -      -      -      -    sglang::schedul
    1    3194501     C      -      -      -      -      -      -    python         
    1    3194666     C     99    100      -      -      -      -    sglang::schedul
    1    3194501     C      -      -      -      -      -      -    python         
    1    3194666     C     99    100      -      -      -      -    sglang::schedul
    1    3194501     C      -      -      -      -      -      -    python         
    1    3194666     C     99    100      -      -      -      -    sglang::schedul
    1    3194501     C      -      -      -      -      -      -    python         
    1    3194666     C     98    100      -      -      -      -    sglang::schedul
    1    3194501     C      -      -      -      -      -      -    python         
    1    3194666     C     98    100      -      -      -      -    sglang::schedul
    1    3194501     C      -      -      -      -      -      -    python         
    1    3194666     C     98    100      -      -      -      -    sglang::schedul
    1    3194501     C      -      -      -      -      -      -    python         
    1    3194666     C     98    100      -      -      -      -    sglang::schedul
    1    3194501     C      -      -      -      -      -      -    python         
    1    3194666     C     45     46      -      -      -      -    sglang::schedul
    1    3194501     C      -      -      -      -      -      -    python         
    1    3194666     C      0      0      -      -      -      -    sglang::schedul
