========= COMPUTE-SANITIZER
========= Program hit CUDA_ERROR_INVALID_VALUE (error 1) due to "invalid argument" on CUDA API call to cuGetProcAddress_v2.
=========     Saved host backtrace up to driver entry point at error
=========         Host Frame:  [0x10a00] in driver.cpython-312-x86_64-linux-gnu.so
=========         Host Frame:  [0x25d04] in driver.cpython-312-x86_64-linux-gnu.so
=========         Host Frame:  [0x140c9] in cydriver.cpython-312-x86_64-linux-gnu.so
=========         Host Frame:  [0x370f56] in driver.cpython-312-x86_64-linux-gnu.so
=========         Host Frame: PyObject_Vectorcall [0x1499b4] in python
=========         Host Frame: _PyEval_EvalFrameDefault [0x1d710e] in python
=========         Host Frame: _PyObject_Call_Prepend [0x14a801] in python
=========         Host Frame:  [0x19e0fe] in python
=========         Host Frame:  [0x199bd2] in python
=========         Host Frame: _PyObject_MakeTpCall [0x148fb4] in python
=========         Host Frame: _PyEval_EvalFrameDefault [0x1d710e] in python
=========         Host Frame: PyEval_EvalCode [0x1d55ea] in python
=========         Host Frame:  [0x208851] in python
=========         Host Frame:  [0x2b50d2] in python
=========         Host Frame: _PyRun_SimpleFileObject [0x2b4e39] in python
=========         Host Frame: _PyRun_AnyFileObject [0x2b4c6e] in python
=========         Host Frame: Py_RunMain [0x2bccd4] in python
=========         Host Frame: Py_BytesMain [0x2bc7bc] in python
=========         Host Frame:  [0x2a1c9] in libc.so.6
=========         Host Frame: __libc_start_main [0x2a28a] in libc.so.6
=========         Host Frame: _start [0x257a04] in python
=========         Host Frame: __init__ in hardware_info.py:34
=========         Host Frame: build in native_tail_lifetime_debug.py:22
=========         Host Frame: <module> in native_tail_lifetime_debug.py:72
=========
========= Program hit CUDA_ERROR_INVALID_VALUE (error 1) due to "invalid argument" on CUDA API call to cuGetProcAddress_v2.
=========     Saved host backtrace up to driver entry point at error
=========         Host Frame:  [0x10a26] in driver.cpython-312-x86_64-linux-gnu.so
=========         Host Frame:  [0x25d04] in driver.cpython-312-x86_64-linux-gnu.so
=========         Host Frame:  [0x140c9] in cydriver.cpython-312-x86_64-linux-gnu.so
=========         Host Frame:  [0x370f56] in driver.cpython-312-x86_64-linux-gnu.so
=========         Host Frame: PyObject_Vectorcall [0x1499b4] in python
=========         Host Frame: _PyEval_EvalFrameDefault [0x1d710e] in python
=========         Host Frame: _PyObject_Call_Prepend [0x14a801] in python
=========         Host Frame:  [0x19e0fe] in python
=========         Host Frame:  [0x199bd2] in python
=========         Host Frame: _PyObject_MakeTpCall [0x148fb4] in python
=========         Host Frame: _PyEval_EvalFrameDefault [0x1d710e] in python
=========         Host Frame: PyEval_EvalCode [0x1d55ea] in python
=========         Host Frame:  [0x208851] in python
=========         Host Frame:  [0x2b50d2] in python
=========         Host Frame: _PyRun_SimpleFileObject [0x2b4e39] in python
=========         Host Frame: _PyRun_AnyFileObject [0x2b4c6e] in python
=========         Host Frame: Py_RunMain [0x2bccd4] in python
=========         Host Frame: Py_BytesMain [0x2bc7bc] in python
=========         Host Frame:  [0x2a1c9] in libc.so.6
=========         Host Frame: __libc_start_main [0x2a28a] in libc.so.6
=========         Host Frame: _start [0x257a04] in python
=========         Host Frame: __init__ in hardware_info.py:34
=========         Host Frame: build in native_tail_lifetime_debug.py:22
=========         Host Frame: <module> in native_tail_lifetime_debug.py:72
=========
========= Program hit CUDA_ERROR_INVALID_VALUE (error 1) due to "invalid argument" on CUDA API call to cuGetProcAddress_v2.
=========     Saved host backtrace up to driver entry point at error
=========         Host Frame:  [0x10a4c] in driver.cpython-312-x86_64-linux-gnu.so
=========         Host Frame:  [0x25d04] in driver.cpython-312-x86_64-linux-gnu.so
=========         Host Frame:  [0x140c9] in cydriver.cpython-312-x86_64-linux-gnu.so
=========         Host Frame:  [0x370f56] in driver.cpython-312-x86_64-linux-gnu.so
=========         Host Frame: PyObject_Vectorcall [0x1499b4] in python
=========         Host Frame: _PyEval_EvalFrameDefault [0x1d710e] in python
=========         Host Frame: _PyObject_Call_Prepend [0x14a801] in python
=========         Host Frame:  [0x19e0fe] in python
=========         Host Frame:  [0x199bd2] in python
=========         Host Frame: _PyObject_MakeTpCall [0x148fb4] in python
=========         Host Frame: _PyEval_EvalFrameDefault [0x1d710e] in python
=========         Host Frame: PyEval_EvalCode [0x1d55ea] in python
=========         Host Frame:  [0x208851] in python
=========         Host Frame:  [0x2b50d2] in python
=========         Host Frame: _PyRun_SimpleFileObject [0x2b4e39] in python
=========         Host Frame: _PyRun_AnyFileObject [0x2b4c6e] in python
=========         Host Frame: Py_RunMain [0x2bccd4] in python
=========         Host Frame: Py_BytesMain [0x2bc7bc] in python
=========         Host Frame:  [0x2a1c9] in libc.so.6
=========         Host Frame: __libc_start_main [0x2a28a] in libc.so.6
=========         Host Frame: _start [0x257a04] in python
=========         Host Frame: __init__ in hardware_info.py:34
=========         Host Frame: build in native_tail_lifetime_debug.py:22
=========         Host Frame: <module> in native_tail_lifetime_debug.py:72
=========
========= Program hit CUDA_ERROR_INVALID_VALUE (error 1) due to "invalid argument" on CUDA API call to cuGetProcAddress_v2.
=========     Saved host backtrace up to driver entry point at error
=========         Host Frame:  [0x10a72] in driver.cpython-312-x86_64-linux-gnu.so
=========         Host Frame:  [0x25d04] in driver.cpython-312-x86_64-linux-gnu.so
=========         Host Frame:  [0x140c9] in cydriver.cpython-312-x86_64-linux-gnu.so
=========         Host Frame:  [0x370f56] in driver.cpython-312-x86_64-linux-gnu.so
=========         Host Frame: PyObject_Vectorcall [0x1499b4] in python
=========         Host Frame: _PyEval_EvalFrameDefault [0x1d710e] in python
=========         Host Frame: _PyObject_Call_Prepend [0x14a801] in python
=========         Host Frame:  [0x19e0fe] in python
=========         Host Frame:  [0x199bd2] in python
=========         Host Frame: _PyObject_MakeTpCall [0x148fb4] in python
=========         Host Frame: _PyEval_EvalFrameDefault [0x1d710e] in python
=========         Host Frame: PyEval_EvalCode [0x1d55ea] in python
=========         Host Frame:  [0x208851] in python
=========         Host Frame:  [0x2b50d2] in python
=========         Host Frame: _PyRun_SimpleFileObject [0x2b4e39] in python
=========         Host Frame: _PyRun_AnyFileObject [0x2b4c6e] in python
=========         Host Frame: Py_RunMain [0x2bccd4] in python
=========         Host Frame: Py_BytesMain [0x2bc7bc] in python
=========         Host Frame:  [0x2a1c9] in libc.so.6
=========         Host Frame: __libc_start_main [0x2a28a] in libc.so.6
=========         Host Frame: _start [0x257a04] in python
=========         Host Frame: __init__ in hardware_info.py:34
=========         Host Frame: build in native_tail_lifetime_debug.py:22
=========         Host Frame: <module> in native_tail_lifetime_debug.py:72
=========
========= Program hit CUDA_ERROR_INVALID_VALUE (error 1) due to "invalid argument" on CUDA API call to cuGetProcAddress_v2.
=========     Saved host backtrace up to driver entry point at error
=========         Host Frame:  [0x10a98] in driver.cpython-312-x86_64-linux-gnu.so
=========         Host Frame:  [0x25d04] in driver.cpython-312-x86_64-linux-gnu.so
=========         Host Frame:  [0x140c9] in cydriver.cpython-312-x86_64-linux-gnu.so
=========         Host Frame:  [0x370f56] in driver.cpython-312-x86_64-linux-gnu.so
=========         Host Frame: PyObject_Vectorcall [0x1499b4] in python
=========         Host Frame: _PyEval_EvalFrameDefault [0x1d710e] in python
=========         Host Frame: _PyObject_Call_Prepend [0x14a801] in python
=========         Host Frame:  [0x19e0fe] in python
=========         Host Frame:  [0x199bd2] in python
=========         Host Frame: _PyObject_MakeTpCall [0x148fb4] in python
=========         Host Frame: _PyEval_EvalFrameDefault [0x1d710e] in python
=========         Host Frame: PyEval_EvalCode [0x1d55ea] in python
=========         Host Frame:  [0x208851] in python
=========         Host Frame:  [0x2b50d2] in python
=========         Host Frame: _PyRun_SimpleFileObject [0x2b4e39] in python
=========         Host Frame: _PyRun_AnyFileObject [0x2b4c6e] in python
=========         Host Frame: Py_RunMain [0x2bccd4] in python
=========         Host Frame: Py_BytesMain [0x2bc7bc] in python
=========         Host Frame:  [0x2a1c9] in libc.so.6
=========         Host Frame: __libc_start_main [0x2a28a] in libc.so.6
=========         Host Frame: _start [0x257a04] in python
=========         Host Frame: __init__ in hardware_info.py:34
=========         Host Frame: build in native_tail_lifetime_debug.py:22
=========         Host Frame: <module> in native_tail_lifetime_debug.py:72
=========
========= Program hit CUDA_ERROR_INVALID_VALUE (error 1) due to "invalid argument" on CUDA API call to cuGetProcAddress_v2.
=========     Saved host backtrace up to driver entry point at error
=========         Host Frame:  [0x10abe] in driver.cpython-312-x86_64-linux-gnu.so
=========         Host Frame:  [0x25d04] in driver.cpython-312-x86_64-linux-gnu.so
=========         Host Frame:  [0x140c9] in cydriver.cpython-312-x86_64-linux-gnu.so
=========         Host Frame:  [0x370f56] in driver.cpython-312-x86_64-linux-gnu.so
=========         Host Frame: PyObject_Vectorcall [0x1499b4] in python
=========         Host Frame: _PyEval_EvalFrameDefault [0x1d710e] in python
=========         Host Frame: _PyObject_Call_Prepend [0x14a801] in python
=========         Host Frame:  [0x19e0fe] in python
=========         Host Frame:  [0x199bd2] in python
=========         Host Frame: _PyObject_MakeTpCall [0x148fb4] in python
=========         Host Frame: _PyEval_EvalFrameDefault [0x1d710e] in python
=========         Host Frame: PyEval_EvalCode [0x1d55ea] in python
=========         Host Frame:  [0x208851] in python
=========         Host Frame:  [0x2b50d2] in python
=========         Host Frame: _PyRun_SimpleFileObject [0x2b4e39] in python
=========         Host Frame: _PyRun_AnyFileObject [0x2b4c6e] in python
=========         Host Frame: Py_RunMain [0x2bccd4] in python
=========         Host Frame: Py_BytesMain [0x2bc7bc] in python
=========         Host Frame:  [0x2a1c9] in libc.so.6
=========         Host Frame: __libc_start_main [0x2a28a] in libc.so.6
=========         Host Frame: _start [0x257a04] in python
=========         Host Frame: __init__ in hardware_info.py:34
=========         Host Frame: build in native_tail_lifetime_debug.py:22
=========         Host Frame: <module> in native_tail_lifetime_debug.py:72
=========
========= Program hit CUDA_ERROR_INVALID_VALUE (error 1) due to "invalid argument" on CUDA API call to cuGetProcAddress_v2.
=========     Saved host backtrace up to driver entry point at error
=========         Host Frame:  [0x10ae4] in driver.cpython-312-x86_64-linux-gnu.so
=========         Host Frame:  [0x25d04] in driver.cpython-312-x86_64-linux-gnu.so
=========         Host Frame:  [0x140c9] in cydriver.cpython-312-x86_64-linux-gnu.so
=========         Host Frame:  [0x370f56] in driver.cpython-312-x86_64-linux-gnu.so
=========         Host Frame: PyObject_Vectorcall [0x1499b4] in python
=========         Host Frame: _PyEval_EvalFrameDefault [0x1d710e] in python
=========         Host Frame: _PyObject_Call_Prepend [0x14a801] in python
=========         Host Frame:  [0x19e0fe] in python
=========         Host Frame:  [0x199bd2] in python
=========         Host Frame: _PyObject_MakeTpCall [0x148fb4] in python
=========         Host Frame: _PyEval_EvalFrameDefault [0x1d710e] in python
=========         Host Frame: PyEval_EvalCode [0x1d55ea] in python
=========         Host Frame:  [0x208851] in python
=========         Host Frame:  [0x2b50d2] in python
=========         Host Frame: _PyRun_SimpleFileObject [0x2b4e39] in python
=========         Host Frame: _PyRun_AnyFileObject [0x2b4c6e] in python
=========         Host Frame: Py_RunMain [0x2bccd4] in python
=========         Host Frame: Py_BytesMain [0x2bc7bc] in python
=========         Host Frame:  [0x2a1c9] in libc.so.6
=========         Host Frame: __libc_start_main [0x2a28a] in libc.so.6
=========         Host Frame: _start [0x257a04] in python
=========         Host Frame: __init__ in hardware_info.py:34
=========         Host Frame: build in native_tail_lifetime_debug.py:22
=========         Host Frame: <module> in native_tail_lifetime_debug.py:72
=========
========= Program hit CUDA_ERROR_INVALID_VALUE (error 1) due to "invalid argument" on CUDA API call to cuGetProcAddress_v2.
=========     Saved host backtrace up to driver entry point at error
=========         Host Frame:  [0x10b0a] in driver.cpython-312-x86_64-linux-gnu.so
=========         Host Frame:  [0x25d04] in driver.cpython-312-x86_64-linux-gnu.so
=========         Host Frame:  [0x140c9] in cydriver.cpython-312-x86_64-linux-gnu.so
=========         Host Frame:  [0x370f56] in driver.cpython-312-x86_64-linux-gnu.so
=========         Host Frame: PyObject_Vectorcall [0x1499b4] in python
=========         Host Frame: _PyEval_EvalFrameDefault [0x1d710e] in python
=========         Host Frame: _PyObject_Call_Prepend [0x14a801] in python
=========         Host Frame:  [0x19e0fe] in python
=========         Host Frame:  [0x199bd2] in python
=========         Host Frame: _PyObject_MakeTpCall [0x148fb4] in python
=========         Host Frame: _PyEval_EvalFrameDefault [0x1d710e] in python
=========         Host Frame: PyEval_EvalCode [0x1d55ea] in python
=========         Host Frame:  [0x208851] in python
=========         Host Frame:  [0x2b50d2] in python
=========         Host Frame: _PyRun_SimpleFileObject [0x2b4e39] in python
=========         Host Frame: _PyRun_AnyFileObject [0x2b4c6e] in python
=========         Host Frame: Py_RunMain [0x2bccd4] in python
=========         Host Frame: Py_BytesMain [0x2bc7bc] in python
=========         Host Frame:  [0x2a1c9] in libc.so.6
=========         Host Frame: __libc_start_main [0x2a28a] in libc.so.6
=========         Host Frame: _start [0x257a04] in python
=========         Host Frame: __init__ in hardware_info.py:34
=========         Host Frame: build in native_tail_lifetime_debug.py:22
=========         Host Frame: <module> in native_tail_lifetime_debug.py:72
=========
========= Program hit CUDA_ERROR_INVALID_VALUE (error 1) due to "invalid argument" on CUDA API call to cuGetProcAddress_v2.
=========     Saved host backtrace up to driver entry point at error
=========         Host Frame:  [0x10b30] in driver.cpython-312-x86_64-linux-gnu.so
=========         Host Frame:  [0x25d04] in driver.cpython-312-x86_64-linux-gnu.so
=========         Host Frame:  [0x140c9] in cydriver.cpython-312-x86_64-linux-gnu.so
=========         Host Frame:  [0x370f56] in driver.cpython-312-x86_64-linux-gnu.so
=========         Host Frame: PyObject_Vectorcall [0x1499b4] in python
=========         Host Frame: _PyEval_EvalFrameDefault [0x1d710e] in python
=========         Host Frame: _PyObject_Call_Prepend [0x14a801] in python
=========         Host Frame:  [0x19e0fe] in python
=========         Host Frame:  [0x199bd2] in python
=========         Host Frame: _PyObject_MakeTpCall [0x148fb4] in python
=========         Host Frame: _PyEval_EvalFrameDefault [0x1d710e] in python
=========         Host Frame: PyEval_EvalCode [0x1d55ea] in python
=========         Host Frame:  [0x208851] in python
=========         Host Frame:  [0x2b50d2] in python
=========         Host Frame: _PyRun_SimpleFileObject [0x2b4e39] in python
=========         Host Frame: _PyRun_AnyFileObject [0x2b4c6e] in python
=========         Host Frame: Py_RunMain [0x2bccd4] in python
=========         Host Frame: Py_BytesMain [0x2bc7bc] in python
=========         Host Frame:  [0x2a1c9] in libc.so.6
=========         Host Frame: __libc_start_main [0x2a28a] in libc.so.6
=========         Host Frame: _start [0x257a04] in python
=========         Host Frame: __init__ in hardware_info.py:34
=========         Host Frame: build in native_tail_lifetime_debug.py:22
=========         Host Frame: <module> in native_tail_lifetime_debug.py:72
=========
========= Program hit CUDA_ERROR_INVALID_VALUE (error 1) due to "invalid argument" on CUDA API call to cuGetProcAddress_v2.
=========     Saved host backtrace up to driver entry point at error
=========         Host Frame:  [0x10b56] in driver.cpython-312-x86_64-linux-gnu.so
=========         Host Frame:  [0x25d04] in driver.cpython-312-x86_64-linux-gnu.so
=========         Host Frame:  [0x140c9] in cydriver.cpython-312-x86_64-linux-gnu.so
=========         Host Frame:  [0x370f56] in driver.cpython-312-x86_64-linux-gnu.so
=========         Host Frame: PyObject_Vectorcall [0x1499b4] in python
=========         Host Frame: _PyEval_EvalFrameDefault [0x1d710e] in python
=========         Host Frame: _PyObject_Call_Prepend [0x14a801] in python
=========         Host Frame:  [0x19e0fe] in python
=========         Host Frame:  [0x199bd2] in python
=========         Host Frame: _PyObject_MakeTpCall [0x148fb4] in python
=========         Host Frame: _PyEval_EvalFrameDefault [0x1d710e] in python
=========         Host Frame: PyEval_EvalCode [0x1d55ea] in python
=========         Host Frame:  [0x208851] in python
=========         Host Frame:  [0x2b50d2] in python
=========         Host Frame: _PyRun_SimpleFileObject [0x2b4e39] in python
=========         Host Frame: _PyRun_AnyFileObject [0x2b4c6e] in python
=========         Host Frame: Py_RunMain [0x2bccd4] in python
=========         Host Frame: Py_BytesMain [0x2bc7bc] in python
=========         Host Frame:  [0x2a1c9] in libc.so.6
=========         Host Frame: __libc_start_main [0x2a28a] in libc.so.6
=========         Host Frame: _start [0x257a04] in python
=========         Host Frame: __init__ in hardware_info.py:34
=========         Host Frame: build in native_tail_lifetime_debug.py:22
=========         Host Frame: <module> in native_tail_lifetime_debug.py:72
=========
========= Program hit CUDA_ERROR_INVALID_VALUE (error 1) due to "invalid argument" on CUDA API call to cuGetProcAddress_v2.
=========     Saved host backtrace up to driver entry point at error
=========         Host Frame:  [0x10b7c] in driver.cpython-312-x86_64-linux-gnu.so
=========         Host Frame:  [0x25d04] in driver.cpython-312-x86_64-linux-gnu.so
=========         Host Frame:  [0x140c9] in cydriver.cpython-312-x86_64-linux-gnu.so
=========         Host Frame:  [0x370f56] in driver.cpython-312-x86_64-linux-gnu.so
=========         Host Frame: PyObject_Vectorcall [0x1499b4] in python
=========         Host Frame: _PyEval_EvalFrameDefault [0x1d710e] in python
=========         Host Frame: _PyObject_Call_Prepend [0x14a801] in python
=========         Host Frame:  [0x19e0fe] in python
=========         Host Frame:  [0x199bd2] in python
=========         Host Frame: _PyObject_MakeTpCall [0x148fb4] in python
=========         Host Frame: _PyEval_EvalFrameDefault [0x1d710e] in python
=========         Host Frame: PyEval_EvalCode [0x1d55ea] in python
=========         Host Frame:  [0x208851] in python
=========         Host Frame:  [0x2b50d2] in python
=========         Host Frame: _PyRun_SimpleFileObject [0x2b4e39] in python
=========         Host Frame: _PyRun_AnyFileObject [0x2b4c6e] in python
=========         Host Frame: Py_RunMain [0x2bccd4] in python
=========         Host Frame: Py_BytesMain [0x2bc7bc] in python
=========         Host Frame:  [0x2a1c9] in libc.so.6
=========         Host Frame: __libc_start_main [0x2a28a] in libc.so.6
=========         Host Frame: _start [0x257a04] in python
=========         Host Frame: __init__ in hardware_info.py:34
=========         Host Frame: build in native_tail_lifetime_debug.py:22
=========         Host Frame: <module> in native_tail_lifetime_debug.py:72
=========
========= Program hit CUDA_ERROR_INVALID_VALUE (error 1) due to "invalid argument" on CUDA API call to cuGetProcAddress_v2.
=========     Saved host backtrace up to driver entry point at error
=========         Host Frame:  [0x10ba2] in driver.cpython-312-x86_64-linux-gnu.so
=========         Host Frame:  [0x25d04] in driver.cpython-312-x86_64-linux-gnu.so
=========         Host Frame:  [0x140c9] in cydriver.cpython-312-x86_64-linux-gnu.so
=========         Host Frame:  [0x370f56] in driver.cpython-312-x86_64-linux-gnu.so
=========         Host Frame: PyObject_Vectorcall [0x1499b4] in python
=========         Host Frame: _PyEval_EvalFrameDefault [0x1d710e] in python
=========         Host Frame: _PyObject_Call_Prepend [0x14a801] in python
=========         Host Frame:  [0x19e0fe] in python
=========         Host Frame:  [0x199bd2] in python
=========         Host Frame: _PyObject_MakeTpCall [0x148fb4] in python
=========         Host Frame: _PyEval_EvalFrameDefault [0x1d710e] in python
=========         Host Frame: PyEval_EvalCode [0x1d55ea] in python
=========         Host Frame:  [0x208851] in python
=========         Host Frame:  [0x2b50d2] in python
=========         Host Frame: _PyRun_SimpleFileObject [0x2b4e39] in python
=========         Host Frame: _PyRun_AnyFileObject [0x2b4c6e] in python
=========         Host Frame: Py_RunMain [0x2bccd4] in python
=========         Host Frame: Py_BytesMain [0x2bc7bc] in python
=========         Host Frame:  [0x2a1c9] in libc.so.6
=========         Host Frame: __libc_start_main [0x2a28a] in libc.so.6
=========         Host Frame: _start [0x257a04] in python
=========         Host Frame: __init__ in hardware_info.py:34
=========         Host Frame: build in native_tail_lifetime_debug.py:22
=========         Host Frame: <module> in native_tail_lifetime_debug.py:72
=========
========= Program hit CUDA_ERROR_INVALID_VALUE (error 1) due to "invalid argument" on CUDA API call to cuGetProcAddress_v2.
=========     Saved host backtrace up to driver entry point at error
=========         Host Frame:  [0x10bc8] in driver.cpython-312-x86_64-linux-gnu.so
=========         Host Frame:  [0x25d04] in driver.cpython-312-x86_64-linux-gnu.so
=========         Host Frame:  [0x140c9] in cydriver.cpython-312-x86_64-linux-gnu.so
=========         Host Frame:  [0x370f56] in driver.cpython-312-x86_64-linux-gnu.so
=========         Host Frame: PyObject_Vectorcall [0x1499b4] in python
=========         Host Frame: _PyEval_EvalFrameDefault [0x1d710e] in python
=========         Host Frame: _PyObject_Call_Prepend [0x14a801] in python
=========         Host Frame:  [0x19e0fe] in python
=========         Host Frame:  [0x199bd2] in python
=========         Host Frame: _PyObject_MakeTpCall [0x148fb4] in python
=========         Host Frame: _PyEval_EvalFrameDefault [0x1d710e] in python
=========         Host Frame: PyEval_EvalCode [0x1d55ea] in python
=========         Host Frame:  [0x208851] in python
=========         Host Frame:  [0x2b50d2] in python
=========         Host Frame: _PyRun_SimpleFileObject [0x2b4e39] in python
=========         Host Frame: _PyRun_AnyFileObject [0x2b4c6e] in python
=========         Host Frame: Py_RunMain [0x2bccd4] in python
=========         Host Frame: Py_BytesMain [0x2bc7bc] in python
=========         Host Frame:  [0x2a1c9] in libc.so.6
=========         Host Frame: __libc_start_main [0x2a28a] in libc.so.6
=========         Host Frame: _start [0x257a04] in python
=========         Host Frame: __init__ in hardware_info.py:34
=========         Host Frame: build in native_tail_lifetime_debug.py:22
=========         Host Frame: <module> in native_tail_lifetime_debug.py:72
=========
========= Program hit CUDA_ERROR_INVALID_VALUE (error 1) due to "invalid argument" on CUDA API call to cuGetProcAddress_v2.
=========     Saved host backtrace up to driver entry point at error
=========         Host Frame:  [0x10bee] in driver.cpython-312-x86_64-linux-gnu.so
=========         Host Frame:  [0x25d04] in driver.cpython-312-x86_64-linux-gnu.so
=========         Host Frame:  [0x140c9] in cydriver.cpython-312-x86_64-linux-gnu.so
=========         Host Frame:  [0x370f56] in driver.cpython-312-x86_64-linux-gnu.so
=========         Host Frame: PyObject_Vectorcall [0x1499b4] in python
=========         Host Frame: _PyEval_EvalFrameDefault [0x1d710e] in python
=========         Host Frame: _PyObject_Call_Prepend [0x14a801] in python
=========         Host Frame:  [0x19e0fe] in python
=========         Host Frame:  [0x199bd2] in python
=========         Host Frame: _PyObject_MakeTpCall [0x148fb4] in python
=========         Host Frame: _PyEval_EvalFrameDefault [0x1d710e] in python
=========         Host Frame: PyEval_EvalCode [0x1d55ea] in python
=========         Host Frame:  [0x208851] in python
=========         Host Frame:  [0x2b50d2] in python
=========         Host Frame: _PyRun_SimpleFileObject [0x2b4e39] in python
=========         Host Frame: _PyRun_AnyFileObject [0x2b4c6e] in python
=========         Host Frame: Py_RunMain [0x2bccd4] in python
=========         Host Frame: Py_BytesMain [0x2bc7bc] in python
=========         Host Frame:  [0x2a1c9] in libc.so.6
=========         Host Frame: __libc_start_main [0x2a28a] in libc.so.6
=========         Host Frame: _start [0x257a04] in python
=========         Host Frame: __init__ in hardware_info.py:34
=========         Host Frame: build in native_tail_lifetime_debug.py:22
=========         Host Frame: <module> in native_tail_lifetime_debug.py:72
=========
========= Program hit CUDA_ERROR_INVALID_VALUE (error 1) due to "invalid argument" on CUDA API call to cuGetProcAddress_v2.
=========     Saved host backtrace up to driver entry point at error
=========         Host Frame:  [0x10c14] in driver.cpython-312-x86_64-linux-gnu.so
=========         Host Frame:  [0x25d04] in driver.cpython-312-x86_64-linux-gnu.so
=========         Host Frame:  [0x140c9] in cydriver.cpython-312-x86_64-linux-gnu.so
=========         Host Frame:  [0x370f56] in driver.cpython-312-x86_64-linux-gnu.so
=========         Host Frame: PyObject_Vectorcall [0x1499b4] in python
=========         Host Frame: _PyEval_EvalFrameDefault [0x1d710e] in python
=========         Host Frame: _PyObject_Call_Prepend [0x14a801] in python
=========         Host Frame:  [0x19e0fe] in python
=========         Host Frame:  [0x199bd2] in python
=========         Host Frame: _PyObject_MakeTpCall [0x148fb4] in python
=========         Host Frame: _PyEval_EvalFrameDefault [0x1d710e] in python
=========         Host Frame: PyEval_EvalCode [0x1d55ea] in python
=========         Host Frame:  [0x208851] in python
=========         Host Frame:  [0x2b50d2] in python
=========         Host Frame: _PyRun_SimpleFileObject [0x2b4e39] in python
=========         Host Frame: _PyRun_AnyFileObject [0x2b4c6e] in python
=========         Host Frame: Py_RunMain [0x2bccd4] in python
=========         Host Frame: Py_BytesMain [0x2bc7bc] in python
=========         Host Frame:  [0x2a1c9] in libc.so.6
=========         Host Frame: __libc_start_main [0x2a28a] in libc.so.6
=========         Host Frame: _start [0x257a04] in python
=========         Host Frame: __init__ in hardware_info.py:34
=========         Host Frame: build in native_tail_lifetime_debug.py:22
=========         Host Frame: <module> in native_tail_lifetime_debug.py:72
=========
========= Program hit CUDA_ERROR_INVALID_VALUE (error 1) due to "invalid argument" on CUDA API call to cuGetProcAddress_v2.
=========     Saved host backtrace up to driver entry point at error
=========         Host Frame:  [0x10c3a] in driver.cpython-312-x86_64-linux-gnu.so
=========         Host Frame:  [0x25d04] in driver.cpython-312-x86_64-linux-gnu.so
=========         Host Frame:  [0x140c9] in cydriver.cpython-312-x86_64-linux-gnu.so
=========         Host Frame:  [0x370f56] in driver.cpython-312-x86_64-linux-gnu.so
=========         Host Frame: PyObject_Vectorcall [0x1499b4] in python
=========         Host Frame: _PyEval_EvalFrameDefault [0x1d710e] in python
=========         Host Frame: _PyObject_Call_Prepend [0x14a801] in python
=========         Host Frame:  [0x19e0fe] in python
=========         Host Frame:  [0x199bd2] in python
=========         Host Frame: _PyObject_MakeTpCall [0x148fb4] in python
=========         Host Frame: _PyEval_EvalFrameDefault [0x1d710e] in python
=========         Host Frame: PyEval_EvalCode [0x1d55ea] in python
=========         Host Frame:  [0x208851] in python
=========         Host Frame:  [0x2b50d2] in python
=========         Host Frame: _PyRun_SimpleFileObject [0x2b4e39] in python
=========         Host Frame: _PyRun_AnyFileObject [0x2b4c6e] in python
=========         Host Frame: Py_RunMain [0x2bccd4] in python
=========         Host Frame: Py_BytesMain [0x2bc7bc] in python
=========         Host Frame:  [0x2a1c9] in libc.so.6
=========         Host Frame: __libc_start_main [0x2a28a] in libc.so.6
=========         Host Frame: _start [0x257a04] in python
=========         Host Frame: __init__ in hardware_info.py:34
=========         Host Frame: build in native_tail_lifetime_debug.py:22
=========         Host Frame: <module> in native_tail_lifetime_debug.py:72
=========
========= Program hit CUDA_ERROR_INVALID_VALUE (error 1) due to "invalid argument" on CUDA API call to cuGetProcAddress_v2.
=========     Saved host backtrace up to driver entry point at error
=========         Host Frame:  [0x10c60] in driver.cpython-312-x86_64-linux-gnu.so
=========         Host Frame:  [0x25d04] in driver.cpython-312-x86_64-linux-gnu.so
=========         Host Frame:  [0x140c9] in cydriver.cpython-312-x86_64-linux-gnu.so
=========         Host Frame:  [0x370f56] in driver.cpython-312-x86_64-linux-gnu.so
=========         Host Frame: PyObject_Vectorcall [0x1499b4] in python
=========         Host Frame: _PyEval_EvalFrameDefault [0x1d710e] in python
=========         Host Frame: _PyObject_Call_Prepend [0x14a801] in python
=========         Host Frame:  [0x19e0fe] in python
=========         Host Frame:  [0x199bd2] in python
=========         Host Frame: _PyObject_MakeTpCall [0x148fb4] in python
=========         Host Frame: _PyEval_EvalFrameDefault [0x1d710e] in python
=========         Host Frame: PyEval_EvalCode [0x1d55ea] in python
=========         Host Frame:  [0x208851] in python
=========         Host Frame:  [0x2b50d2] in python
=========         Host Frame: _PyRun_SimpleFileObject [0x2b4e39] in python
=========         Host Frame: _PyRun_AnyFileObject [0x2b4c6e] in python
=========         Host Frame: Py_RunMain [0x2bccd4] in python
=========         Host Frame: Py_BytesMain [0x2bc7bc] in python
=========         Host Frame:  [0x2a1c9] in libc.so.6
=========         Host Frame: __libc_start_main [0x2a28a] in libc.so.6
=========         Host Frame: _start [0x257a04] in python
=========         Host Frame: __init__ in hardware_info.py:34
=========         Host Frame: build in native_tail_lifetime_debug.py:22
=========         Host Frame: <module> in native_tail_lifetime_debug.py:72
=========
========= Program hit CUDA_ERROR_INVALID_VALUE (error 1) due to "invalid argument" on CUDA API call to cuGetProcAddress_v2.
=========     Saved host backtrace up to driver entry point at error
=========         Host Frame:  [0x10c86] in driver.cpython-312-x86_64-linux-gnu.so
=========         Host Frame:  [0x25d04] in driver.cpython-312-x86_64-linux-gnu.so
=========         Host Frame:  [0x140c9] in cydriver.cpython-312-x86_64-linux-gnu.so
=========         Host Frame:  [0x370f56] in driver.cpython-312-x86_64-linux-gnu.so
=========         Host Frame: PyObject_Vectorcall [0x1499b4] in python
=========         Host Frame: _PyEval_EvalFrameDefault [0x1d710e] in python
=========         Host Frame: _PyObject_Call_Prepend [0x14a801] in python
=========         Host Frame:  [0x19e0fe] in python
=========         Host Frame:  [0x199bd2] in python
=========         Host Frame: _PyObject_MakeTpCall [0x148fb4] in python
=========         Host Frame: _PyEval_EvalFrameDefault [0x1d710e] in python
=========         Host Frame: PyEval_EvalCode [0x1d55ea] in python
=========         Host Frame:  [0x208851] in python
=========         Host Frame:  [0x2b50d2] in python
=========         Host Frame: _PyRun_SimpleFileObject [0x2b4e39] in python
=========         Host Frame: _PyRun_AnyFileObject [0x2b4c6e] in python
=========         Host Frame: Py_RunMain [0x2bccd4] in python
=========         Host Frame: Py_BytesMain [0x2bc7bc] in python
=========         Host Frame:  [0x2a1c9] in libc.so.6
=========         Host Frame: __libc_start_main [0x2a28a] in libc.so.6
=========         Host Frame: _start [0x257a04] in python
=========         Host Frame: __init__ in hardware_info.py:34
=========         Host Frame: build in native_tail_lifetime_debug.py:22
=========         Host Frame: <module> in native_tail_lifetime_debug.py:72
=========
========= Program hit CUDA_ERROR_INVALID_VALUE (error 1) due to "invalid argument" on CUDA API call to cuGetProcAddress_v2.
=========     Saved host backtrace up to driver entry point at error
=========         Host Frame:  [0x10cac] in driver.cpython-312-x86_64-linux-gnu.so
=========         Host Frame:  [0x25d04] in driver.cpython-312-x86_64-linux-gnu.so
=========         Host Frame:  [0x140c9] in cydriver.cpython-312-x86_64-linux-gnu.so
=========         Host Frame:  [0x370f56] in driver.cpython-312-x86_64-linux-gnu.so
=========         Host Frame: PyObject_Vectorcall [0x1499b4] in python
=========         Host Frame: _PyEval_EvalFrameDefault [0x1d710e] in python
=========         Host Frame: _PyObject_Call_Prepend [0x14a801] in python
=========         Host Frame:  [0x19e0fe] in python
=========         Host Frame:  [0x199bd2] in python
=========         Host Frame: _PyObject_MakeTpCall [0x148fb4] in python
=========         Host Frame: _PyEval_EvalFrameDefault [0x1d710e] in python
=========         Host Frame: PyEval_EvalCode [0x1d55ea] in python
=========         Host Frame:  [0x208851] in python
=========         Host Frame:  [0x2b50d2] in python
=========         Host Frame: _PyRun_SimpleFileObject [0x2b4e39] in python
=========         Host Frame: _PyRun_AnyFileObject [0x2b4c6e] in python
=========         Host Frame: Py_RunMain [0x2bccd4] in python
=========         Host Frame: Py_BytesMain [0x2bc7bc] in python
=========         Host Frame:  [0x2a1c9] in libc.so.6
=========         Host Frame: __libc_start_main [0x2a28a] in libc.so.6
=========         Host Frame: _start [0x257a04] in python
=========         Host Frame: __init__ in hardware_info.py:34
=========         Host Frame: build in native_tail_lifetime_debug.py:22
=========         Host Frame: <module> in native_tail_lifetime_debug.py:72
=========
========= Program hit CUDA_ERROR_INVALID_VALUE (error 1) due to "invalid argument" on CUDA API call to cuGetProcAddress_v2.
=========     Saved host backtrace up to driver entry point at error
=========         Host Frame:  [0x10cd2] in driver.cpython-312-x86_64-linux-gnu.so
=========         Host Frame:  [0x25d04] in driver.cpython-312-x86_64-linux-gnu.so
=========         Host Frame:  [0x140c9] in cydriver.cpython-312-x86_64-linux-gnu.so
=========         Host Frame:  [0x370f56] in driver.cpython-312-x86_64-linux-gnu.so
=========         Host Frame: PyObject_Vectorcall [0x1499b4] in python
=========         Host Frame: _PyEval_EvalFrameDefault [0x1d710e] in python
=========         Host Frame: _PyObject_Call_Prepend [0x14a801] in python
=========         Host Frame:  [0x19e0fe] in python
=========         Host Frame:  [0x199bd2] in python
=========         Host Frame: _PyObject_MakeTpCall [0x148fb4] in python
=========         Host Frame: _PyEval_EvalFrameDefault [0x1d710e] in python
=========         Host Frame: PyEval_EvalCode [0x1d55ea] in python
=========         Host Frame:  [0x208851] in python
=========         Host Frame:  [0x2b50d2] in python
=========         Host Frame: _PyRun_SimpleFileObject [0x2b4e39] in python
=========         Host Frame: _PyRun_AnyFileObject [0x2b4c6e] in python
=========         Host Frame: Py_RunMain [0x2bccd4] in python
=========         Host Frame: Py_BytesMain [0x2bc7bc] in python
=========         Host Frame:  [0x2a1c9] in libc.so.6
=========         Host Frame: __libc_start_main [0x2a28a] in libc.so.6
=========         Host Frame: _start [0x257a04] in python
=========         Host Frame: __init__ in hardware_info.py:34
=========         Host Frame: build in native_tail_lifetime_debug.py:22
=========         Host Frame: <module> in native_tail_lifetime_debug.py:72
=========
========= Program hit CUDA_ERROR_INVALID_VALUE (error 1) due to "invalid argument" on CUDA API call to cuGetProcAddress_v2.
=========     Saved host backtrace up to driver entry point at error
=========         Host Frame:  [0x10cf8] in driver.cpython-312-x86_64-linux-gnu.so
=========         Host Frame:  [0x25d04] in driver.cpython-312-x86_64-linux-gnu.so
=========         Host Frame:  [0x140c9] in cydriver.cpython-312-x86_64-linux-gnu.so
=========         Host Frame:  [0x370f56] in driver.cpython-312-x86_64-linux-gnu.so
=========         Host Frame: PyObject_Vectorcall [0x1499b4] in python
=========         Host Frame: _PyEval_EvalFrameDefault [0x1d710e] in python
=========         Host Frame: _PyObject_Call_Prepend [0x14a801] in python
=========         Host Frame:  [0x19e0fe] in python
=========         Host Frame:  [0x199bd2] in python
=========         Host Frame: _PyObject_MakeTpCall [0x148fb4] in python
=========         Host Frame: _PyEval_EvalFrameDefault [0x1d710e] in python
=========         Host Frame: PyEval_EvalCode [0x1d55ea] in python
=========         Host Frame:  [0x208851] in python
=========         Host Frame:  [0x2b50d2] in python
=========         Host Frame: _PyRun_SimpleFileObject [0x2b4e39] in python
=========         Host Frame: _PyRun_AnyFileObject [0x2b4c6e] in python
=========         Host Frame: Py_RunMain [0x2bccd4] in python
=========         Host Frame: Py_BytesMain [0x2bc7bc] in python
=========         Host Frame:  [0x2a1c9] in libc.so.6
=========         Host Frame: __libc_start_main [0x2a28a] in libc.so.6
=========         Host Frame: _start [0x257a04] in python
=========         Host Frame: __init__ in hardware_info.py:34
=========         Host Frame: build in native_tail_lifetime_debug.py:22
=========         Host Frame: <module> in native_tail_lifetime_debug.py:72
=========
========= Program hit CUDA_ERROR_INVALID_VALUE (error 1) due to "invalid argument" on CUDA API call to cuGetProcAddress_v2.
=========     Saved host backtrace up to driver entry point at error
=========         Host Frame:  [0x10d1e] in driver.cpython-312-x86_64-linux-gnu.so
=========         Host Frame:  [0x25d04] in driver.cpython-312-x86_64-linux-gnu.so
=========         Host Frame:  [0x140c9] in cydriver.cpython-312-x86_64-linux-gnu.so
=========         Host Frame:  [0x370f56] in driver.cpython-312-x86_64-linux-gnu.so
=========         Host Frame: PyObject_Vectorcall [0x1499b4] in python
=========         Host Frame: _PyEval_EvalFrameDefault [0x1d710e] in python
=========         Host Frame: _PyObject_Call_Prepend [0x14a801] in python
=========         Host Frame:  [0x19e0fe] in python
=========         Host Frame:  [0x199bd2] in python
=========         Host Frame: _PyObject_MakeTpCall [0x148fb4] in python
=========         Host Frame: _PyEval_EvalFrameDefault [0x1d710e] in python
=========         Host Frame: PyEval_EvalCode [0x1d55ea] in python
=========         Host Frame:  [0x208851] in python
=========         Host Frame:  [0x2b50d2] in python
=========         Host Frame: _PyRun_SimpleFileObject [0x2b4e39] in python
=========         Host Frame: _PyRun_AnyFileObject [0x2b4c6e] in python
=========         Host Frame: Py_RunMain [0x2bccd4] in python
=========         Host Frame: Py_BytesMain [0x2bc7bc] in python
=========         Host Frame:  [0x2a1c9] in libc.so.6
=========         Host Frame: __libc_start_main [0x2a28a] in libc.so.6
=========         Host Frame: _start [0x257a04] in python
=========         Host Frame: __init__ in hardware_info.py:34
=========         Host Frame: build in native_tail_lifetime_debug.py:22
=========         Host Frame: <module> in native_tail_lifetime_debug.py:72
=========
========= Program hit CUDA_ERROR_INVALID_VALUE (error 1) due to "invalid argument" on CUDA API call to cuGetProcAddress_v2.
=========     Saved host backtrace up to driver entry point at error
=========         Host Frame:  [0x10d44] in driver.cpython-312-x86_64-linux-gnu.so
=========         Host Frame:  [0x25d04] in driver.cpython-312-x86_64-linux-gnu.so
=========         Host Frame:  [0x140c9] in cydriver.cpython-312-x86_64-linux-gnu.so
=========         Host Frame:  [0x370f56] in driver.cpython-312-x86_64-linux-gnu.so
=========         Host Frame: PyObject_Vectorcall [0x1499b4] in python
=========         Host Frame: _PyEval_EvalFrameDefault [0x1d710e] in python
=========         Host Frame: _PyObject_Call_Prepend [0x14a801] in python
=========         Host Frame:  [0x19e0fe] in python
=========         Host Frame:  [0x199bd2] in python
=========         Host Frame: _PyObject_MakeTpCall [0x148fb4] in python
=========         Host Frame: _PyEval_EvalFrameDefault [0x1d710e] in python
=========         Host Frame: PyEval_EvalCode [0x1d55ea] in python
=========         Host Frame:  [0x208851] in python
=========         Host Frame:  [0x2b50d2] in python
=========         Host Frame: _PyRun_SimpleFileObject [0x2b4e39] in python
=========         Host Frame: _PyRun_AnyFileObject [0x2b4c6e] in python
=========         Host Frame: Py_RunMain [0x2bccd4] in python
=========         Host Frame: Py_BytesMain [0x2bc7bc] in python
=========         Host Frame:  [0x2a1c9] in libc.so.6
=========         Host Frame: __libc_start_main [0x2a28a] in libc.so.6
=========         Host Frame: _start [0x257a04] in python
=========         Host Frame: __init__ in hardware_info.py:34
=========         Host Frame: build in native_tail_lifetime_debug.py:22
=========         Host Frame: <module> in native_tail_lifetime_debug.py:72
=========
========= Program hit CUDA_ERROR_INVALID_VALUE (error 1) due to "invalid argument" on CUDA API call to cuGetProcAddress_v2.
=========     Saved host backtrace up to driver entry point at error
=========         Host Frame:  [0x10d6a] in driver.cpython-312-x86_64-linux-gnu.so
=========         Host Frame:  [0x25d04] in driver.cpython-312-x86_64-linux-gnu.so
=========         Host Frame:  [0x140c9] in cydriver.cpython-312-x86_64-linux-gnu.so
=========         Host Frame:  [0x370f56] in driver.cpython-312-x86_64-linux-gnu.so
=========         Host Frame: PyObject_Vectorcall [0x1499b4] in python
=========         Host Frame: _PyEval_EvalFrameDefault [0x1d710e] in python
=========         Host Frame: _PyObject_Call_Prepend [0x14a801] in python
=========         Host Frame:  [0x19e0fe] in python
=========         Host Frame:  [0x199bd2] in python
=========         Host Frame: _PyObject_MakeTpCall [0x148fb4] in python
=========         Host Frame: _PyEval_EvalFrameDefault [0x1d710e] in python
=========         Host Frame: PyEval_EvalCode [0x1d55ea] in python
=========         Host Frame:  [0x208851] in python
=========         Host Frame:  [0x2b50d2] in python
=========         Host Frame: _PyRun_SimpleFileObject [0x2b4e39] in python
=========         Host Frame: _PyRun_AnyFileObject [0x2b4c6e] in python
=========         Host Frame: Py_RunMain [0x2bccd4] in python
=========         Host Frame: Py_BytesMain [0x2bc7bc] in python
=========         Host Frame:  [0x2a1c9] in libc.so.6
=========         Host Frame: __libc_start_main [0x2a28a] in libc.so.6
=========         Host Frame: _start [0x257a04] in python
=========         Host Frame: __init__ in hardware_info.py:34
=========         Host Frame: build in native_tail_lifetime_debug.py:22
=========         Host Frame: <module> in native_tail_lifetime_debug.py:72
=========
========= Program hit CUDA_ERROR_INVALID_VALUE (error 1) due to "invalid argument" on CUDA API call to cuGetProcAddress_v2.
=========     Saved host backtrace up to driver entry point at error
=========         Host Frame:  [0x10d90] in driver.cpython-312-x86_64-linux-gnu.so
=========         Host Frame:  [0x25d04] in driver.cpython-312-x86_64-linux-gnu.so
=========         Host Frame:  [0x140c9] in cydriver.cpython-312-x86_64-linux-gnu.so
=========         Host Frame:  [0x370f56] in driver.cpython-312-x86_64-linux-gnu.so
=========         Host Frame: PyObject_Vectorcall [0x1499b4] in python
=========         Host Frame: _PyEval_EvalFrameDefault [0x1d710e] in python
=========         Host Frame: _PyObject_Call_Prepend [0x14a801] in python
=========         Host Frame:  [0x19e0fe] in python
=========         Host Frame:  [0x199bd2] in python
=========         Host Frame: _PyObject_MakeTpCall [0x148fb4] in python
=========         Host Frame: _PyEval_EvalFrameDefault [0x1d710e] in python
=========         Host Frame: PyEval_EvalCode [0x1d55ea] in python
=========         Host Frame:  [0x208851] in python
=========         Host Frame:  [0x2b50d2] in python
=========         Host Frame: _PyRun_SimpleFileObject [0x2b4e39] in python
=========         Host Frame: _PyRun_AnyFileObject [0x2b4c6e] in python
=========         Host Frame: Py_RunMain [0x2bccd4] in python
=========         Host Frame: Py_BytesMain [0x2bc7bc] in python
=========         Host Frame:  [0x2a1c9] in libc.so.6
=========         Host Frame: __libc_start_main [0x2a28a] in libc.so.6
=========         Host Frame: _start [0x257a04] in python
=========         Host Frame: __init__ in hardware_info.py:34
=========         Host Frame: build in native_tail_lifetime_debug.py:22
=========         Host Frame: <module> in native_tail_lifetime_debug.py:72
=========
========= Program hit CUDA_ERROR_INVALID_VALUE (error 1) due to "invalid argument" on CUDA API call to cuGetProcAddress_v2.
=========     Saved host backtrace up to driver entry point at error
=========         Host Frame:  [0x10db6] in driver.cpython-312-x86_64-linux-gnu.so
=========         Host Frame:  [0x25d04] in driver.cpython-312-x86_64-linux-gnu.so
=========         Host Frame:  [0x140c9] in cydriver.cpython-312-x86_64-linux-gnu.so
=========         Host Frame:  [0x370f56] in driver.cpython-312-x86_64-linux-gnu.so
=========         Host Frame: PyObject_Vectorcall [0x1499b4] in python
=========         Host Frame: _PyEval_EvalFrameDefault [0x1d710e] in python
=========         Host Frame: _PyObject_Call_Prepend [0x14a801] in python
=========         Host Frame:  [0x19e0fe] in python
=========         Host Frame:  [0x199bd2] in python
=========         Host Frame: _PyObject_MakeTpCall [0x148fb4] in python
=========         Host Frame: _PyEval_EvalFrameDefault [0x1d710e] in python
=========         Host Frame: PyEval_EvalCode [0x1d55ea] in python
=========         Host Frame:  [0x208851] in python
=========         Host Frame:  [0x2b50d2] in python
=========         Host Frame: _PyRun_SimpleFileObject [0x2b4e39] in python
=========         Host Frame: _PyRun_AnyFileObject [0x2b4c6e] in python
=========         Host Frame: Py_RunMain [0x2bccd4] in python
=========         Host Frame: Py_BytesMain [0x2bc7bc] in python
=========         Host Frame:  [0x2a1c9] in libc.so.6
=========         Host Frame: __libc_start_main [0x2a28a] in libc.so.6
=========         Host Frame: _start [0x257a04] in python
=========         Host Frame: __init__ in hardware_info.py:34
=========         Host Frame: build in native_tail_lifetime_debug.py:22
=========         Host Frame: <module> in native_tail_lifetime_debug.py:72
=========
========= Program hit CUDA_ERROR_INVALID_VALUE (error 1) due to "invalid argument" on CUDA API call to cuGetProcAddress_v2.
=========     Saved host backtrace up to driver entry point at error
=========         Host Frame:  [0x10ddc] in driver.cpython-312-x86_64-linux-gnu.so
=========         Host Frame:  [0x25d04] in driver.cpython-312-x86_64-linux-gnu.so
=========         Host Frame:  [0x140c9] in cydriver.cpython-312-x86_64-linux-gnu.so
=========         Host Frame:  [0x370f56] in driver.cpython-312-x86_64-linux-gnu.so
=========         Host Frame: PyObject_Vectorcall [0x1499b4] in python
=========         Host Frame: _PyEval_EvalFrameDefault [0x1d710e] in python
=========         Host Frame: _PyObject_Call_Prepend [0x14a801] in python
=========         Host Frame:  [0x19e0fe] in python
=========         Host Frame:  [0x199bd2] in python
=========         Host Frame: _PyObject_MakeTpCall [0x148fb4] in python
=========         Host Frame: _PyEval_EvalFrameDefault [0x1d710e] in python
=========         Host Frame: PyEval_EvalCode [0x1d55ea] in python
=========         Host Frame:  [0x208851] in python
=========         Host Frame:  [0x2b50d2] in python
=========         Host Frame: _PyRun_SimpleFileObject [0x2b4e39] in python
=========         Host Frame: _PyRun_AnyFileObject [0x2b4c6e] in python
=========         Host Frame: Py_RunMain [0x2bccd4] in python
=========         Host Frame: Py_BytesMain [0x2bc7bc] in python
=========         Host Frame:  [0x2a1c9] in libc.so.6
=========         Host Frame: __libc_start_main [0x2a28a] in libc.so.6
=========         Host Frame: _start [0x257a04] in python
=========         Host Frame: __init__ in hardware_info.py:34
=========         Host Frame: build in native_tail_lifetime_debug.py:22
=========         Host Frame: <module> in native_tail_lifetime_debug.py:72
=========
========= Program hit CUDA_ERROR_INVALID_VALUE (error 1) due to "invalid argument" on CUDA API call to cuGetProcAddress_v2.
=========     Saved host backtrace up to driver entry point at error
=========         Host Frame:  [0x10e02] in driver.cpython-312-x86_64-linux-gnu.so
=========         Host Frame:  [0x25d04] in driver.cpython-312-x86_64-linux-gnu.so
=========         Host Frame:  [0x140c9] in cydriver.cpython-312-x86_64-linux-gnu.so
=========         Host Frame:  [0x370f56] in driver.cpython-312-x86_64-linux-gnu.so
=========         Host Frame: PyObject_Vectorcall [0x1499b4] in python
=========         Host Frame: _PyEval_EvalFrameDefault [0x1d710e] in python
=========         Host Frame: _PyObject_Call_Prepend [0x14a801] in python
=========         Host Frame:  [0x19e0fe] in python
=========         Host Frame:  [0x199bd2] in python
=========         Host Frame: _PyObject_MakeTpCall [0x148fb4] in python
=========         Host Frame: _PyEval_EvalFrameDefault [0x1d710e] in python
=========         Host Frame: PyEval_EvalCode [0x1d55ea] in python
=========         Host Frame:  [0x208851] in python
=========         Host Frame:  [0x2b50d2] in python
=========         Host Frame: _PyRun_SimpleFileObject [0x2b4e39] in python
=========         Host Frame: _PyRun_AnyFileObject [0x2b4c6e] in python
=========         Host Frame: Py_RunMain [0x2bccd4] in python
=========         Host Frame: Py_BytesMain [0x2bc7bc] in python
=========         Host Frame:  [0x2a1c9] in libc.so.6
=========         Host Frame: __libc_start_main [0x2a28a] in libc.so.6
=========         Host Frame: _start [0x257a04] in python
=========         Host Frame: __init__ in hardware_info.py:34
=========         Host Frame: build in native_tail_lifetime_debug.py:22
=========         Host Frame: <module> in native_tail_lifetime_debug.py:72
=========
========= Program hit CUDA_ERROR_INVALID_VALUE (error 1) due to "invalid argument" on CUDA API call to cuGetProcAddress_v2.
=========     Saved host backtrace up to driver entry point at error
=========         Host Frame:  [0x10e28] in driver.cpython-312-x86_64-linux-gnu.so
=========         Host Frame:  [0x25d04] in driver.cpython-312-x86_64-linux-gnu.so
=========         Host Frame:  [0x140c9] in cydriver.cpython-312-x86_64-linux-gnu.so
=========         Host Frame:  [0x370f56] in driver.cpython-312-x86_64-linux-gnu.so
=========         Host Frame: PyObject_Vectorcall [0x1499b4] in python
=========         Host Frame: _PyEval_EvalFrameDefault [0x1d710e] in python
=========         Host Frame: _PyObject_Call_Prepend [0x14a801] in python
=========         Host Frame:  [0x19e0fe] in python
=========         Host Frame:  [0x199bd2] in python
=========         Host Frame: _PyObject_MakeTpCall [0x148fb4] in python
=========         Host Frame: _PyEval_EvalFrameDefault [0x1d710e] in python
=========         Host Frame: PyEval_EvalCode [0x1d55ea] in python
=========         Host Frame:  [0x208851] in python
=========         Host Frame:  [0x2b50d2] in python
=========         Host Frame: _PyRun_SimpleFileObject [0x2b4e39] in python
=========         Host Frame: _PyRun_AnyFileObject [0x2b4c6e] in python
=========         Host Frame: Py_RunMain [0x2bccd4] in python
=========         Host Frame: Py_BytesMain [0x2bc7bc] in python
=========         Host Frame:  [0x2a1c9] in libc.so.6
=========         Host Frame: __libc_start_main [0x2a28a] in libc.so.6
=========         Host Frame: _start [0x257a04] in python
=========         Host Frame: __init__ in hardware_info.py:34
=========         Host Frame: build in native_tail_lifetime_debug.py:22
=========         Host Frame: <module> in native_tail_lifetime_debug.py:72
=========
========= Program hit CUDA_ERROR_INVALID_VALUE (error 1) due to "invalid argument" on CUDA API call to cuGetProcAddress_v2.
=========     Saved host backtrace up to driver entry point at error
=========         Host Frame:  [0x10e4e] in driver.cpython-312-x86_64-linux-gnu.so
=========         Host Frame:  [0x25d04] in driver.cpython-312-x86_64-linux-gnu.so
=========         Host Frame:  [0x140c9] in cydriver.cpython-312-x86_64-linux-gnu.so
=========         Host Frame:  [0x370f56] in driver.cpython-312-x86_64-linux-gnu.so
=========         Host Frame: PyObject_Vectorcall [0x1499b4] in python
=========         Host Frame: _PyEval_EvalFrameDefault [0x1d710e] in python
=========         Host Frame: _PyObject_Call_Prepend [0x14a801] in python
=========         Host Frame:  [0x19e0fe] in python
=========         Host Frame:  [0x199bd2] in python
=========         Host Frame: _PyObject_MakeTpCall [0x148fb4] in python
=========         Host Frame: _PyEval_EvalFrameDefault [0x1d710e] in python
=========         Host Frame: PyEval_EvalCode [0x1d55ea] in python
=========         Host Frame:  [0x208851] in python
=========         Host Frame:  [0x2b50d2] in python
=========         Host Frame: _PyRun_SimpleFileObject [0x2b4e39] in python
=========         Host Frame: _PyRun_AnyFileObject [0x2b4c6e] in python
=========         Host Frame: Py_RunMain [0x2bccd4] in python
=========         Host Frame: Py_BytesMain [0x2bc7bc] in python
=========         Host Frame:  [0x2a1c9] in libc.so.6
=========         Host Frame: __libc_start_main [0x2a28a] in libc.so.6
=========         Host Frame: _start [0x257a04] in python
=========         Host Frame: __init__ in hardware_info.py:34
=========         Host Frame: build in native_tail_lifetime_debug.py:22
=========         Host Frame: <module> in native_tail_lifetime_debug.py:72
=========
========= Program hit CUDA_ERROR_INVALID_VALUE (error 1) due to "invalid argument" on CUDA API call to cuGetProcAddress_v2.
=========     Saved host backtrace up to driver entry point at error
=========         Host Frame:  [0x10e74] in driver.cpython-312-x86_64-linux-gnu.so
=========         Host Frame:  [0x25d04] in driver.cpython-312-x86_64-linux-gnu.so
=========         Host Frame:  [0x140c9] in cydriver.cpython-312-x86_64-linux-gnu.so
=========         Host Frame:  [0x370f56] in driver.cpython-312-x86_64-linux-gnu.so
=========         Host Frame: PyObject_Vectorcall [0x1499b4] in python
=========         Host Frame: _PyEval_EvalFrameDefault [0x1d710e] in python
=========         Host Frame: _PyObject_Call_Prepend [0x14a801] in python
=========         Host Frame:  [0x19e0fe] in python
=========         Host Frame:  [0x199bd2] in python
=========         Host Frame: _PyObject_MakeTpCall [0x148fb4] in python
=========         Host Frame: _PyEval_EvalFrameDefault [0x1d710e] in python
=========         Host Frame: PyEval_EvalCode [0x1d55ea] in python
=========         Host Frame:  [0x208851] in python
=========         Host Frame:  [0x2b50d2] in python
=========         Host Frame: _PyRun_SimpleFileObject [0x2b4e39] in python
=========         Host Frame: _PyRun_AnyFileObject [0x2b4c6e] in python
=========         Host Frame: Py_RunMain [0x2bccd4] in python
=========         Host Frame: Py_BytesMain [0x2bc7bc] in python
=========         Host Frame:  [0x2a1c9] in libc.so.6
=========         Host Frame: __libc_start_main [0x2a28a] in libc.so.6
=========         Host Frame: _start [0x257a04] in python
=========         Host Frame: __init__ in hardware_info.py:34
=========         Host Frame: build in native_tail_lifetime_debug.py:22
=========         Host Frame: <module> in native_tail_lifetime_debug.py:72
=========
========= Program hit CUDA_ERROR_INVALID_VALUE (error 1) due to "invalid argument" on CUDA API call to cuGetProcAddress_v2.
=========     Saved host backtrace up to driver entry point at error
=========         Host Frame:  [0x10e9a] in driver.cpython-312-x86_64-linux-gnu.so
=========         Host Frame:  [0x25d04] in driver.cpython-312-x86_64-linux-gnu.so
=========         Host Frame:  [0x140c9] in cydriver.cpython-312-x86_64-linux-gnu.so
=========         Host Frame:  [0x370f56] in driver.cpython-312-x86_64-linux-gnu.so
=========         Host Frame: PyObject_Vectorcall [0x1499b4] in python
=========         Host Frame: _PyEval_EvalFrameDefault [0x1d710e] in python
=========         Host Frame: _PyObject_Call_Prepend [0x14a801] in python
=========         Host Frame:  [0x19e0fe] in python
=========         Host Frame:  [0x199bd2] in python
=========         Host Frame: _PyObject_MakeTpCall [0x148fb4] in python
=========         Host Frame: _PyEval_EvalFrameDefault [0x1d710e] in python
=========         Host Frame: PyEval_EvalCode [0x1d55ea] in python
=========         Host Frame:  [0x208851] in python
=========         Host Frame:  [0x2b50d2] in python
=========         Host Frame: _PyRun_SimpleFileObject [0x2b4e39] in python
=========         Host Frame: _PyRun_AnyFileObject [0x2b4c6e] in python
=========         Host Frame: Py_RunMain [0x2bccd4] in python
=========         Host Frame: Py_BytesMain [0x2bc7bc] in python
=========         Host Frame:  [0x2a1c9] in libc.so.6
=========         Host Frame: __libc_start_main [0x2a28a] in libc.so.6
=========         Host Frame: _start [0x257a04] in python
=========         Host Frame: __init__ in hardware_info.py:34
=========         Host Frame: build in native_tail_lifetime_debug.py:22
=========         Host Frame: <module> in native_tail_lifetime_debug.py:72
=========
TAIL_CANARY_PASS 16331
PRODUCTION_DISPATCH [[16331, 2560]] 0fa01b10b34bec46f4cca14b6dfb96fa67a07d94e68c1d08035b8c851740f431
TAIL_CANARY_PASS 16384
PRODUCTION_DISPATCH [[16384, 2560]] 0fa01b10b34bec46f4cca14b6dfb96fa67a07d94e68c1d08035b8c851740f431
BEFORE_REPLAY (16331, 'candidate')
AFTER_REPLAY (16331, 'candidate')
BEFORE_REPLAY (16331, 'production')
AFTER_REPLAY (16331, 'production')
BEFORE_REPLAY (16384, 'candidate')
AFTER_REPLAY (16384, 'candidate')
BEFORE_REPLAY (16384, 'production')
AFTER_REPLAY (16384, 'production')
POST_REPLAY_CORRECT_CANARIES 16331
POST_REPLAY_CORRECT_CANARIES 16384
DIAGNOSTIC_PASS
========= ERROR SUMMARY: 32 errors
