[2026-10-07 19:34:45 TP0] Init parallel begin.
[2026-10-07 19:34:45 TP0] Init parallel ends. elapsed=0.29 s
[2026-10-07 19:34:45 TP0] Memory baseline taken. mem usage=0.00 GB
/root/qvl/venv-sgl/lib/python3.12/site-packages/torch/jit/_script.py:1491: FutureWarning: `torch.jit.script` is deprecated. Please switch to `torch.compile` or `torch.export`.
  warnings.warn(
/root/qvl/venv-sgl/lib/python3.12/site-packages/torch/jit/_script.py:1643: FutureWarning: `torch.jit.interface` is deprecated. Please use `torch.compile` instead.
  warnings.warn(
/root/qvl/venv-sgl/lib/python3.12/site-packages/torch/jit/_script.py:1491: FutureWarning: `torch.jit.script` is deprecated. Please switch to `torch.compile` or `torch.export`.
  warnings.warn(
[2026-10-07 19:34:47 TP0] Load weight begin. avail mem=266.92 GB
[2026-10-07 19:34:47 TP0] Multimodal attention backend not set. Use fa4.
[2026-10-07 19:34:47 TP0] Using fa4 as multimodal attention backend.
Multi-thread loading shards:   0% Completed | 0/2 [00:00<?, ?it/s]Multi-thread loading shards:  50% Completed | 1/2 [00:01<00:01,  1.18s/it]Multi-thread loading shards: 100% Completed | 2/2 [00:01<00:00,  1.05it/s]Multi-thread loading shards: 100% Completed | 2/2 [00:01<00:00,  1.01it/s]
[2026-10-07 19:34:49 TP0] Load weight end. elapsed=2.65 s, type=Qwen3VLForConditionalGeneration, avail mem=258.39 GB, mem usage=8.53 GB.
[2026-10-07 19:34:50 TP0] Reserving 0.10 GB of the KV budget for post-sizing multimodal allocations (feature-transport pools + embedding cache).
[2026-10-07 19:34:50 TP0] KV Cache is allocated. dtype: torch.bfloat16, #tokens: 1613440, K size: 110.79 GB, V size: 110.79 GB
[2026-10-07 19:34:50 TP0] Memory pool end. avail mem=33.65 GB
[2026-10-07 19:34:50 TP0] Disable prefill CUDA graph because cuda_graph_config resolved prefill.backend='disabled' (e.g. via --cuda-graph-backend-prefill=disabled or auto-disable rules).
[2026-10-07 19:34:50 TP0] Capture target decode CUDA graph begin. backend=full, num_tokens_per_req=1, bs=[1, 2], avail mem=32.47 GB
  0%|          | 0/2 [00:00<?, ?it/s]Capturing batches (bs=2 avail_mem=32.47 GB):   0%|          | 0/2 [00:00<?, ?it/s]Capturing batches (bs=2 avail_mem=32.47 GB):  50%|█████     | 1/2 [00:03<00:03,  3.18s/it]Capturing batches (bs=1 avail_mem=32.50 GB):  50%|█████     | 1/2 [00:03<00:03,  3.18s/it]Capturing batches (bs=1 avail_mem=32.50 GB): 100%|██████████| 2/2 [00:03<00:00,  1.41s/it]Capturing batches (bs=1 avail_mem=32.50 GB): 100%|██████████| 2/2 [00:03<00:00,  1.68s/it]
[2026-10-07 19:34:54 TP0] Capture target decode CUDA graph end. elapsed=4.01 s, mem usage=-0.03 GB, avail mem=32.50 GB.
max_total_num_tokens=1613440
Warmup ...
Prefill. latency: 10.98864 s, throughput:    745.50 token/s
Decode 0. Batch size: 1, latency: 0.01784 s, throughput:     56.04 token/s
Decode.  median latency: 0.01784 s, median throughput:     56.04 token/s
Total. latency: 11.006 s, throughput:    744.47 token/s
Benchmark ...
Prefill. latency: 0.05978 s, throughput: 137043.80 token/s
Decode 0. Batch size: 1, latency: 0.00386 s, throughput:    259.04 token/s
Decode.  median latency: 0.00386 s, median throughput:    259.04 token/s
Total. latency:  0.064 s, throughput: 128761.76 token/s
Prefill. latency: 0.06730 s, throughput: 121719.84 token/s
Decode 0. Batch size: 1, latency: 0.00376 s, throughput:    266.24 token/s
Decode.  median latency: 0.00376 s, median throughput:    266.24 token/s
Total. latency:  0.071 s, throughput: 115314.10 token/s
Prefill. latency: 0.06604 s, throughput: 124044.69 token/s
Decode 0. Batch size: 1, latency: 0.00385 s, throughput:    259.50 token/s
Decode.  median latency: 0.00385 s, median throughput:    259.50 token/s
Total. latency:  0.070 s, throughput: 117234.09 token/s
Prefill. latency: 0.12742 s, throughput: 128585.44 token/s
Decode 0. Batch size: 2, latency: 0.00830 s, throughput:    240.87 token/s
Decode.  median latency: 0.00830 s, median throughput:    240.87 token/s
Total. latency:  0.136 s, throughput: 120748.18 token/s
Prefill. latency: 0.12976 s, throughput: 126261.65 token/s
Decode 0. Batch size: 2, latency: 0.00397 s, throughput:    503.58 token/s
Decode.  median latency: 0.00397 s, median throughput:    503.58 token/s
Total. latency:  0.134 s, throughput: 122541.87 token/s
Prefill. latency: 0.13004 s, throughput: 125989.40 token/s
Decode 0. Batch size: 2, latency: 0.00396 s, throughput:    504.98 token/s
Decode.  median latency: 0.00396 s, median throughput:    504.98 token/s
Total. latency:  0.134 s, throughput: 122295.54 token/s
