........................................................................ [ 12%]
........................................................................ [ 25%]
........................................................................ [ 38%]
........................................................................ [ 51%]
........................................................................ [ 64%]
........................................................................ [ 77%]
........................................................................ [ 90%]
........................................................                 [100%]
=============================== warnings summary ===============================
qvl/test-deps/_pytest/config/__init__.py:1464
  /root/qvl/test-deps/_pytest/config/__init__.py:1464: PytestConfigWarning: Unknown config option: asyncio_mode

    self._warn_or_fail_if_strict(f"Unknown config option: {key}\n")

registered/kernels/ops/layernorm/test_qknorm.py::test_qknorm[1-2-8-64]
  /root/qvl/venv-sgl/lib/python3.12/site-packages/flashinfer/fused_moe/cute_dsl/blackwell/blockscaled_contiguous_gather_grouped_gemm_act_fusion.py:3446: DeprecationWarning: cutlass.utils.LayoutEnum is deprecated; use cutlass.tensor_utils.LayoutEnum instead. It will be removed in a future release.
    c_layout: utils.LayoutEnum,

registered/kernels/ops/layernorm/test_qknorm.py::test_qknorm[1-2-8-64]
  /root/qvl/venv-sgl/lib/python3.12/site-packages/flashinfer/fused_moe/cute_dsl/blackwell/moe_w4a16_kernel.py:2326: DeprecationWarning: cutlass.utils.LayoutEnum is deprecated; use cutlass.tensor_utils.LayoutEnum instead. It will be removed in a future release.
    c_layout: utils.LayoutEnum,

registered/kernels/ops/layernorm/test_qknorm.py::test_qknorm[1-2-8-64]
  /root/qvl/venv-sgl/lib/python3.12/site-packages/flashinfer/fused_moe/cute_dsl/hopper/utils.py:29: DeprecationWarning: cutlass.utils.LayoutEnum is deprecated; use cutlass.tensor_utils.LayoutEnum instead. It will be removed in a future release.
    a_layout: utils.LayoutEnum,

registered/kernels/ops/layernorm/test_qknorm.py::test_qknorm[1-2-8-64]
  /root/qvl/venv-sgl/lib/python3.12/site-packages/flashinfer/fused_moe/cute_dsl/hopper/utils.py:31: DeprecationWarning: cutlass.utils.LayoutEnum is deprecated; use cutlass.tensor_utils.LayoutEnum instead. It will be removed in a future release.
    b_layout: utils.LayoutEnum,

registered/kernels/ops/layernorm/test_qknorm.py::test_qknorm[1-2-8-64]
  /root/qvl/venv-sgl/lib/python3.12/site-packages/flashinfer/fused_moe/cute_dsl/hopper/utils.py:34: DeprecationWarning: cutlass.utils.LayoutEnum is deprecated; use cutlass.tensor_utils.LayoutEnum instead. It will be removed in a future release.
    c_layout: utils.LayoutEnum,

registered/kernels/ops/layernorm/test_qknorm.py::test_qknorm[1-2-8-64]
  /root/qvl/venv-sgl/lib/python3.12/site-packages/flashinfer/fused_moe/cute_dsl/hopper/contiguous_grouped_gemm_finalize_fusion.py:903: DeprecationWarning: cutlass.utils.LayoutEnum is deprecated; use cutlass.tensor_utils.LayoutEnum instead. It will be removed in a future release.
    a_layout: utils.LayoutEnum,

registered/kernels/ops/layernorm/test_qknorm.py::test_qknorm[1-2-8-64]
  /root/qvl/venv-sgl/lib/python3.12/site-packages/flashinfer/fused_moe/cute_dsl/hopper/contiguous_grouped_gemm_finalize_fusion.py:905: DeprecationWarning: cutlass.utils.LayoutEnum is deprecated; use cutlass.tensor_utils.LayoutEnum instead. It will be removed in a future release.
    b_layout: utils.LayoutEnum,

registered/kernels/ops/layernorm/test_qknorm.py::test_qknorm[1-2-8-64]
  /root/qvl/venv-sgl/lib/python3.12/site-packages/flashinfer/gemm/kernels/grouped_gemm_masked_blackwell.py:427: DeprecationWarning: cutlass.utils.LayoutEnum is deprecated; use cutlass.tensor_utils.LayoutEnum instead. It will be removed in a future release.
    epi_layout: utils.LayoutEnum,

registered/kernels/ops/layernorm/test_qknorm.py::test_qknorm[1-2-8-64]
  /root/qvl/venv-sgl/lib/python3.12/site-packages/flashinfer/gemm/kernels/grouped_gemm_masked_blackwell.py:2391: DeprecationWarning: cutlass.utils.LayoutEnum is deprecated; use cutlass.tensor_utils.LayoutEnum instead. It will be removed in a future release.
    c_layout: utils.LayoutEnum,

registered/kernels/ops/layernorm/test_qknorm.py::test_qknorm[1-2-8-64]
  /root/qvl/venv-sgl/lib/python3.12/site-packages/flashinfer/gemm/kernels/cute_dsl/low_latency_blockscaled_gemm.py:102: DeprecationWarning: cutlass.utils.smem_allocator.get_smem_capacity_in_bytes is deprecated; use cutlass.memory.get_smem_capacity_in_bytes instead. It will be removed in a future release.
    _SMEM_CAPACITY_BYTES = cutlass.utils.get_smem_capacity_in_bytes("sm_100")

registered/kernels/ops/layernorm/test_qknorm.py::test_qknorm[1-2-8-64]
  /root/qvl/venv-sgl/lib/python3.12/site-packages/flashinfer/gemm/kernels/grouped_gemm_masked_rubin.py:215: DeprecationWarning: cutlass.utils.LayoutEnum is deprecated; use cutlass.tensor_utils.LayoutEnum instead. It will be removed in a future release.
    c_layout: utils.LayoutEnum,

registered/kernels/ops/layernorm/test_qknorm.py::test_qknorm[1-2-8-64]
registered/kernels/ops/layernorm/test_qknorm.py::test_qknorm[1-2-8-64]
  /root/qvl/venv-sgl/lib/python3.12/site-packages/flashinfer/gdn_kernels/blackwell/gated_delta_net_chunked.py:95: DeprecationWarning: cutlass.utils.TensorMapUpdateMode is deprecated; use cutlass.tensor_utils.TensorMapUpdateMode instead. It will be removed in a future release.
    from cutlass.utils import TensorMapManager, TensorMapUpdateMode

registered/kernels/ops/layernorm/test_qknorm.py::test_qknorm[1-2-8-64]
  /root/qvl/venv-sgl/lib/python3.12/site-packages/flashinfer/gdn_kernels/delta_rule_dsl/collective_store_tma.py:6: DeprecationWarning: cutlass.utils.tensormap_manager.TensorMapUpdateMode is deprecated; use cutlass.tensor_utils.TensorMapUpdateMode instead. It will be removed in a future release.
    from cutlass.utils.tensormap_manager import TensorMapManager, TensorMapUpdateMode

registered/kernels/ops/layernorm/test_qknorm.py::test_qknorm[1-2-8-64]
registered/kernels/ops/layernorm/test_qknorm.py::test_qknorm[1-2-8-64]
  /root/qvl/venv-sgl/lib/python3.12/site-packages/flashinfer/gdn_kernels/blackwell/gated_delta_net_cp_prefill.py:55: DeprecationWarning: cutlass.utils.TensorMapUpdateMode is deprecated; use cutlass.tensor_utils.TensorMapUpdateMode instead. It will be removed in a future release.
    from cutlass.utils import TensorMapManager, TensorMapUpdateMode

registered/kernels/ops/layernorm/test_qknorm.py::test_qknorm[1-2-8-64]
  /root/qvl/venv-sgl/lib/python3.12/site-packages/flashinfer/cute_dsl/availability.py:136: DeprecationWarning: Arch from arch.py is deprecated. Use Arch from enums.py instead.
    from cutlass.base_dsl.arch import Arch

registered/kernels/ops/layernorm/test_qknorm.py::test_qknorm[1-2-8-64]
registered/kernels/ops/layernorm/test_qknorm.py::test_qknorm[1-2-8-128]
registered/kernels/ops/layernorm/test_qknorm.py::test_qknorm[1-2-8-256]
registered/kernels/ops/layernorm/test_qknorm.py::test_qknorm[1-2-8-512]
registered/kernels/ops/layernorm/test_qknorm.py::test_qknorm[1-2-8-1024]
  /root/qvl/venv-sgl/lib/python3.12/site-packages/flashinfer/norm/kernels/rmsnorm.py:267: DeprecationWarning: cutlass.utils.smem_allocator.SmemAllocator is deprecated; use cutlass.memory.SmemAllocator instead. It will be removed in a future release.
    smem = cutlass.utils.SmemAllocator()

-- Docs: https://docs.pytest.org/en/stable/how-to/capture-warnings.html
560 passed, 23 warnings in 133.75s (0:02:13)
