check for broken symlinks..............................(no files to check)Skipped
detect destroyed symlinks..................................................Passed
trim trailing whitespace...................................................Passed
fix end of files...........................................................Passed
check yaml.............................................(no files to check)Skipped
check toml.............................................(no files to check)Skipped
check python ast...........................................................Passed
check for added large files................................................Passed
check for merge conflicts..................................................Passed
check that scripts with shebangs are executable............................Passed
detect private key.........................................................Passed
debug statements (python)..................................................Passed
don't commit to branch.....................................................Passed
isort......................................................................Passed
ruff (legacy alias)........................................................Passed
ruff format................................................................Passed
codespell..................................................................Passed
clang-format...............................................................Passed
nbstripout.............................................(no files to check)Skipped
forbid docs_new/ (renamed to docs/)....................(no files to check)Skipped
check chinese characters in multimodal_gen.............(no files to check)Skipped
sort CI_PERMISSIONS.json...............................(no files to check)Skipped
check for duplicate workflow job names.................(no files to check)Skipped
check rust-ext cache key prefix defaults match.........(no files to check)Skipped
reject bare pytest.main calls in __main__ blocks...........................Passed
validate registered test CI registries.................(no files to check)Skipped
reject CI-registered tests inside the sglang package.......................Passed
rustfmt sgl-model-gateway (nightly)....................(no files to check)Skipped
rustfmt experimental/sgl-router........................(no files to check)Skipped
clippy rust/ workspace (auto-fix)......................(no files to check)Skipped
rustfmt rust/ workspace................................(no files to check)Skipped
