[2026-10-07 19:52:58 TP0] Init parallel begin.
[2026-10-07 19:52:59 TP0] Init parallel ends. elapsed=0.29 s
[2026-10-07 19:52:59 TP0] Memory baseline taken. mem usage=0.00 GB
/root/qvl/venv-sgl/lib/python3.12/site-packages/torch/jit/_script.py:1491: FutureWarning: `torch.jit.script` is deprecated. Please switch to `torch.compile` or `torch.export`.
  warnings.warn(
/root/qvl/venv-sgl/lib/python3.12/site-packages/torch/jit/_script.py:1643: FutureWarning: `torch.jit.interface` is deprecated. Please use `torch.compile` instead.
  warnings.warn(
/root/qvl/venv-sgl/lib/python3.12/site-packages/torch/jit/_script.py:1491: FutureWarning: `torch.jit.script` is deprecated. Please switch to `torch.compile` or `torch.export`.
  warnings.warn(
[2026-10-07 19:53:00 TP0] Load weight begin. avail mem=266.92 GB
[2026-10-07 19:53:01 TP0] Multimodal attention backend not set. Use fa4.
[2026-10-07 19:53:01 TP0] Using fa4 as multimodal attention backend.
Multi-thread loading shards:   0% Completed | 0/2 [00:00<?, ?it/s]Multi-thread loading shards:  50% Completed | 1/2 [00:00<00:00,  1.14it/s]Multi-thread loading shards: 100% Completed | 2/2 [00:01<00:00,  1.06it/s]Multi-thread loading shards: 100% Completed | 2/2 [00:01<00:00,  1.07it/s]
[2026-10-07 19:53:03 TP0] Load weight end. elapsed=2.61 s, type=Qwen3VLForConditionalGeneration, avail mem=258.39 GB, mem usage=8.53 GB.
[2026-10-07 19:53:03 TP0] Reserving 0.10 GB of the KV budget for post-sizing multimodal allocations (feature-transport pools + embedding cache).
[2026-10-07 19:53:03 TP0] KV Cache is allocated. dtype: torch.bfloat16, #tokens: 1613440, K size: 110.79 GB, V size: 110.79 GB
[2026-10-07 19:53:03 TP0] Memory pool end. avail mem=33.65 GB
[2026-10-07 19:53:04 TP0] Disable prefill CUDA graph because cuda_graph_config resolved prefill.backend='disabled' (e.g. via --cuda-graph-backend-prefill=disabled or auto-disable rules).
[2026-10-07 19:53:04 TP0] Capture target decode CUDA graph begin. backend=full, num_tokens_per_req=1, bs=[1], avail mem=32.47 GB
  0%|          | 0/1 [00:00<?, ?it/s]Capturing batches (bs=1 avail_mem=32.47 GB):   0%|          | 0/1 [00:00<?, ?it/s]Capturing batches (bs=1 avail_mem=32.47 GB): 100%|██████████| 1/1 [00:03<00:00,  3.22s/it]Capturing batches (bs=1 avail_mem=32.47 GB): 100%|██████████| 1/1 [00:03<00:00,  3.22s/it]
[2026-10-07 19:53:08 TP0] Capture target decode CUDA graph end. elapsed=3.91 s, mem usage=-0.03 GB, avail mem=32.50 GB.
max_total_num_tokens=1613440
Warmup ...
Prefill. latency: 0.39585 s, throughput:  20694.47 token/s
Decode 0. Batch size: 1, latency: 0.16175 s, throughput:      6.18 token/s
Decode.  median latency: 0.16175 s, median throughput:      6.18 token/s
Total. latency:  0.558 s, throughput:  14694.97 token/s
Prefill. latency: 0.41551 s, throughput:  19715.40 token/s
Decode 0. Batch size: 1, latency: 0.00399 s, throughput:    250.36 token/s
Decode.  median latency: 0.00399 s, median throughput:    250.36 token/s
Total. latency:  0.420 s, throughput:  19532.45 token/s
Prefill. latency: 0.06684 s, throughput: 122568.42 token/s
Decode 0. Batch size: 1, latency: 0.00378 s, throughput:    264.32 token/s
Decode.  median latency: 0.00378 s, median throughput:    264.32 token/s
Total. latency:  0.071 s, throughput: 116030.43 token/s
Prefill. latency: 0.06542 s, throughput: 125226.63 token/s
Decode 0. Batch size: 1, latency: 0.00374 s, throughput:    267.27 token/s
Decode.  median latency: 0.00374 s, median throughput:    267.27 token/s
Total. latency:  0.069 s, throughput: 118480.67 token/s
Prefill. latency: 0.06803 s, throughput: 120419.41 token/s
Decode 0. Batch size: 1, latency: 0.00368 s, throughput:    271.47 token/s
Decode.  median latency: 0.00368 s, median throughput:    271.47 token/s
Total. latency:  0.072 s, throughput: 114261.80 token/s
Prefill. latency: 0.06395 s, throughput: 128103.48 token/s
Decode 0. Batch size: 1, latency: 0.00377 s, throughput:    265.04 token/s
Decode.  median latency: 0.00377 s, median throughput:    265.04 token/s
Total. latency:  0.068 s, throughput: 120995.97 token/s
Benchmark ...
Prefill. latency: 0.06696 s, throughput: 122341.93 token/s
Decode 0. Batch size: 1, latency: 0.00375 s, throughput:    266.53 token/s
Decode.  median latency: 0.00375 s, median throughput:    266.53 token/s
Total. latency:  0.071 s, throughput: 115878.83 token/s
Prefill. latency: 0.06602 s, throughput: 124088.10 token/s
Decode 0. Batch size: 1, latency: 0.00374 s, throughput:    267.31 token/s
Decode.  median latency: 0.00374 s, median throughput:    267.31 token/s
Total. latency:  0.070 s, throughput: 117462.21 token/s
Prefill. latency: 0.06946 s, throughput: 117931.74 token/s
Decode 0. Batch size: 1, latency: 0.00371 s, throughput:    269.85 token/s
Decode.  median latency: 0.00371 s, median throughput:    269.85 token/s
Total. latency:  0.073 s, throughput: 111986.36 token/s
Prefill. latency: 0.06769 s, throughput: 121027.35 token/s
Decode 0. Batch size: 1, latency: 0.00379 s, throughput:    264.07 token/s
Decode.  median latency: 0.00379 s, median throughput:    264.07 token/s
Total. latency:  0.071 s, throughput: 114642.90 token/s
Prefill. latency: 0.06531 s, throughput: 125423.85 token/s
Decode 0. Batch size: 1, latency: 0.00378 s, throughput:    264.28 token/s
Decode.  median latency: 0.00378 s, median throughput:    264.28 token/s
Total. latency:  0.069 s, throughput: 118584.56 token/s
Prefill. latency: 0.06671 s, throughput: 122792.34 token/s
Decode 0. Batch size: 1, latency: 0.00384 s, throughput:    260.38 token/s
Decode.  median latency: 0.00384 s, median throughput:    260.38 token/s
Total. latency:  0.071 s, throughput: 116136.79 token/s
Prefill. latency: 0.06667 s, throughput: 122864.88 token/s
Decode 0. Batch size: 1, latency: 0.00374 s, throughput:    267.45 token/s
Decode.  median latency: 0.00374 s, median throughput:    267.45 token/s
Total. latency:  0.070 s, throughput: 116369.18 token/s
Prefill. latency: 0.06777 s, throughput: 120870.56 token/s
Decode 0. Batch size: 1, latency: 0.00374 s, throughput:    267.22 token/s
Decode.  median latency: 0.00374 s, median throughput:    267.22 token/s
Total. latency:  0.072 s, throughput: 114573.72 token/s
Prefill. latency: 0.06890 s, throughput: 118888.97 token/s
Decode 0. Batch size: 1, latency: 0.00370 s, throughput:    270.08 token/s
Decode.  median latency: 0.00370 s, median throughput:    270.08 token/s
Total. latency:  0.073 s, throughput: 112853.85 token/s
Prefill. latency: 0.06455 s, throughput: 126901.89 token/s
Decode 0. Batch size: 1, latency: 0.00376 s, throughput:    266.30 token/s
Decode.  median latency: 0.00376 s, median throughput:    266.30 token/s
Total. latency:  0.068 s, throughput: 119954.92 token/s
Prefill. latency: 0.06674 s, throughput: 122749.80 token/s
Decode 0. Batch size: 1, latency: 0.00377 s, throughput:    265.55 token/s
Decode.  median latency: 0.00377 s, median throughput:    265.55 token/s
Total. latency:  0.071 s, throughput: 116221.83 token/s
Prefill. latency: 0.06563 s, throughput: 124827.37 token/s
Decode 0. Batch size: 1, latency: 0.00377 s, throughput:    265.42 token/s
Decode.  median latency: 0.00377 s, median throughput:    265.42 token/s
Total. latency:  0.069 s, throughput: 118078.83 token/s
